<html>
<body>
<pre>
<h1>µVision Build Log</h1>
<h2>Tool Versions:</h2>
IDE-Version: ¦ÌVision V5.24.2.0
Copyright (C) 2017 ARM Ltd and ARM Germany GmbH. All rights reserved.
License Information: ljh Microsoft, Microsoft, LIC=2TTQD-8T98H-68KFC-762YZ-CCLL9-Q8JGK
 
Tool Versions:
Toolchain:       MDK-ARM Professional  Version: 5.24.1
Toolchain Path:  C:\Keil_v5\ARM\ARMCC\Bin
C Compiler:      Armcc.exe V5.06 update 5 (build 528)
Assembler:       Armasm.exe V5.06 update 5 (build 528)
Linker/Locator:  ArmLink.exe V5.06 update 5 (build 528)
Library Manager: ArmAr.exe V5.06 update 5 (build 528)
Hex Converter:   FromElf.exe V5.06 update 5 (build 528)
CPU DLL:         SARMCM3.DLL V5.24.1
Dialog DLL:      DCM.DLL V1.16.0.0
Target DLL:      Segger\JL2CM3.dll V2.99.26.0
Dialog DLL:      TCM.DLL V1.32.0.0
 
<h2>Project:</h2>
C:\Users\Administrator\Documents\GitHub\Mower_project\Tesla_1.0.1.170516_Alpha\mdk_Prj\Tesla_1.0.0.170516_Alpha.uvprojx
Project File Date:  09/13/2017

<h2>Output:</h2>
*** Using Compiler 'V5.06 update 5 (build 528)', folder: 'C:\Keil_v5\ARM\ARMCC\Bin'
Build target 'Robot'
compiling motion_mag_line.c...
..\Algorithm\motion_mag_line.c(364): warning:  #9-D: nested comment is not allowed
                /*
..\Algorithm\motion_mag_line.c(457): warning:  #111-D: statement is unreachable
        return MOTION_WIRE_BODY_MISSING;
..\Algorithm\motion_mag_line.c(495): warning:  #550-D: variable "cOutput"  was set but never used
                float cOutput = 0;
..\Algorithm\motion_mag_line.c: 3 warnings, 0 errors
linking...
.\Objects\Tesla_1.0.0.170516_Alpha: Warning: L6330W: Undefined symbol VSymTab$$Base (referred from shell.o). Unused section has been removed.
.\Objects\Tesla_1.0.0.170516_Alpha: Warning: L6330W: Undefined symbol VSymTab$$Limit (referred from shell.o). Unused section has been removed.
Program Size: Code=87324 RO-data=26068 RW-data=2496 ZI-data=30672  
Finished: 0 information, 2 warning and 0 error messages.
FromELF: creating hex file...
".\Objects\Tesla_1.0.0.170516_Alpha" - 0 Error(s), 5 Warning(s).

<h2>Software Packages used:</h2>

Package Vendor: Keil
                http://www.keil.com/pack/Keil.STM32F4xx_DFP.2.11.0.pack
                Keil.STM32F4xx_DFP.2.11.0
                STMicroelectronics STM32F4 Series Device Support, Drivers and Examples

<h2>Collection of Component include folders:</h2>
  .\RTE\_Robot
  C:\Keil_v5\ARM\PACK\Keil\STM32F4xx_DFP\2.11.0\Drivers\CMSIS\Device\ST\STM32F4xx\Include

<h2>Collection of Component Files used:</h2>
Build Time Elapsed:  00:00:02
</pre>
</body>
</html>
