Component: ARM Compiler 5.06 update 5 (build 528) Tool: armlink [4d35e2]

==============================================================================

Section Cross References

    startup_stm32f429_439xx.o(STACK) refers (Special) to heapauxi.o(.text) for __use_two_region_memory
    startup_stm32f429_439xx.o(HEAP) refers (Special) to heapauxi.o(.text) for __use_two_region_memory
    startup_stm32f429_439xx.o(RESET) refers (Special) to heapauxi.o(.text) for __use_two_region_memory
    startup_stm32f429_439xx.o(RESET) refers to startup_stm32f429_439xx.o(STACK) for __initial_sp
    startup_stm32f429_439xx.o(RESET) refers to startup_stm32f429_439xx.o(.text) for Reset_Handler
    startup_stm32f429_439xx.o(RESET) refers to stm32f4xx_it.o(i.NMI_Handler) for NMI_Handler
    startup_stm32f429_439xx.o(RESET) refers to context_rvds.o(.text) for HardFault_Handler
    startup_stm32f429_439xx.o(RESET) refers to stm32f4xx_it.o(i.MemManage_Handler) for MemManage_Handler
    startup_stm32f429_439xx.o(RESET) refers to stm32f4xx_it.o(i.BusFault_Handler) for BusFault_Handler
    startup_stm32f429_439xx.o(RESET) refers to stm32f4xx_it.o(i.UsageFault_Handler) for UsageFault_Handler
    startup_stm32f429_439xx.o(RESET) refers to stm32f4xx_it.o(i.SVC_Handler) for SVC_Handler
    startup_stm32f429_439xx.o(RESET) refers to stm32f4xx_it.o(i.DebugMon_Handler) for DebugMon_Handler
    startup_stm32f429_439xx.o(RESET) refers to board.o(i.SysTick_Handler) for SysTick_Handler
    startup_stm32f429_439xx.o(RESET) refers to stm32f4xx_it.o(i.EXTI1_IRQHandler) for EXTI1_IRQHandler
    startup_stm32f429_439xx.o(RESET) refers to stm32f4xx_it.o(i.EXTI9_5_IRQHandler) for EXTI9_5_IRQHandler
    startup_stm32f429_439xx.o(RESET) refers to stm32f4xx_it.o(i.USART1_IRQHandler) for USART1_IRQHandler
    startup_stm32f429_439xx.o(RESET) refers to stm32f4xx_it.o(i.USART2_IRQHandler) for USART2_IRQHandler
    startup_stm32f429_439xx.o(RESET) refers to stm32f4xx_it.o(i.USART3_IRQHandler) for USART3_IRQHandler
    startup_stm32f429_439xx.o(RESET) refers to stm32f4xx_it.o(i.UART4_IRQHandler) for UART4_IRQHandler
    startup_stm32f429_439xx.o(RESET) refers to usart_driver.o(i.UART5_IRQHandler) for UART5_IRQHandler
    startup_stm32f429_439xx.o(RESET) refers to time_control.o(i.TIM6_DAC_IRQHandler) for TIM6_DAC_IRQHandler
    startup_stm32f429_439xx.o(RESET) refers to stm32f4xx_it.o(i.UART8_IRQHandler) for UART8_IRQHandler
    startup_stm32f429_439xx.o(.text) refers (Special) to heapauxi.o(.text) for __use_two_region_memory
    startup_stm32f429_439xx.o(.text) refers to mower_common.o(i.sys_power_control) for sys_power_control
    startup_stm32f429_439xx.o(.text) refers to system_stm32f4xx.o(i.SystemInit) for SystemInit
    startup_stm32f429_439xx.o(.text) refers to __main.o(!!!main) for __main
    startup_stm32f429_439xx.o(.text) refers to startup_stm32f429_439xx.o(HEAP) for Heap_Mem
    startup_stm32f429_439xx.o(.text) refers to startup_stm32f429_439xx.o(STACK) for Stack_Mem
    system_stm32f4xx.o(i.SystemCoreClockUpdate) refers to system_stm32f4xx.o(.data) for .data
    system_stm32f4xx.o(i.SystemInit) refers to system_stm32f4xx.o(i.SetSysClock) for SetSysClock
    application.o(i.imu_validation) refers to mpu6500_spi.o(i.get_mpu_info) for get_mpu_info
    application.o(i.imu_validation) refers to f2d.o(x$fpl$f2d) for __aeabi_f2d
    application.o(i.imu_validation) refers to dmul.o(x$fpl$dmul) for __aeabi_dmul
    application.o(i.imu_validation) refers to d2f.o(x$fpl$d2f) for __aeabi_d2f
    application.o(i.imu_validation) refers to ddiv.o(x$fpl$ddiv) for __aeabi_ddiv
    application.o(i.odo_validation) refers to encoder.o(i.get_left_encoder) for get_left_encoder
    application.o(i.odo_validation) refers to encoder.o(i.get_right_encoder) for get_right_encoder
    application.o(i.rt_application_init) refers to thread.o(i.rt_thread_create) for rt_thread_create
    application.o(i.rt_application_init) refers to thread.o(i.rt_thread_startup) for rt_thread_startup
    application.o(i.rt_application_init) refers to timer.o(i.rt_timer_init) for rt_timer_init
    application.o(i.rt_application_init) refers to timer.o(i.rt_timer_start) for rt_timer_start
    application.o(i.rt_application_init) refers to timer.o(i.rt_timer_create) for rt_timer_create
    application.o(i.rt_application_init) refers to thread.o(i.rt_thread_init) for rt_thread_init
    application.o(i.rt_application_init) refers to application.o(i.rt_init_thread_entry) for rt_init_thread_entry
    application.o(i.rt_application_init) refers to time_control.o(i.soft_timeout_10ms) for soft_timeout_10ms
    application.o(i.rt_application_init) refers to time_control.o(.bss) for timer_10ms
    application.o(i.rt_application_init) refers to time_control.o(i.soft_timeout_100ms) for soft_timeout_100ms
    application.o(i.rt_application_init) refers to time_control.o(.bss) for timer_100ms
    application.o(i.rt_application_init) refers to time_control.o(i.soft_timeout_1000ms) for soft_timeout_1000ms
[...]
    0x08000fbc   0x08000fbc   0x0000008c   Code   RO         4782    i.ADC_DMACmd        stm32f4xx_adc.o
    0x08001048   0x08001048   0x0000008c   Code   RO         4783    i.ADC_DMARequestAfterLastTransferCmd  stm32f4xx_adc.o
    0x080010d4   0x080010d4   0x00000198   Code   RO         4798    i.ADC_Init          stm32f4xx_adc.o
    0x0800126c   0x0800126c   0x00000174   Code   RO         4803    i.ADC_RegularChannelConfig  stm32f4xx_adc.o
    0x080013e0   0x080013e0   0x00000074   Code   RO         4805    i.ADC_SoftwareStartConv  stm32f4xx_adc.o
    0x08001454   0x08001454   0x00000002   Code   RO          385    i.BusFault_Handler  stm32f4xx_it.o
    0x08001456   0x08001456   0x00000002   PAD
    0x08001458   0x08001458   0x000000f4   Code   RO         5799    i.DMA_Cmd           stm32f4xx_dma.o
    0x0800154c   0x0800154c   0x00000284   Code   RO         5811    i.DMA_Init          stm32f4xx_dma.o
    0x080017d0   0x080017d0   0x00000002   Code   RO          386    i.DebugMon_Handler  stm32f4xx_it.o
    0x080017d2   0x080017d2   0x00000002   PAD
    0x080017d4   0x080017d4   0x00000038   Code   RO          387    i.EXTI1_IRQHandler  stm32f4xx_it.o
    0x0800180c   0x0800180c   0x00000048   Code   RO          388    i.EXTI9_5_IRQHandler  stm32f4xx_it.o
    0x08001854   0x08001854   0x0000005c   Code   RO         6086    i.EXTI_ClearITPendingBit  stm32f4xx_exti.o
    0x080018b0   0x080018b0   0x000000e0   Code   RO         6090    i.EXTI_GetITStatus  stm32f4xx_exti.o
    0x08001990   0x08001990   0x000000f4   Code   RO         6091    i.EXTI_Init         stm32f4xx_exti.o
    0x08001a84   0x08001a84   0x0000019c   Code   RO         6647    i.GPIO_Init         stm32f4xx_gpio.o
    0x08001c20   0x08001c20   0x0000016c   Code   RO         6648    i.GPIO_PinAFConfig  stm32f4xx_gpio.o
    0x08001d8c   0x08001d8c   0x00000124   Code   RO         6651    i.GPIO_ReadInputDataBit  stm32f4xx_gpio.o
    0x08001eb0   0x08001eb0   0x000000cc   Code   RO         6654    i.GPIO_ResetBits    stm32f4xx_gpio.o
    0x08001f7c   0x08001f7c   0x000000cc   Code   RO         6655    i.GPIO_SetBits      stm32f4xx_gpio.o
    0x08002048   0x08002048   0x000000c4   Code   RO         6657    i.GPIO_ToggleBits   stm32f4xx_gpio.o
    0x0800210c   0x0800210c   0x00000130   Code   RO         6659    i.GPIO_WriteBit     stm32f4xx_gpio.o
    0x0800223c   0x0800223c   0x00000002   Code   RO          389    i.MemManage_Handler  stm32f4xx_it.o
    0x0800223e   0x0800223e   0x00000002   PAD
    0x08002240   0x08002240   0x00000058   Code   RO         2373    i.Motion_Get_sensorData  motion_sense.o
    0x08002298   0x08002298   0x00000080   Code   RO         2125    i.Motion_Init       motion_control.o
    0x08002318   0x08002318   0x0000001c   Code   RO         2215    i.Motion_Init_2D_followLine_params  motion_imu.o
    0x08002334   0x08002334   0x0000001e   Code   RO         2126    i.Motion_Init_Zigzag  motion_control.o
    0x08002352   0x08002352   0x0000003e   Code   RO         2281    i.Motion_Norm_2D    motion_imu.o
    0x08002390   0x08002390   0x000000f0   Code   RO         2127    i.Motion_Process_Motor_Speed  motion_control.o
    0x08002480   0x08002480   0x00000002   Code   RO          390    i.NMI_Handler       stm32f4xx_it.o
    0x08002482   0x08002482   0x00000018   Code   RO          285    i.NVIC_Configuration  board.o
    0x0800249a   0x0800249a   0x00000002   PAD
    0x0800249c   0x0800249c   0x000000c4   Code   RO         4724    i.NVIC_Init         misc.o
    0x08002560   0x08002560   0x0000006c   Code   RO         4725    i.NVIC_PriorityGroupConfig  misc.o
    0x080025cc   0x080025cc   0x00000070   Code   RO         4726    i.NVIC_SetVectorTable  misc.o
    0x0800263c   0x0800263c   0x0000001c   Code   RO        10100    i.OP_add_byte       finsh_ops.o
    0x08002658   0x08002658   0x00000014   Code   RO        10101    i.OP_add_dword      finsh_ops.o
    0x0800266c   0x0800266c   0x0000001c   Code   RO        10102    i.OP_add_word       finsh_ops.o
    0x08002688   0x08002688   0x0000001c   Code   RO        10103    i.OP_and_byte       finsh_ops.o
    0x080026a4   0x080026a4   0x00000014   Code   RO        10104    i.OP_and_dword      finsh_ops.o
    0x080026b8   0x080026b8   0x0000001c   Code   RO        10105    i.OP_and_word       finsh_ops.o
    0x080026d4   0x080026d4   0x00000014   Code   RO        10106    i.OP_bw_byte        finsh_ops.o
    0x080026e8   0x080026e8   0x00000014   Code   RO        10107    i.OP_bw_dword       finsh_ops.o
    0x080026fc   0x080026fc   0x00000014   Code   RO        10108    i.OP_bw_word        finsh_ops.o
    0x08002710   0x08002710   0x000001f4   Code   RO        10109    i.OP_call           finsh_ops.o
    0x08002904   0x08002904   0x0000001c   Code   RO        10110    i.OP_div_byte       finsh_ops.o
    0x08002920   0x08002920   0x00000018   Code   RO        10111    i.OP_div_dword      finsh_ops.o
    0x08002938   0x08002938   0x0000001c   Code   RO        10112    i.OP_div_word       finsh_ops.o
    0x08002954   0x08002954   0x00000020   Code   RO        10113    i.OP_ld_byte        finsh_ops.o
    0x08002974   0x08002974   0x00000024   Code   RO        10114    i.OP_ld_dword       finsh_ops.o
    0x08002998   0x08002998   0x00000028   Code   RO        10115    i.OP_ld_value_byte  finsh_ops.o
    0x080029c0   0x080029c0   0x00000014   Code   RO        10116    i.OP_ld_value_byte_stack  finsh_ops.o
    0x080029d4   0x080029d4   0x00000028   Code   RO        10117    i.OP_ld_value_dword  finsh_ops.o
    0x080029fc   0x080029fc   0x00000014   Code   RO        10118    i.OP_ld_value_dword_stack  finsh_ops.o
    0x08002a10   0x08002a10   0x00000028   Code   RO        10119    i.OP_ld_value_word  finsh_ops.o
    0x08002a38   0x08002a38   0x00000014   Code   RO        10120    i.OP_ld_value_word_stack  finsh_ops.o
    0x08002a4c   0x08002a4c   0x00000020   Code   RO        10121    i.OP_ld_word        finsh_ops.o
    0x08002a6c   0x08002a6c   0x00000024   Code   RO        10122    i.OP_mod_byte       finsh_ops.o
    0x08002a90   0x08002a90   0x0000001c   Code   RO        10123    i.OP_mod_dword      finsh_ops.o
    0x08002aac   0x08002aac   0x00000024   Code   RO        10124    i.OP_mod_word       finsh_ops.o
    0x08002ad0   0x08002ad0   0x0000001c   Code   RO        10125    i.OP_mul_byte       finsh_ops.o
    0x08002aec   0x08002aec   0x00000014   Code   RO        10126    i.OP_mul_dword      finsh_ops.o
    0x08002b00   0x08002b00   0x0000001c   Code   RO        10127    i.OP_mul_word       finsh_ops.o
    0x08002b1c   0x08002b1c   0x00000002   Code   RO        10128    i.OP_no_op          finsh_ops.o
    0x08002b1e   0x08002b1e   0x00000002   PAD
    0x08002b20   0x08002b20   0x0000001c   Code   RO        10129    i.OP_or_byte        finsh_ops.o
    0x08002b3c   0x08002b3c   0x00000014   Code   RO        10130    i.OP_or_dword       finsh_ops.o
    0x08002b50   0x08002b50   0x0000001c   Code   RO        10131    i.OP_or_word        finsh_ops.o
    0x08002b6c   0x08002b6c   0x00000010   Code   RO        10132    i.OP_pop            finsh_ops.o
    0x08002b7c   0x08002b7c   0x0000001c   Code   RO        10133    i.OP_shl_byte       finsh_ops.o
    0x08002b98   0x08002b98   0x0000001c   Code   RO        10134    i.OP_shl_dword      finsh_ops.o
    0x08002bb4   0x08002bb4   0x0000001c   Code   RO        10135    i.OP_shl_word       finsh_ops.o
    0x08002bd0   0x08002bd0   0x0000001c   Code   RO        10136    i.OP_shr_byte       finsh_ops.o
    0x08002bec   0x08002bec   0x0000001c   Code   RO        10137    i.OP_shr_dword      finsh_ops.o
    0x08002c08   0x08002c08   0x0000001c   Code   RO        10138    i.OP_shr_word       finsh_ops.o
    0x08002c24   0x08002c24   0x0000001c   Code   RO        10139    i.OP_st_byte        finsh_ops.o
    0x08002c40   0x08002c40   0x00000018   Code   RO        10140    i.OP_st_dword       finsh_ops.o
    0x08002c58   0x08002c58   0x0000001c   Code   RO        10141    i.OP_st_word        finsh_ops.o
    0x08002c74   0x08002c74   0x0000001c   Code   RO        10142    i.OP_sub_byte       finsh_ops.o
    0x08002c90   0x08002c90   0x00000014   Code   RO        10143    i.OP_sub_dword      finsh_ops.o
    0x08002ca4   0x08002ca4   0x0000001c   Code   RO        10144    i.OP_sub_word       finsh_ops.o
    0x08002cc0   0x08002cc0   0x0000001c   Code   RO        10145    i.OP_xor_byte       finsh_ops.o
    0x08002cdc   0x08002cdc   0x00000014   Code   RO        10146    i.OP_xor_dword      finsh_ops.o
    0x08002cf0   0x08002cf0   0x0000001c   Code   RO        10147    i.OP_xor_word       finsh_ops.o
    0x08002d0c   0x08002d0c   0x0000007c   Code   RO         7399    i.RCC_AHB1PeriphClockCmd  stm32f4xx_rcc.o
    0x08002d88   0x08002d88   0x00000078   Code   RO         7405    i.RCC_AHB3PeriphClockCmd  stm32f4xx_rcc.o
    0x08002e00   0x08002e00   0x00000078   Code   RO         7408    i.RCC_APB1PeriphClockCmd  stm32f4xx_rcc.o
    0x08002e78   0x08002e78   0x00000078   Code   RO         7410    i.RCC_APB1PeriphResetCmd  stm32f4xx_rcc.o
    0x08002ef0   0x08002ef0   0x0000007c   Code   RO         7411    i.RCC_APB2PeriphClockCmd  stm32f4xx_rcc.o
    0x08002f6c   0x08002f6c   0x0000007c   Code   RO         7413    i.RCC_APB2PeriphResetCmd  stm32f4xx_rcc.o
    0x08002fe8   0x08002fe8   0x00000094   Code   RO         7420    i.RCC_GetClocksFreq  stm32f4xx_rcc.o
    0x0800307c   0x0800307c   0x000000ac   Code   RO         8563    i.SPI_Cmd           stm32f4xx_spi.o
    0x08003128   0x08003128   0x000000ec   Code   RO         8570    i.SPI_I2S_DeInit    stm32f4xx_spi.o
    0x08003214   0x08003214   0x000000d8   Code   RO         8571    i.SPI_I2S_GetFlagStatus  stm32f4xx_spi.o
    0x080032ec   0x080032ec   0x0000009c   Code   RO         8574    i.SPI_I2S_ReceiveData  stm32f4xx_spi.o
    0x08003388   0x08003388   0x0000009c   Code   RO         8575    i.SPI_I2S_SendData  stm32f4xx_spi.o
    0x08003424   0x08003424   0x00000188   Code   RO         8576    i.SPI_Init          stm32f4xx_spi.o
    0x080035ac   0x080035ac   0x00000002   Code   RO          391    i.SVC_Handler       stm32f4xx_it.o
    0x080035ae   0x080035ae   0x00000002   PAD
    0x080035b0   0x080035b0   0x000000e8   Code   RO         8728    i.SYSCFG_EXTILineConfig  stm32f4xx_syscfg.o
    0x08003698   0x08003698   0x000000d0   Code   RO           13    i.SetSysClock       system_stm32f4xx.o
    0x08003768   0x08003768   0x00000058   Code   RO         4728    i.SysTick_CLKSourceConfig  misc.o
    0x080037c0   0x080037c0   0x00000040   Code   RO          286    i.SysTick_Configuration  board.o
    0x08003800   0x08003800   0x00000012   Code   RO          287    i.SysTick_Handler   board.o
    0x08003812   0x08003812   0x00000002   PAD
    0x08003814   0x08003814   0x0000007c   Code   RO           14    i.SystemCoreClockUpdate  system_stm32f4xx.o
    0x08003890   0x08003890   0x0000005c   Code   RO           15    i.SystemInit        system_stm32f4xx.o
    0x080038ec   0x080038ec   0x00000050   Code   RO         3236    i.TIM6_DAC_IRQHandler  time_control.o
    0x0800393c   0x0800393c   0x000000dc   Code   RO         8793    i.TIM_ClearFlag     stm32f4xx_tim.o
    0x08003a18   0x08003a18   0x000000dc   Code   RO         8794    i.TIM_ClearITPendingBit  stm32f4xx_tim.o
    0x08003af4   0x08003af4   0x000000f8   Code   RO         8799    i.TIM_Cmd           stm32f4xx_tim.o
    0x08003bec   0x08003bec   0x00000088   Code   RO         8801    i.TIM_CtrlPWMOutputs  stm32f4xx_tim.o
    0x08003c74   0x08003c74   0x000000d8   Code   RO         8818    i.TIM_GetCounter    stm32f4xx_tim.o
    0x08003d4c   0x08003d4c   0x00000114   Code   RO         8820    i.TIM_GetITStatus   stm32f4xx_tim.o
    0x08003e60   0x08003e60   0x00000104   Code   RO         8824    i.TIM_ITConfig      stm32f4xx_tim.o
    0x08003f64   0x08003f64   0x000001b0   Code   RO         8828    i.TIM_OC1Init       stm32f4xx_tim.o
    0x08004114   0x08004114   0x000000dc   Code   RO         8831    i.TIM_OC1PreloadConfig  stm32f4xx_tim.o
    0x080041f0   0x080041f0   0x000001a8   Code   RO         8833    i.TIM_OC2Init       stm32f4xx_tim.o
    0x08004398   0x08004398   0x000000bc   Code   RO         8836    i.TIM_OC2PreloadConfig  stm32f4xx_tim.o
    0x08004454   0x08004454   0x00000190   Code   RO         8838    i.TIM_OC3Init       stm32f4xx_tim.o
    0x080045e4   0x080045e4   0x000000a0   Code   RO         8841    i.TIM_OC3PreloadConfig  stm32f4xx_tim.o
    0x08004684   0x08004684   0x0000013c   Code   RO         8843    i.TIM_OC4Init       stm32f4xx_tim.o
    0x080047c0   0x080047c0   0x000000a8   Code   RO         8845    i.TIM_OC4PreloadConfig  stm32f4xx_tim.o
    0x08004868   0x08004868   0x00000168   Code   RO         8871    i.TIM_TimeBaseInit  stm32f4xx_tim.o
    0x080049d0   0x080049d0   0x00000024   Code   RO          392    i.UART4_IRQHandler  stm32f4xx_it.o
    0x080049f4   0x080049f4   0x00000074   Code   RO         4645    i.UART5_IRQHandler  usart_driver.o
    0x08004a68   0x08004a68   0x0000003c   Code   RO          393    i.UART8_IRQHandler  stm32f4xx_it.o
    0x08004aa4   0x08004aa4   0x00000024   Code   RO          394    i.USART1_IRQHandler  stm32f4xx_it.o
    0x08004ac8   0x08004ac8   0x00000024   Code   RO          395    i.USART2_IRQHandler  stm32f4xx_it.o
    0x08004aec   0x08004aec   0x00000024   Code   RO          396    i.USART3_IRQHandler  stm32f4xx_it.o
    0x08004b10   0x08004b10   0x000000d4   Code   RO         9345    i.USART_Cmd         stm32f4xx_usart.o
    0x08004be4   0x08004be4   0x00000114   Code   RO         9348    i.USART_GetFlagStatus  stm32f4xx_usart.o
    0x08004cf8   0x08004cf8   0x0000016c   Code   RO         9349    i.USART_GetITStatus  stm32f4xx_usart.o
    0x08004e64   0x08004e64   0x00000158   Code   RO         9351    i.USART_ITConfig    stm32f4xx_usart.o
    0x08004fbc   0x08004fbc   0x00000208   Code   RO         9352    i.USART_Init        stm32f4xx_usart.o
    0x080051c4   0x080051c4   0x000000b8   Code   RO         9359    i.USART_ReceiveData  stm32f4xx_usart.o
    0x0800527c   0x0800527c   0x000000c8   Code   RO         9362    i.USART_SendData    stm32f4xx_usart.o
    0x08005344   0x08005344   0x00000002   Code   RO          397    i.UsageFault_Handler  stm32f4xx_it.o
    0x08005346   0x08005346   0x00000030   Code   RO        12305    i.__ARM_fpclassify  m_wm.l(fpclassify.o)
    0x08005376   0x08005376   0x00000026   Code   RO        12307    i.__ARM_fpclassifyf  m_wm.l(fpclassifyf.o)
    0x0800539c   0x0800539c   0x0000000c   Code   RO         1822    i.__ARM_isnanf      mu_att_ekf.o
    0x080053a8   0x080053a8   0x00000360   Code   RO        12108    i.__hardfp_asin     m_wm.l(asin.o)
    0x08005708   0x08005708   0x000002d8   Code   RO        12122    i.__hardfp_atan     m_wm.l(atan.o)
    0x080059e0   0x080059e0   0x000001f0   Code   RO        12136    i.__hardfp_atan2    m_wm.l(atan2.o)
    0x08005bd0   0x08005bd0   0x00000250   Code   RO        12148    i.__hardfp_atan2f   m_wm.l(atan2f.o)
    0x08005e20   0x08005e20   0x000000c8   Code   RO        12160    i.__hardfp_cos      m_wm.l(cos.o)
    0x08005ee8   0x08005ee8   0x00000118   Code   RO        12178    i.__hardfp_floor    m_wm.l(floor.o)
    0x08006000   0x08006000   0x000000c8   Code   RO        12212    i.__hardfp_sin      m_wm.l(sin.o)
    0x080060c8   0x080060c8   0x0000007a   Code   RO        12224    i.__hardfp_sqrt     m_wm.l(sqrt.o)
    0x08006142   0x08006142   0x0000003a   Code   RO        12236    i.__hardfp_sqrtf    m_wm.l(sqrtf.o)
    0x0800617c   0x0800617c   0x00000004   PAD
    0x08006180   0x08006180   0x00000438   Code   RO        12326    i.__ieee754_rem_pio2  m_wm.l(rred.o)
    0x080065b8   0x080065b8   0x00000170   Code   RO        12288    i.__kernel_cos      m_wm.l(cos_i.o)
    0x08006728   0x08006728   0x000000f8   Code   RO        12323    i.__kernel_poly     m_wm.l(poly.o)
    0x08006820   0x08006820   0x00000130   Code   RO        12331    i.__kernel_sin      m_wm.l(sin_i.o)
    0x08006950   0x08006950   0x00000014   Code   RO        12292    i.__mathlib_dbl_infnan  m_wm.l(dunder.o)
    0x08006964   0x08006964   0x00000014   Code   RO        12293    i.__mathlib_dbl_infnan2  m_wm.l(dunder.o)
    0x08006978   0x08006978   0x00000020   Code   RO        12294    i.__mathlib_dbl_invalid  m_wm.l(dunder.o)
    0x08006998   0x08006998   0x00000020   Code   RO        12297    i.__mathlib_dbl_underflow  m_wm.l(dunder.o)
    0x080069b8   0x080069b8   0x00000006   Code   RO        12311    i.__mathlib_flt_infnan2  m_wm.l(funder.o)
    0x080069be   0x080069be   0x00000002   PAD
    0x080069c0   0x080069c0   0x00000010   Code   RO        12315    i.__mathlib_flt_underflow  m_wm.l(funder.o)
    0x080069d0   0x080069d0   0x00000044   Code   RO        11228    i.__rt_ffs          kservice.o
    0x08006a14   0x08006a14   0x00000014   Code   RO        10892    i._has_defunct_thread  idle.o
    0x08006a28   0x08006a28   0x0000000e   Code   RO        12022    i._is_digit         c_w.l(__printf_wp.o)
    0x08006a36   0x08006a36   0x00000002   PAD
    0x08006a38   0x08006a38   0x0000008c   Code   RO         9671    i._list_device      cmd.o
    0x08006ac4   0x08006ac4   0x000000ec   Code   RO         9678    i._list_thread      cmd.o
    0x08006bb0   0x08006bb0   0x000000e4   Code   RO        11674    i._rt_scheduler_stack_check  scheduler.o
    0x08006c94   0x08006c94   0x000000d8   Code   RO        11754    i._rt_thread_init   thread.o
    0x08006d6c   0x08006d6c   0x00000026   Code   RO        11868    i._rt_timer_init    timer.o
    0x08006d92   0x08006d92   0x00000020   Code   RO        11869    i._rt_timer_remove  timer.o
    0x08006db2   0x08006db2   0x00000002   PAD
    0x08006db4   0x08006db4   0x000000c8   Code   RO         3479    i.adc_configuration  adc.o
    0x08006e7c   0x08006e7c   0x0000007c   Code   RO         3480    i.adc_gpio_configuration  adc.o
    0x08006ef8   0x08006ef8   0x0000006c   Code   RO         3481    i.adc_init          adc.o
    0x08006f64   0x08006f64   0x00000034   Code   RO         3074    i.all_dispaly       lcd12864_io_spi.o
    0x08006f98   0x08006f98   0x0000006c   Code   RO          348    i.assert_failed     startup.o
    0x08007004   0x08007004   0x00000010   Code   RO        12124    i.atan              m_wm.l(atan.o)
    0x08007014   0x08007014   0x0000064e   Code   RO         1823    i.att_mu_acc        mu_att_ekf.o
    0x08007662   0x08007662   0x00000002   PAD
    0x08007664   0x08007664   0x00000360   Code   RO         1886    i.att_tu            tu_att_ekf.o
    0x080079c4   0x080079c4   0x000000a0   Code   RO          741    i.back_text_parse   thread_ui.o
    0x08007a64   0x08007a64   0x00000014   Code   RO         3584    i.beep_ctrl         beep.o
    0x08007a78   0x08007a78   0x00000034   Code   RO         3585    i.beep_init         beep.o
    0x08007aac   0x08007aac   0x00000068   Code   RO         3586    i.beep_moniter      beep.o
    0x08007b14   0x08007b14   0x00000074   Code   RO         3075    i.charge_display    lcd12864_io_spi.o
    0x08007b88   0x08007b88   0x00000038   Code   RO         3076    i.clear_screen      lcd12864_io_spi.o
    0x08007bc0   0x08007bc0   0x00000034   Code   RO         3077    i.clock_setting_display  lcd12864_io_spi.o
    0x08007bf4   0x08007bf4   0x00000008   Code   RO         1566    i.custom_abs        math_custom.o
    0x08007bfc   0x08007bfc   0x00000020   Code   RO         3237    i.delay_1us         time_control.o
    0x08007c1c   0x08007c1c   0x0000001a   Code   RO         3238    i.delay_ms          time_control.o
    0x08007c36   0x08007c36   0x00000014   Code   RO         3239    i.delay_us          time_control.o
    0x08007c4a   0x08007c4a   0x00000002   PAD
    0x08007c4c   0x08007c4c   0x00000048   Code   RO         4162    i.disable_motor     motor.o
    0x08007c94   0x08007c94   0x00000084   Code   RO         3082    i.display_string_8x16  lcd12864_io_spi.o
    0x08007d18   0x08007d18   0x0000001c   Code   RO         3084    i.dividing_line     lcd12864_io_spi.o
    0x08007d34   0x08007d34   0x00000664   Code   RO         1722    i.ekf7_odom_mu      ekf7_odom_mu.o
    0x08008398   0x08008398   0x00000544   Code   RO         1747    i.ekf7_tu           ekf7_tu.o
    0x080088dc   0x080088dc   0x00000048   Code   RO         4163    i.enable_motor      motor.o
    0x08008924   0x08008924   0x0000007e   Code   RO         3681    i.encoder_exti_configuration  encoder.o
    0x080089a2   0x080089a2   0x00000002   PAD
    0x080089a4   0x080089a4   0x00000074   Code   RO         3682    i.encoder_init      encoder.o
    0x08008a18   0x08008a18   0x000000ca   Code   RO         2052    i.eul2quatf         eul2quatf.o
    0x08008ae2   0x08008ae2   0x00000018   Code   RO        12174    i.fabs              m_wm.l(fabs.o)
    0x08008afa   0x08008afa   0x00000020   Code   RO         9964    i.finsh_block_insert  finsh_heap.o
    0x08008b1a   0x08008b1a   0x0000006c   Code   RO         9965    i.finsh_block_merge  finsh_heap.o
    0x08008b86   0x08008b86   0x00000024   Code   RO         9966    i.finsh_block_remove  finsh_heap.o
    0x08008baa   0x08008baa   0x00000002   PAD
    0x08008bac   0x08008bac   0x00000708   Code   RO         9883    i.finsh_compile     finsh_compiler.o
    0x080092b4   0x080092b4   0x00000050   Code   RO         9884    i.finsh_compiler_run  finsh_compiler.o
    0x08009304   0x08009304   0x0000000c   Code   RO         9930    i.finsh_errno       finsh_error.o
    0x08009310   0x08009310   0x0000000c   Code   RO         9931    i.finsh_error_init  finsh_error.o
    0x0800931c   0x0800931c   0x0000000c   Code   RO         9932    i.finsh_error_set   finsh_error.o
    0x08009328   0x08009328   0x0000000c   Code   RO         9933    i.finsh_error_string  finsh_error.o
    0x08009334   0x08009334   0x00000012   Code   RO        10007    i.finsh_flush       finsh_init.o
    0x08009346   0x08009346   0x00000002   PAD
    0x08009348   0x08009348   0x000000b8   Code   RO         9967    i.finsh_heap_allocate  finsh_heap.o
    0x08009400   0x08009400   0x0000002c   Code   RO         9968    i.finsh_heap_free   finsh_heap.o
    0x0800942c   0x0800942c   0x00000028   Code   RO         9969    i.finsh_heap_init   finsh_heap.o
    0x08009454   0x08009454   0x0000001a   Code   RO        10008    i.finsh_init        finsh_init.o
    0x0800946e   0x0800946e   0x00000002   PAD
    0x08009470   0x08009470   0x00000030   Code   RO        10043    i.finsh_node_allocate  finsh_node.o
    0x080094a0   0x080094a0   0x00000014   Code   RO        10044    i.finsh_node_init   finsh_node.o
    0x080094b4   0x080094b4   0x0000001a   Code   RO        10045    i.finsh_node_new_char  finsh_node.o
    0x080094ce   0x080094ce   0x0000005e   Code   RO        10046    i.finsh_node_new_id  finsh_node.o
    0x0800952c   0x0800952c   0x0000001a   Code   RO        10047    i.finsh_node_new_int  finsh_node.o
    0x08009546   0x08009546   0x0000001a   Code   RO        10048    i.finsh_node_new_long  finsh_node.o
    0x08009560   0x08009560   0x0000001a   Code   RO        10049    i.finsh_node_new_ptr  finsh_node.o
    0x0800957a   0x0800957a   0x00000046   Code   RO        10050    i.finsh_node_new_string  finsh_node.o
    0x080095c0   0x080095c0   0x0000000c   Code   RO        10400    i.finsh_parser_init  finsh_parser.o
    0x080095cc   0x080095cc   0x000000a2   Code   RO        10401    i.finsh_parser_run  finsh_parser.o
    0x0800966e   0x0800966e   0x00000002   PAD
    0x08009670   0x08009670   0x000000b4   Code   RO        10681    i.finsh_run_line    shell.o
    0x08009724   0x08009724   0x00000068   Code   RO        10682    i.finsh_rx_ind      shell.o
    0x0800978c   0x0800978c   0x000000d8   Code   RO        10683    i.finsh_set_device  shell.o
    0x08009864   0x08009864   0x0000000c   Code   RO        10010    i.finsh_stack_bottom  finsh_init.o
    0x08009870   0x08009870   0x00000054   Code   RO        10623    i.finsh_syscall_lookup  finsh_vm.o
    0x080098c4   0x080098c4   0x00000014   Code   RO        10685    i.finsh_system_function_init  shell.o
    0x080098d8   0x080098d8   0x000000b0   Code   RO        10686    i.finsh_system_init  shell.o
    0x08009988   0x08009988   0x00000014   Code   RO        10687    i.finsh_system_var_init  shell.o
    0x0800999c   0x0800999c   0x00000054   Code   RO        10570    i.finsh_sysvar_lookup  finsh_var.o
    0x080099f0   0x080099f0   0x000003e4   Code   RO        10688    i.finsh_thread_entry  shell.o
    0x08009dd4   0x08009dd4   0x00000012   Code   RO        10502    i.finsh_token_init  finsh_token.o
    0x08009de6   0x08009de6   0x00000018   Code   RO        10503    i.finsh_token_token  finsh_token.o
    0x08009dfe   0x08009dfe   0x000000dc   Code   RO         9885    i.finsh_type_check  finsh_compiler.o
    0x08009eda   0x08009eda   0x00000002   PAD
    0x08009edc   0x08009edc   0x00000014   Code   RO        10572    i.finsh_var_init    finsh_var.o
    0x08009ef0   0x08009ef0   0x00000060   Code   RO        10573    i.finsh_var_insert  finsh_var.o
    0x08009f50   0x08009f50   0x00000038   Code   RO        10574    i.finsh_var_lookup  finsh_var.o
    0x08009f88   0x08009f88   0x00000034   Code   RO        10624    i.finsh_vm_run      finsh_vm.o
    0x08009fbc   0x08009fbc   0x00000010   Code   RO          742    i.form_init         thread_ui.o
    0x08009fcc   0x08009fcc   0x00000020   Code   RO          743    i.form_parse        thread_ui.o
    0x08009fec   0x08009fec   0x00000090   Code   RO         1103    i.frame_alignment   thread_imu.o
    0x0800a07c   0x0800a07c   0x0000004c   Code   RO         2880    i.front_bumper_init  bumper_front.o
    0x0800a0c8   0x0800a0c8   0x00000058   Code   RO         4341    i.get_acc           mpu6500_spi.o
    0x0800a120   0x0800a120   0x0000000c   Code   RO         3482    i.get_adc_value     adc.o
    0x0800a12c   0x0800a12c   0x0000000e   Code   RO         1567    i.get_bound_data    math_custom.o
    0x0800a13a   0x0800a13a   0x00000002   PAD
    0x0800a13c   0x0800a13c   0x00000040   Code   RO         3683    i.get_encoder_info  encoder.o
    0x0800a17c   0x0800a17c   0x00000048   Code   RO         2881    i.get_front_bumper_info  bumper_front.o
    0x0800a1c4   0x0800a1c4   0x0000006c   Code   RO          525    i.get_gps_data      thread_gps.o
    0x0800a230   0x0800a230   0x00000058   Code   RO         4342    i.get_gyro          mpu6500_spi.o
    0x0800a288   0x0800a288   0x0000000c   Code   RO         3974    i.get_iic2_sda      iic2.o
    0x0800a294   0x0800a294   0x0000000c   Code   RO         3880    i.get_iic_sda       iic.o
    0x0800a2a0   0x0800a2a0   0x00000068   Code   RO         3684    i.get_left_encoder  encoder.o
    0x0800a308   0x0800a308   0x00000024   Code   RO         4068    i.get_mag_info      ist8310.o
    0x0800a32c   0x0800a32c   0x00000024   Code   RO         4115    i.get_mag_info2     ist83102.o
    0x0800a350   0x0800a350   0x00000010   Code   RO         4164    i.get_motor_current  motor.o
    0x0800a360   0x0800a360   0x00000064   Code   RO         4165    i.get_motor_info    motor.o
    0x0800a3c4   0x0800a3c4   0x00000034   Code   RO         4343    i.get_mpu_info      mpu6500_spi.o
    0x0800a3f8   0x0800a3f8   0x00000068   Code   RO         3686    i.get_right_encoder  encoder.o
    0x0800a460   0x0800a460   0x00000030   Code   RO         4562    i.get_sonar_info    sonar.o
    0x0800a490   0x0800a490   0x00000028   Code   RO         4344    i.get_temp          mpu6500_spi.o
    0x0800a4b8   0x0800a4b8   0x00000024   Code   RO         3240    i.get_time_diff1    time_control.o
    0x0800a4dc   0x0800a4dc   0x00000024   Code   RO         3241    i.get_time_diff2    time_control.o
    0x0800a500   0x0800a500   0x0000003c   Code   RO         3242    i.get_time_stamp    time_control.o
    0x0800a53c   0x0800a53c   0x00000048   Code   RO         3000    i.get_wheel_up_info  wheel_up.o
    0x0800a584   0x0800a584   0x00000280   Code   RO         1003    i.gpio_configuration  mower_hw_config.o
    0x0800a804   0x0800a804   0x0000003c   Code   RO         1106    i.grav_acc          thread_imu.o
    0x0800a840   0x0800a840   0x00000018   Code   RO          744    i.gui_data_init     thread_ui.o
    0x0800a858   0x0800a858   0x0000007c   Code   RO          745    i.gui_init          thread_ui.o
    0x0800a8d4   0x0800a8d4   0x0000007c   Code   RO         1038    i.gui_menu_init     menu.o
    0x0800a950   0x0800a950   0x00000058   Code   RO          746    i.gui_update        thread_ui.o
    0x0800a9a8   0x0800a9a8   0x00000118   Code   RO         3345    i.gyro_bias_init    hardware.o
    0x0800aac0   0x0800aac0   0x000002cc   Code   RO         1911    i.hampel            hampel.o
    0x0800ad8c   0x0800ad8c   0x00000184   Code   RO         1107    i.hampel_imu        thread_imu.o
    0x0800af10   0x0800af10   0x00000042   Code   RO         3346    i.hardware_init     hardware.o
    0x0800af52   0x0800af52   0x00000002   PAD
    0x0800af54   0x0800af54   0x00000174   Code   RO         1039    i.home_form_init    menu.o
    0x0800b0c8   0x0800b0c8   0x0000002e   Code   RO         3975    i.iic2_ack          iic2.o
    0x0800b0f6   0x0800b0f6   0x00000002   PAD
    0x0800b0f8   0x0800b0f8   0x0000005c   Code   RO         3976    i.iic2_init         iic2.o
    0x0800b154   0x0800b154   0x0000002e   Code   RO         3977    i.iic2_nack         iic2.o
    0x0800b182   0x0800b182   0x0000004a   Code   RO         3978    i.iic2_read_byte    iic2.o
    0x0800b1cc   0x0800b1cc   0x0000002c   Code   RO         3979    i.iic2_sda_in       iic2.o
    0x0800b1f8   0x0800b1f8   0x00000028   Code   RO         3980    i.iic2_sda_out      iic2.o
    0x0800b220   0x0800b220   0x0000004a   Code   RO         3981    i.iic2_send_byte    iic2.o
    0x0800b26a   0x0800b26a   0x0000002e   Code   RO         3982    i.iic2_start        iic2.o
    0x0800b298   0x0800b298   0x0000002e   Code   RO         3983    i.iic2_stop         iic2.o
    0x0800b2c6   0x0800b2c6   0x00000042   Code   RO         3984    i.iic2_wait_ack     iic2.o
    0x0800b308   0x0800b308   0x0000002e   Code   RO         3881    i.iic_ack           iic.o
    0x0800b336   0x0800b336   0x00000002   PAD
    0x0800b338   0x0800b338   0x0000005c   Code   RO         3882    i.iic_init          iic.o
    0x0800b394   0x0800b394   0x0000002e   Code   RO         3883    i.iic_nack          iic.o
    0x0800b3c2   0x0800b3c2   0x0000004a   Code   RO         3884    i.iic_read_byte     iic.o
    0x0800b40c   0x0800b40c   0x0000002c   Code   RO         3885    i.iic_sda_in        iic.o
    0x0800b438   0x0800b438   0x00000028   Code   RO         3886    i.iic_sda_out       iic.o
    0x0800b460   0x0800b460   0x0000004a   Code   RO         3887    i.iic_send_byte     iic.o
    0x0800b4aa   0x0800b4aa   0x0000002e   Code   RO         3888    i.iic_start         iic.o
    0x0800b4d8   0x0800b4d8   0x0000002e   Code   RO         3889    i.iic_stop          iic.o
    0x0800b506   0x0800b506   0x00000042   Code   RO         3890    i.iic_wait_ack      iic.o
    0x0800b548   0x0800b548   0x000001c4   Code   RO          173    i.imu_validation    application.o
    0x0800b70c   0x0800b70c   0x00000028   Code   RO          398    i.inverse_level     stm32f4xx_it.o
    0x0800b734   0x0800b734   0x00000042   Code   RO         4116    i.ist8310_iic2_read_register  ist83102.o
    0x0800b776   0x0800b776   0x0000003e   Code   RO         4117    i.ist8310_iic2_write_register  ist83102.o
    0x0800b7b4   0x0800b7b4   0x00000042   Code   RO         4069    i.ist8310_iic_read_register  ist8310.o
    0x0800b7f6   0x0800b7f6   0x0000003e   Code   RO         4070    i.ist8310_iic_write_register  ist8310.o
    0x0800b834   0x0800b834   0x00000238   Code   RO         2812    i.key_check_d       key.o
    0x0800ba6c   0x0800ba6c   0x0000001c   Code   RO         2813    i.key_hw_config     key.o
    0x0800ba88   0x0800ba88   0x000000cc   Code   RO         2814    i.key_scan          key.o
    0x0800bb54   0x0800bb54   0x00000014   Code   RO          688    i.key_thread_variable_init  thread_key.o
    0x0800bb68   0x0800bb68   0x00000002   Code   RO         2815    i.key_variable_init  key.o
    0x0800bb6a   0x0800bb6a   0x00000002   PAD
    0x0800bb6c   0x0800bb6c   0x000001ac   Code   RO          747    i.label_2_gui_ram   thread_ui.o
    0x0800bd18   0x0800bd18   0x0000001a   Code   RO          748    i.label_add         thread_ui.o
    0x0800bd32   0x0800bd32   0x00000002   PAD
    0x0800bd34   0x0800bd34   0x000000b0   Code   RO          749    i.label_parse       thread_ui.o
    0x0800bde4   0x0800bde4   0x0000008c   Code   RO         3086    i.lcd12864_st7565r_init  lcd12864_io_spi.o
    0x0800be70   0x0800be70   0x00000030   Code   RO         3087    i.lcd_address       lcd12864_io_spi.o
    0x0800bea0   0x0800bea0   0x00000034   Code   RO         2478    i.lcd_clear         lcd.o
    0x0800bed4   0x0800bed4   0x000000d8   Code   RO         2480    i.lcd_display_dir   lcd.o
    0x0800bfac   0x0800bfac   0x00000060   Code   RO         2487    i.lcd_fast_draw_point  lcd.o
    0x0800c00c   0x0800c00c   0x0000106c   Code   RO         2491    i.lcd_nt35510_init  lcd.o
    0x0800d078   0x0800d078   0x00000014   Code   RO         2492    i.lcd_read_data_16bit  lcd.o
    0x0800d08c   0x0800d08c   0x000001b8   Code   RO         2495    i.lcd_scan_dir      lcd.o
    0x0800d244   0x0800d244   0x00000104   Code   RO         2496    i.lcd_set_cursor    lcd.o
    0x0800d348   0x0800d348   0x000000dc   Code   RO         2498    i.lcd_show_char     lcd.o
    0x0800d424   0x0800d424   0x00000054   Code   RO         2500    i.lcd_show_string   lcd.o
    0x0800d478   0x0800d478   0x00000018   Code   RO         2503    i.lcd_write_data_16bit  lcd.o
    0x0800d490   0x0800d490   0x00000014   Code   RO         2505    i.lcd_write_ram_prepare  lcd.o
    0x0800d4a4   0x0800d4a4   0x00000018   Code   RO         2506    i.lcd_write_reg_16bit  lcd.o
    0x0800d4bc   0x0800d4bc   0x00000010   Code   RO         2507    i.lcd_write_reg_data  lcd.o
    0x0800d4cc   0x0800d4cc   0x0000004c   Code   RO         3088    i.led_test          lcd12864_io_spi.o
    0x0800d518   0x0800d518   0x0000000c   Code   RO         9682    i.list_device       cmd.o
    0x0800d524   0x0800d524   0x0000006c   Code   RO        11421    i.list_mem          mem.o
    0x0800d590   0x0800d590   0x000001f0   Code   RO         9688    i.list_prefix       cmd.o
    0x0800d780   0x0800d780   0x0000000c   Code   RO         9690    i.list_thread       cmd.o
    0x0800d78c   0x0800d78c   0x00000140   Code   RO         3348    i.mag_cali_init     hardware.o
    0x0800d8cc   0x0800d8cc   0x00000120   Code   RO         1979    i.mag_ellipse_mapping  map_ellipse_mapping.o
    0x0800d9ec   0x0800d9ec   0x00000024   Code   RO         4071    i.mag_init          ist8310.o
    0x0800da10   0x0800da10   0x00000024   Code   RO         4118    i.mag_init2         ist83102.o
    0x0800da34   0x0800da34   0x0000000e   Code   RO          349    i.main              startup.o
    0x0800da42   0x0800da42   0x00000020   Code   RO        10402    i.make_sys_node     finsh_parser.o
    0x0800da62   0x0800da62   0x00000002   PAD
    0x0800da64   0x0800da64   0x00000134   Code   RO         1912    i.medianf           hampel.o
    0x0800db98   0x0800db98   0x00000024   Code   RO         3089    i.mini_clock_display  lcd12864_io_spi.o
    0x0800dbbc   0x0800dbbc   0x00000020   Code   RO         4166    i.motor_brake       motor.o
    0x0800dbdc   0x0800dbdc   0x00000020   Code   RO         4167    i.motor_brake_release  motor.o
    0x0800dbfc   0x0800dbfc   0x00000100   Code   RO         4168    i.motor_gpio_configuration  motor.o
    0x0800dcfc   0x0800dcfc   0x00000012   Code   RO         4169    i.motor_init        motor.o
    0x0800dd0e   0x0800dd0e   0x00000002   PAD
    0x0800dd10   0x0800dd10   0x000000ac   Code   RO         4170    i.motor_pwm_configuration  motor.o
    0x0800ddbc   0x0800ddbc   0x00000020   Code   RO         1459    i.mower_border_detect_thread  thread_border_detect.o
    0x0800dddc   0x0800dddc   0x00000188   Code   RO          529    i.mower_gps_thread  thread_gps.o
    0x0800df64   0x0800df64   0x00000164   Code   RO         1108    i.mower_imu_thread  thread_imu.o
    0x0800e0c8   0x0800e0c8   0x00000048   Code   RO         1257    i.mower_monitor_thread  thread_monitor.o
    0x0800e110   0x0800e110   0x0000003c   Code   RO         1285    i.mower_motion_thread  thread_motion.o
    0x0800e14c   0x0800e14c   0x00000084   Code   RO          750    i.mower_ui_thread   thread_ui.o
    0x0800e1d0   0x0800e1d0   0x0000002c   Code   RO         1431    i.mower_updata_thread  thread_updata.o
    0x0800e1fc   0x0800e1fc   0x0000001c   Code   RO         1487    i.mower_wireless_thread  thread_wireless.o
    0x0800e218   0x0800e218   0x0000008c   Code   RO         4345    i.mpu6500_gpio_configuration  mpu6500_spi.o
    0x0800e2a4   0x0800e2a4   0x0000003c   Code   RO         4346    i.mpu6500_spi_read_register  mpu6500_spi.o
    0x0800e2e0   0x0800e2e0   0x00000038   Code   RO         4347    i.mpu6500_spi_txrx  mpu6500_spi.o
    0x0800e318   0x0800e318   0x00000038   Code   RO         4348    i.mpu6500_spi_write_register  mpu6500_spi.o
    0x0800e350   0x0800e350   0x000000a4   Code   RO         4349    i.mpu_init          mpu6500_spi.o
    0x0800e3f4   0x0800e3f4   0x000001ec   Code   RO         1109    i.mpu_preprocessing  thread_imu.o
    0x0800e5e0   0x0800e5e0   0x00000090   Code   RO         1824    i.norm3             mu_att_ekf.o
    0x0800e670   0x0800e670   0x00000068   Code   RO         1913    i.nullAssignment    hampel.o
    0x0800e6d8   0x0800e6d8   0x00000032   Code   RO          174    i.odo_validation    application.o
    0x0800e70a   0x0800e70a   0x00000002   PAD
    0x0800e70c   0x0800e70c   0x00000050   Code   RO         2100    i.odom_preprocessing  odom_preprocessing.o
    0x0800e75c   0x0800e75c   0x000000b8   Code   RO         1004    i.peripheral_hw_config  mower_hw_config.o
    0x0800e814   0x0800e814   0x00000134   Code   RO        11422    i.plug_holes        mem.o
    0x0800e948   0x0800e948   0x0000002c   Code   RO          530    i.pos_init          thread_gps.o
    0x0800e974   0x0800e974   0x00000088   Code   RO         4426    i.power_control_init  power.o
    0x0800e9fc   0x0800e9fc   0x00000128   Code   RO        11230    i.print_number      kservice.o
    0x0800eb24   0x0800eb24   0x0000004c   Code   RO        10403    i.proc_additive_expr  finsh_parser.o
    0x0800eb70   0x0800eb70   0x00000038   Code   RO        10404    i.proc_and_expr     finsh_parser.o
    0x0800eba8   0x0800eba8   0x00000058   Code   RO        10405    i.proc_assign_expr  finsh_parser.o
    0x0800ec00   0x0800ec00   0x00000042   Code   RO        10406    i.proc_cast_expr    finsh_parser.o
    0x0800ec42   0x0800ec42   0x00000038   Code   RO        10407    i.proc_exclusive_or_expr  finsh_parser.o
    0x0800ec7a   0x0800ec7a   0x00000004   Code   RO        10408    i.proc_expr         finsh_parser.o
    0x0800ec7e   0x0800ec7e   0x00000032   Code   RO        10409    i.proc_expr_statement  finsh_parser.o
    0x0800ecb0   0x0800ecb0   0x0000002a   Code   RO        10410    i.proc_identifier   finsh_parser.o
    0x0800ecda   0x0800ecda   0x0000005a   Code   RO        10411    i.proc_multiplicative_expr  finsh_parser.o
    0x0800ed34   0x0800ed34   0x000000ac   Code   RO        10412    i.proc_postfix_expr  finsh_parser.o
    0x0800ede0   0x0800ede0   0x000000a8   Code   RO        10413    i.proc_primary_expr  finsh_parser.o
    0x0800ee88   0x0800ee88   0x0000004c   Code   RO        10414    i.proc_shift_expr   finsh_parser.o
    0x0800eed4   0x0800eed4   0x000000d2   Code   RO        10415    i.proc_type         finsh_parser.o
    0x0800efa6   0x0800efa6   0x0000009a   Code   RO        10416    i.proc_unary_expr   finsh_parser.o
    0x0800f040   0x0800f040   0x00000184   Code   RO        10417    i.proc_variable_decl  finsh_parser.o
    0x0800f1c4   0x0800f1c4   0x00000034   Code   RO         4563    i.process_left_sonar  sonar.o
    0x0800f1f8   0x0800f1f8   0x0000005c   Code   RO         4564    i.process_left_sonar_falling  sonar.o
    0x0800f254   0x0800f254   0x00000018   Code   RO         4565    i.process_left_sonar_rising  sonar.o
    0x0800f26c   0x0800f26c   0x00000034   Code   RO         4566    i.process_right_sonar  sonar.o
    0x0800f2a0   0x0800f2a0   0x0000005c   Code   RO         4567    i.process_right_sonar_falling  sonar.o
    0x0800f2fc   0x0800f2fc   0x00000018   Code   RO         4568    i.process_right_sonar_rising  sonar.o
    0x0800f314   0x0800f314   0x00000028   Code   RO         4171    i.pwm_ctrl_disable  motor.o
    0x0800f33c   0x0800f33c   0x0000001c   Code   RO         4172    i.pwm_ctrl_enable   motor.o
    0x0800f358   0x0800f358   0x00000166   Code   RO         1862    i.quat2eulf         quat2eulf.o
    0x0800f4be   0x0800f4be   0x00000072   Code   RO         1110    i.quat_norm         thread_imu.o
    0x0800f530   0x0800f530   0x00000002   Code   RO         3039    i.rainbow_led_hw_config  rainbow_led.o
    0x0800f532   0x0800f532   0x00000002   PAD
    0x0800f534   0x0800f534   0x00000018   Code   RO         3040    i.rainbow_led_variable_init  rainbow_led.o
    0x0800f54c   0x0800f54c   0x00000010   Code   RO         3688    i.reset_encoder     encoder.o
    0x0800f55c   0x0800f55c   0x00000010   Code   RO         2882    i.reset_front_bumper  bumper_front.o
    0x0800f56c   0x0800f56c   0x00000018   Code   RO         4173    i.reset_motor       motor.o
    0x0800f584   0x0800f584   0x0000007c   Code   RO         1608    i.reset_motor_control  motor_control.o
    0x0800f600   0x0800f600   0x00000010   Code   RO         3001    i.reset_wheel_up    wheel_up.o
    0x0800f610   0x0800f610   0x0000010c   Code   RO         1111    i.rot_update        thread_imu.o
    0x0800f71c   0x0800f71c   0x00000244   Code   RO          175    i.rt_application_init  application.o
    0x0800f960   0x0800f960   0x0000000c   Code   RO        11231    i.rt_console_get_device  kservice.o
    0x0800f96c   0x0800f96c   0x00000028   Code   RO        11232    i.rt_console_set_device  kservice.o
    0x0800f994   0x0800f994   0x00000040   Code   RO        11233    i.rt_debug          kservice.o
    0x0800f9d4   0x0800f9d4   0x00000088   Code   RO        10812    i.rt_device_close   device.o
    0x0800fa5c   0x0800fa5c   0x00000050   Code   RO        10814    i.rt_device_find    device.o
    0x0800faac   0x0800faac   0x00000120   Code   RO        10817    i.rt_device_open    device.o
    0x0800fbcc   0x0800fbcc   0x0000008c   Code   RO        10818    i.rt_device_read    device.o
    0x0800fc58   0x0800fc58   0x00000030   Code   RO        10819    i.rt_device_register  device.o
    0x0800fc88   0x0800fc88   0x0000005c   Code   RO        10820    i.rt_device_set_rx_indicate  device.o
    0x0800fce4   0x0800fce4   0x0000008c   Code   RO        10823    i.rt_device_write   device.o
    0x0800fd70   0x0800fd70   0x0000001c   Code   RO        11676    i.rt_enter_critical  scheduler.o
    0x0800fd8c   0x0800fd8c   0x0000007c   Code   RO        10938    i.rt_event_init     ipc.o
    0x0800fe08   0x0800fe08   0x00000218   Code   RO        10939    i.rt_event_recv     ipc.o
    0x08010020   0x08010020   0x000000f0   Code   RO        10940    i.rt_event_send     ipc.o
    0x08010110   0x08010110   0x00000030   Code   RO        11677    i.rt_exit_critical  scheduler.o
    0x08010140   0x08010140   0x000001c0   Code   RO        11424    i.rt_free           mem.o
    0x08010300   0x08010300   0x0000003c   Code   RO          288    i.rt_hw_board_init  board.o
    0x0801033c   0x0801033c   0x00000002   Code   RO        11236    i.rt_hw_console_output  kservice.o
    0x0801033e   0x0801033e   0x00000002   PAD
    0x08010340   0x08010340   0x00000108   Code   RO         9598    i.rt_hw_hard_fault_exception  cpuport.o
    0x08010448   0x08010448   0x00000094   Code   RO         2816    i.rt_hw_key_register  key.o
    0x080104dc   0x080104dc   0x00000088   Code   RO         2509    i.rt_hw_lcd_register  lcd.o
    0x08010564   0x08010564   0x000000d4   Code   RO         2705    i.rt_hw_serial_register  serial.o
    0x08010638   0x08010638   0x0000003c   Code   RO         9599    i.rt_hw_stack_init  cpuport.o
    0x08010674   0x08010674   0x00000158   Code   RO         2778    i.rt_hw_usart_init  usart.o
    0x080107cc   0x080107cc   0x00000074   Code   RO          176    i.rt_init_thread_entry  application.o
    0x08010840   0x08010840   0x0000001c   Code   RO        11198    i.rt_interrupt_enter  irq.o
    0x0801085c   0x0801085c   0x0000000c   Code   RO        11199    i.rt_interrupt_get_nest  irq.o
    0x08010868   0x08010868   0x0000001c   Code   RO        11200    i.rt_interrupt_leave  irq.o
    0x08010884   0x08010884   0x0000000e   Code   RO        10941    i.rt_ipc_list_resume  ipc.o
    0x08010892   0x08010892   0x00000050   Code   RO        10943    i.rt_ipc_list_suspend  ipc.o
    0x080108e2   0x080108e2   0x00000010   Code   RO         2818    i.rt_key_init       key.o
    0x080108f2   0x080108f2   0x00000002   PAD
    0x080108f4   0x080108f4   0x00000048   Code   RO        11237    i.rt_kprintf        kservice.o
    0x0801093c   0x0801093c   0x0000000e   Code   RO        11572    i.rt_list_insert_after  object.o
    0x0801094a   0x0801094a   0x0000000e   Code   RO        11755    i.rt_list_insert_after  thread.o
    0x08010958   0x08010958   0x0000000e   Code   RO        11870    i.rt_list_insert_after  timer.o
    0x08010966   0x08010966   0x0000000e   Code   RO        10944    i.rt_list_insert_before  ipc.o
    0x08010974   0x08010974   0x0000000e   Code   RO        10945    i.rt_list_isempty   ipc.o
    0x08010982   0x08010982   0x0000000e   Code   RO        11871    i.rt_list_isempty   timer.o
    0x08010990   0x08010990   0x00000012   Code   RO        11573    i.rt_list_remove    object.o
    0x080109a2   0x080109a2   0x00000012   Code   RO        11756    i.rt_list_remove    thread.o
    0x080109b4   0x080109b4   0x00000260   Code   RO        11426    i.rt_malloc         mem.o
    0x08010c14   0x08010c14   0x0000002e   Code   RO        11241    i.rt_memmove        kservice.o
    0x08010c42   0x08010c42   0x00000044   Code   RO        11242    i.rt_memset         kservice.o
    0x08010c86   0x08010c86   0x00000002   PAD
    0x08010c88   0x08010c88   0x00000184   Code   RO        11502    i.rt_mp_alloc       mempool.o
    0x08010e0c   0x08010e0c   0x000000bc   Code   RO        11509    i.rt_mp_init        mempool.o
    0x08010ec8   0x08010ec8   0x000000d4   Code   RO        11574    i.rt_object_allocate  object.o
    0x08010f9c   0x08010f9c   0x000000d4   Code   RO        11576    i.rt_object_delete  object.o
    0x08011070   0x08011070   0x0000007c   Code   RO        11577    i.rt_object_detach  object.o
    0x080110ec   0x080110ec   0x00000048   Code   RO        11581    i.rt_object_init    object.o
    0x08011134   0x08011134   0x00000068   Code   RO        11582    i.rt_object_is_systemobject  object.o
    0x0801119c   0x0801119c   0x0000006c   Code   RO        11678    i.rt_schedule       scheduler.o
    0x08011208   0x08011208   0x0000009c   Code   RO        11679    i.rt_schedule_insert_thread  scheduler.o
    0x080112a4   0x080112a4   0x000000a0   Code   RO        11680    i.rt_schedule_remove_thread  scheduler.o
    0x08011344   0x08011344   0x00000074   Code   RO        10973    i.rt_sem_init       ipc.o
    0x080113b8   0x080113b8   0x0000004c   Code   RO        10974    i.rt_sem_release    ipc.o
    0x08011404   0x08011404   0x000001ac   Code   RO        10975    i.rt_sem_take       ipc.o
    0x080115b0   0x080115b0   0x00000004   Code   RO         2706    i.rt_serial_close   serial.o
    0x080115b4   0x080115b4   0x00000084   Code   RO         2707    i.rt_serial_control  serial.o
    0x08011638   0x08011638   0x00000078   Code   RO         2708    i.rt_serial_enable_dma  serial.o
    0x080116b0   0x080116b0   0x000000d0   Code   RO         2709    i.rt_serial_init    serial.o
    0x08011780   0x08011780   0x00000004   Code   RO         2710    i.rt_serial_open    serial.o
    0x08011784   0x08011784   0x00000076   Code   RO         2711    i.rt_serial_read    serial.o
    0x080117fa   0x080117fa   0x00000002   PAD
    0x080117fc   0x080117fc   0x000000ec   Code   RO         2712    i.rt_serial_write   serial.o
    0x080118e8   0x080118e8   0x00000020   Code   RO        11243    i.rt_set_errno      kservice.o
    0x08011908   0x08011908   0x000001d4   Code   RO        11244    i.rt_show_version   kservice.o
    0x08011adc   0x08011adc   0x00000010   Code   RO        11250    i.rt_strlen         kservice.o
    0x08011aec   0x08011aec   0x00000020   Code   RO        11251    i.rt_strncmp        kservice.o
    0x08011b0c   0x08011b0c   0x00000026   Code   RO        11252    i.rt_strncpy        kservice.o
    0x08011b32   0x08011b32   0x00000002   PAD
    0x08011b34   0x08011b34   0x00000134   Code   RO        11430    i.rt_system_heap_init  mem.o
    0x08011c68   0x08011c68   0x00000002   Code   RO        11586    i.rt_system_object_init  object.o
    0x08011c6a   0x08011c6a   0x00000002   PAD
    0x08011c6c   0x08011c6c   0x00000034   Code   RO        11682    i.rt_system_scheduler_init  scheduler.o
    0x08011ca0   0x08011ca0   0x00000028   Code   RO        11683    i.rt_system_scheduler_start  scheduler.o
    0x08011cc8   0x08011cc8   0x00000002   Code   RO        10774    i.rt_system_tick_init  clock.o
    0x08011cca   0x08011cca   0x00000002   PAD
    0x08011ccc   0x08011ccc   0x00000018   Code   RO        11872    i.rt_system_timer_init  timer.o
    0x08011ce4   0x08011ce4   0x00000002   Code   RO        11873    i.rt_system_timer_thread_init  timer.o
    0x08011ce6   0x08011ce6   0x00000048   Code   RO        11758    i.rt_thread_create  thread.o
    0x08011d2e   0x08011d2e   0x00000002   PAD
    0x08011d30   0x08011d30   0x00000058   Code   RO        11762    i.rt_thread_exit    thread.o
    0x08011d88   0x08011d88   0x00000014   Code   RO        10893    i.rt_thread_idle_entry  idle.o
    0x08011d9c   0x08011d9c   0x000000e4   Code   RO        10894    i.rt_thread_idle_excute  idle.o
    0x08011e80   0x08011e80   0x00000038   Code   RO        10895    i.rt_thread_idle_init  idle.o
    0x08011eb8   0x08011eb8   0x000000c0   Code   RO        11764    i.rt_thread_init    thread.o
    0x08011f78   0x08011f78   0x0000008c   Code   RO        11765    i.rt_thread_resume  thread.o
    0x08012004   0x08012004   0x0000000c   Code   RO        11766    i.rt_thread_self    thread.o
    0x08012010   0x08012010   0x000000c4   Code   RO        11768    i.rt_thread_startup  thread.o
    0x080120d4   0x080120d4   0x0000008c   Code   RO        11769    i.rt_thread_suspend  thread.o
    0x08012160   0x08012160   0x000000c0   Code   RO        11770    i.rt_thread_timeout  thread.o
    0x08012220   0x08012220   0x0000005c   Code   RO        11771    i.rt_thread_yield   thread.o
    0x0801227c   0x0801227c   0x0000000c   Code   RO        10776    i.rt_tick_get       clock.o
    0x08012288   0x08012288   0x0000002c   Code   RO        10777    i.rt_tick_increase  clock.o
    0x080122b4   0x080122b4   0x0000007c   Code   RO        11874    i.rt_timer_check    timer.o
    0x08012330   0x08012330   0x0000008c   Code   RO        11875    i.rt_timer_control  timer.o
    0x080123bc   0x080123bc   0x0000002e   Code   RO        11876    i.rt_timer_create   timer.o
    0x080123ea   0x080123ea   0x00000002   PAD
    0x080123ec   0x080123ec   0x00000074   Code   RO        11878    i.rt_timer_detach   timer.o
    0x08012460   0x08012460   0x00000080   Code   RO        11879    i.rt_timer_init     timer.o
    0x080124e0   0x080124e0   0x0000014c   Code   RO        11881    i.rt_timer_start    timer.o
    0x0801262c   0x0801262c   0x00000090   Code   RO        11882    i.rt_timer_stop     timer.o
    0x080126bc   0x080126bc   0x00000250   Code   RO        11254    i.rt_vsnprintf      kservice.o
    0x0801290c   0x0801290c   0x00000050   Code   RO          350    i.rtthread_startup  startup.o
    0x0801295c   0x0801295c   0x00000034   Code   RO         3090    i.security_display  lcd12864_io_spi.o
    0x08012990   0x08012990   0x000008f8   Code   RO         2176    i.send_data         send_data.o
    0x08013288   0x08013288   0x00000018   Code   RO         3985    i.set_iic2_scl      iic2.o
    0x080132a0   0x080132a0   0x00000018   Code   RO         3986    i.set_iic2_sda      iic2.o
    0x080132b8   0x080132b8   0x00000018   Code   RO         3891    i.set_iic_scl       iic.o
    0x080132d0   0x080132d0   0x00000018   Code   RO         3892    i.set_iic_sda       iic.o
    0x080132e8   0x080132e8   0x00000024   Code   RO         1610    i.set_motor_control_speed_s32  motor_control.o
    0x0801330c   0x0801330c   0x0000000c   Code   RO         1611    i.set_motor_control_type  motor_control.o
    0x08013318   0x08013318   0x00000070   Code   RO         4174    i.set_motor_pwm     motor.o
    0x08013388   0x08013388   0x00000028   Code   RO        10689    i.shell_handle_history  shell.o
    0x080133b0   0x080133b0   0x00000084   Code   RO        10690    i.shell_push_history  shell.o
    0x08013434   0x08013434   0x00000028   Code   RO        11256    i.skip_atoi         kservice.o
    0x0801345c   0x0801345c   0x0000000c   Code   RO         3243    i.soft_timeout_1000ms  time_control.o
    0x08013468   0x08013468   0x00000020   Code   RO         3244    i.soft_timeout_100ms  time_control.o
    0x08013488   0x08013488   0x00000050   Code   RO         3245    i.soft_timeout_10ms  time_control.o
    0x080134d8   0x080134d8   0x00000068   Code   RO         4569    i.sonar_exti_configuration  sonar.o
    0x08013540   0x08013540   0x00000068   Code   RO         4570    i.sonar_gpio_configuration  sonar.o
    0x080135a8   0x080135a8   0x0000000e   Code   RO         4571    i.sonar_init        sonar.o
    0x080135b6   0x080135b6   0x00000002   PAD
    0x080135b8   0x080135b8   0x00000040   Code   RO         4572    i.sonar_launch      sonar.o
    0x080135f8   0x080135f8   0x0000006e   Code   RO        12226    i.sqrt              m_wm.l(sqrt.o)
    0x08013666   0x08013666   0x0000001a   Code   RO         9695    i.str_common        cmd.o
    0x08013680   0x08013680   0x0000001a   Code   RO         9696    i.str_is_prefix     cmd.o
    0x0801369a   0x0801369a   0x0000001c   Code   RO         3091    i.strping_display   lcd12864_io_spi.o
    0x080136b6   0x080136b6   0x00000002   PAD
    0x080136b8   0x080136b8   0x00000084   Code   RO          867    i.sys_power_control  mower_common.o
    0x0801373c   0x0801373c   0x0000001c   Code   RO          868    i.sys_power_control_delaly  mower_common.o
    0x08013758   0x08013758   0x00000032   Code   RO          646    i.systick_ms_delay  delay.o
    0x0801378a   0x0801378a   0x0000003a   Code   RO          647    i.systick_us_delay  delay.o
    0x080137c4   0x080137c4   0x0000001a   Code   RO          751    i.text_box_add      thread_ui.o
    0x080137de   0x080137de   0x00000002   PAD
    0x080137e0   0x080137e0   0x00000014   Code   RO          753    i.text_box_focus_switch  thread_ui.o
    0x080137f4   0x080137f4   0x000000a0   Code   RO          754    i.text_box_parse    thread_ui.o
    0x08013894   0x08013894   0x00000068   Code   RO         3246    i.time_control_clock_init  time_control.o
    0x080138fc   0x080138fc   0x000000bc   Code   RO         3249    i.time_event        time_control.o
    0x080139b8   0x080139b8   0x00000064   Code   RO        10504    i.token_get_string  finsh_token.o
    0x08013a1c   0x08013a1c   0x00000038   Code   RO        10505    i.token_next_char   finsh_token.o
    0x08013a54   0x08013a54   0x00000012   Code   RO        10506    i.token_prev_char   finsh_token.o
    0x08013a66   0x08013a66   0x0000008e   Code   RO        10507    i.token_proc_char   finsh_token.o
    0x08013af4   0x08013af4   0x0000008a   Code   RO        10508    i.token_proc_escape  finsh_token.o
    0x08013b7e   0x08013b7e   0x000000da   Code   RO        10509    i.token_proc_number  finsh_token.o
    0x08013c58   0x08013c58   0x000001b8   Code   RO        10510    i.token_run         finsh_token.o
    0x08013e10   0x08013e10   0x00000070   Code   RO        10511    i.token_spec_number  finsh_token.o
    0x08013e80   0x08013e80   0x00000044   Code   RO         3093    i.transfer_command  lcd12864_io_spi.o
    0x08013ec4   0x08013ec4   0x00000044   Code   RO         3094    i.transfer_data     lcd12864_io_spi.o
    0x08013f08   0x08013f08   0x000000d4   Code   RO         4646    i.uart_emsensor_init  usart_driver.o
    0x08013fdc   0x08013fdc   0x0000037c   Code   RO          531    i.ubx_nav_pvt       thread_gps.o
    0x08014358   0x08014358   0x00000038   Code   RO         3350    i.update_all_sensors  hardware.o
    0x08014390   0x08014390   0x00000028   Code   RO         3689    i.update_left_encoder  encoder.o
    0x080143b8   0x080143b8   0x00000088   Code   RO         4072    i.update_mag        ist8310.o
    0x08014440   0x08014440   0x00000088   Code   RO         4119    i.update_mag        ist83102.o
    0x080144c8   0x080144c8   0x00000048   Code   RO         1614    i.update_motor_control  motor_control.o
    0x08014510   0x08014510   0x00000024   Code   RO         4175    i.update_motor_current  motor.o
    0x08014534   0x08014534   0x00000028   Code   RO         3690    i.update_right_encoder  encoder.o
    0x0801455c   0x0801455c   0x000000b8   Code   RO         4647    i.usart_bms_init    usart_driver.o
    0x08014614   0x08014614   0x000000b8   Code   RO         4648    i.usart_broder_init  usart_driver.o
    0x080146cc   0x080146cc   0x000000b8   Code   RO         4649    i.usart_com_init    usart_driver.o
    0x08014784   0x08014784   0x000000b8   Code   RO         4650    i.usart_debug_init  usart_driver.o
    0x0801483c   0x0801483c   0x000000b4   Code   RO         4651    i.usart_gps_init    usart_driver.o
    0x080148f0   0x080148f0   0x00000016   Code   RO         4652    i.usart_send_byte   usart_driver.o
    0x08014906   0x08014906   0x0000001a   Code   RO         4653    i.usarts_init       usart_driver.o
    0x08014920   0x08014920   0x00000048   Code   RO         3002    i.wheel_up_init     wheel_up.o
    0x08014968   0x08014968   0x00000030   Code   RO         3095    i.wrench_display    lcd12864_io_spi.o
    0x08014998   0x08014998   0x0000002c   Code   RO        12375    locale$$code        c_w.l(lc_ctype_c.o)
    0x080149c4   0x080149c4   0x00000018   Code   RO        12058    x$fpl$basic         fz_wm.l(basic.o)
    0x080149dc   0x080149dc   0x00000062   Code   RO        12060    x$fpl$d2f           fz_wm.l(d2f.o)
    0x08014a3e   0x08014a3e   0x00000002   PAD
    0x08014a40   0x08014a40   0x00000150   Code   RO        12062    x$fpl$dadd          fz_wm.l(daddsub_clz.o)
    0x08014b90   0x08014b90   0x00000018   Code   RO        12271    x$fpl$dcmpinf       fz_wm.l(dcmpi.o)
    0x08014ba8   0x08014ba8   0x000002b0   Code   RO        12069    x$fpl$ddiv          fz_wm.l(ddiv.o)
    0x08014e58   0x08014e58   0x0000005e   Code   RO        12072    x$fpl$dfix          fz_wm.l(dfix.o)
    0x08014eb6   0x08014eb6   0x0000002e   Code   RO        12081    x$fpl$dflt          fz_wm.l(dflt_clz.o)
    0x08014ee4   0x08014ee4   0x00000026   Code   RO        12080    x$fpl$dfltu         fz_wm.l(dflt_clz.o)
    0x08014f0a   0x08014f0a   0x00000002   PAD
    0x08014f0c   0x08014f0c   0x00000078   Code   RO        12086    x$fpl$dleqf         fz_wm.l(dleqf.o)
    0x08014f84   0x08014f84   0x00000154   Code   RO        12088    x$fpl$dmul          fz_wm.l(dmul.o)
    0x080150d8   0x080150d8   0x0000009c   Code   RO        12275    x$fpl$dnaninf       fz_wm.l(dnaninf.o)
    0x08015174   0x08015174   0x0000000c   Code   RO        12277    x$fpl$dretinf       fz_wm.l(dretinf.o)
    0x08015180   0x08015180   0x0000006c   Code   RO        12090    x$fpl$drleqf        fz_wm.l(drleqf.o)
    0x080151ec   0x080151ec   0x00000016   Code   RO        12063    x$fpl$drsb          fz_wm.l(daddsub_clz.o)
    0x08015202   0x08015202   0x00000002   PAD
    0x08015204   0x08015204   0x00000198   Code   RO        12279    x$fpl$dsqrt         fz_wm.l(dsqrt_umaal.o)
    0x0801539c   0x0801539c   0x000001d4   Code   RO        12064    x$fpl$dsub          fz_wm.l(daddsub_clz.o)
    0x08015570   0x08015570   0x00000056   Code   RO        12092    x$fpl$f2d           fz_wm.l(f2d.o)
    0x080155c6   0x080155c6   0x00000060   Code   RO        12094    x$fpl$ffltll        fz_wm.l(ffltll_clz.o)
    0x08015626   0x08015626   0x0000008c   Code   RO        12281    x$fpl$fnaninf       fz_wm.l(fnaninf.o)
    0x080156b2   0x080156b2   0x0000000a   Code   RO        12461    x$fpl$fpinit        fz_wm.l(fpinit.o)
    0x080156bc   0x080156bc   0x0000000a   Code   RO        12283    x$fpl$fretinf       fz_wm.l(fretinf.o)
    0x080156c6   0x080156c6   0x00000000   Code   RO        12287    x$fpl$usenofp       fz_wm.l(usenofp.o)
    0x080156c6   0x080156c6   0x00000002   PAD
    0x080156c8   0x080156c8   0x00000048   Data   RO          535    .constdata          thread_gps.o
    0x08015710   0x08015710   0x0000004c   Data   RO         1115    .constdata          thread_imu.o
    0x0801575c   0x0801575c   0x0000005b   Data   RO         1723    .constdata          ekf7_odom_mu.o
    0x080157b7   0x080157b7   0x00000001   PAD
    0x080157b8   0x080157b8   0x0000003d   Data   RO         1748    .constdata          ekf7_tu.o
    0x080157f5   0x080157f5   0x00000010   Data   RO         1825    .constdata          mu_att_ekf.o
    0x08015805   0x08015805   0x00000010   Data   RO         1887    .constdata          tu_att_ekf.o
    0x08015815   0x08015815   0x00004753   Data   RO         2512    .constdata          lcd.o
    0x08019f68   0x08019f68   0x00000085   Data   RO         2713    .constdata          serial.o
    0x08019fed   0x08019fed   0x00000013   Data   RO         2821    .constdata          key.o
    0x0801a000   0x0801a000   0x00000833   Data   RO         3096    .constdata          lcd12864_io_spi.o
    0x0801a833   0x0801a833   0x0000023a   Data   RO         3097    .constdata          lcd12864_io_spi.o
    0x0801aa6d   0x0801aa6d   0x00000070   Data   RO         3099    .constdata          lcd12864_io_spi.o
    0x0801aadd   0x0801aadd   0x00000028   Data   RO         3104    .constdata          lcd12864_io_spi.o
    0x0801ab05   0x0801ab05   0x0000000c   Data   RO         9702    .constdata          cmd.o
    0x0801ab11   0x0801ab11   0x0000000c   Data   RO         9703    .constdata          cmd.o
    0x0801ab1d   0x0801ab1d   0x0000000c   Data   RO         9718    .constdata          cmd.o
    0x0801ab29   0x0801ab29   0x00000016   Data   RO         9719    .constdata          cmd.o
    0x0801ab3f   0x0801ab3f   0x00000001   PAD
    0x0801ab40   0x0801ab40   0x0000004c   Data   RO         9724    .constdata          cmd.o
    0x0801ab8c   0x0801ab8c   0x000000c4   Data   RO        10148    .constdata          finsh_ops.o
    0x0801ac50   0x0801ac50   0x00000040   Data   RO        10512    .constdata          finsh_token.o
    0x0801ac90   0x0801ac90   0x00000060   Data   RO        10692    .constdata          shell.o
    0x0801acf0   0x0801acf0   0x000000a8   Data   RO        10824    .constdata          device.o
    0x0801ad98   0x0801ad98   0x00000016   Data   RO        10898    .constdata          idle.o
    0x0801adae   0x0801adae   0x000001d7   Data   RO        10977    .constdata          ipc.o
    0x0801af85   0x0801af85   0x00000122   Data   RO        11258    .constdata          kservice.o
    0x0801b0a7   0x0801b0a7   0x00000009   Data   RO        11432    .constdata          mem.o
    0x0801b0b0   0x0801b0b0   0x0000001e   Data   RO        11433    .constdata          mem.o
    0x0801b0ce   0x0801b0ce   0x00000046   Data   RO        11434    .constdata          mem.o
    0x0801b114   0x0801b114   0x0000003e   Data   RO        11510    .constdata          mempool.o
    0x0801b152   0x0801b152   0x0000005e   Data   RO        11587    .constdata          object.o
    0x0801b1b0   0x0801b1b0   0x0000004e   Data   RO        11685    .constdata          scheduler.o
    0x0801b1fe   0x0801b1fe   0x000000aa   Data   RO        11772    .constdata          thread.o
    0x0801b2a8   0x0801b2a8   0x0000005c   Data   RO        11884    .constdata          timer.o
    0x0801b304   0x0801b304   0x00000028   Data   RO        11995    .constdata          c_w.l(_printf_hex_int.o)
    0x0801b32c   0x0801b32c   0x00000004   PAD
    0x0801b330   0x0801b330   0x00000050   Data   RO        12111    .constdata          m_wm.l(asin.o)
    0x0801b380   0x0801b380   0x00000098   Data   RO        12125    .constdata          m_wm.l(atan.o)
    0x0801b418   0x0801b418   0x00000030   Data   RO        12289    .constdata          m_wm.l(cos_i.o)
    0x0801b448   0x0801b448   0x00000008   Data   RO        12325    .constdata          m_wm.l(qnan.o)
    0x0801b450   0x0801b450   0x000000c8   Data   RO        12328    .constdata          m_wm.l(rred.o)
    0x0801b518   0x0801b518   0x00000028   Data   RO        12332    .constdata          m_wm.l(sin_i.o)
    0x0801b540   0x0801b540   0x00000095   Data   RO          177    .conststring        application.o
    0x0801b5d5   0x0801b5d5   0x00000003   PAD
    0x0801b5d8   0x0801b5d8   0x0000019d   Data   RO         9725    .conststring        cmd.o
    0x0801b775   0x0801b775   0x00000003   PAD
    0x0801b778   0x0801b778   0x000000f3   Data   RO         9934    .conststring        finsh_error.o
    0x0801b86b   0x0801b86b   0x00000001   PAD
    0x0801b86c   0x0801b86c   0x0000003e   Data   RO        10513    .conststring        finsh_token.o
    0x0801b8aa   0x0801b8aa   0x00000002   PAD
    0x0801b8ac   0x0801b8ac   0x000000ed   Data   RO        11435    .conststring        mem.o
    0x0801b999   0x0801b999   0x00000003   PAD
    0x0801b99c   0x0801b99c   0x0000000c   Data   RO         9729    FSymTab             cmd.o
    0x0801b9a8   0x0801b9a8   0x0000000c   Data   RO         9737    FSymTab             cmd.o
    0x0801b9b4   0x0801b9b4   0x0000000c   Data   RO        11437    FSymTab             mem.o
    0x0801b9c0   0x0801b9c0   0x00000020   Data   RO        12517    Region$$Table       anon$$obj.o
    0x0801b9e0   0x0801b9e0   0x00000110   Data   RO        12374    locale$$data        c_w.l(lc_ctype_c.o)


    Execution Region RW_IRAM1 (Exec base: 0x20000000, Load base: 0x0801baf0, Size: 0x00008190, Max: 0x00030000, ABSOLUTE, COMPRESSED[0x00000234])

    Exec Addr    Load Addr    Size         Type   Attr      Idx    E Section Name        Object

    0x20000000   COMPRESSED   0x00000014   Data   RW           16    .data               system_stm32f4xx.o
    0x20000014   COMPRESSED   0x00000002   Data   RW          178    .data               application.o
    0x20000016   COMPRESSED   0x00000002   PAD
    0x20000018   COMPRESSED   0x0000000c   Data   RW          399    .data               stm32f4xx_it.o
    0x20000024   COMPRESSED   0x000000cc   Data   RW          536    .data               thread_gps.o
    0x200000f0   COMPRESSED   0x0000000c   Data   RW          692    .data               thread_key.o
    0x200000fc   COMPRESSED   0x00000008   Data   RW          759    .data               thread_ui.o
    0x20000104   COMPRESSED   0x00000004   Data   RW          874    .data               mower_common.o
    0x20000108   COMPRESSED   0x00000001   Data   RW          875    .data               mower_common.o
    0x20000109   COMPRESSED   0x00000534   Data   RW         1041    .data               menu.o
    0x2000063d   COMPRESSED   0x00000003   PAD
    0x20000640   COMPRESSED   0x0000005c   Data   RW         1116    .data               thread_imu.o
    0x2000069c   COMPRESSED   0x00000004   Data   RW         1118    .data               thread_imu.o
    0x200006a0   COMPRESSED   0x00000008   Data   RW         2101    .data               odom_preprocessing.o
    0x200006a8   COMPRESSED   0x00000054   Data   RW         2513    .data               lcd.o
    0x200006fc   COMPRESSED   0x00000018   Data   RW         2782    .data               usart.o
    0x20000714   COMPRESSED   0x00000018   Data   RW         2822    .data               key.o
    0x2000072c   COMPRESSED   0x00000003   Data   RW         2883    .data               bumper_front.o
    0x2000072f   COMPRESSED   0x00000003   Data   RW         3003    .data               wheel_up.o
    0x20000732   COMPRESSED   0x00000006   PAD
    0x20000738   COMPRESSED   0x00000040   Data   RW         3252    .data               time_control.o
    0x20000778   COMPRESSED   0x0000000c   Data   RW         3356    .data               hardware.o
    0x20000784   COMPRESSED   0x00000004   Data   RW         3357    .data               hardware.o
    0x20000788   COMPRESSED   0x00000004   Data   RW         3358    .data               hardware.o
    0x2000078c   COMPRESSED   0x00000008   Data   RW         3590    .data               beep.o
    0x20000794   COMPRESSED   0x00000034   Data   RW         3691    .data               encoder.o
    0x200007c8   COMPRESSED   0x00000008   Data   RW         4073    .data               ist8310.o
    0x200007d0   COMPRESSED   0x00000008   Data   RW         4120    .data               ist83102.o
    0x200007d8   COMPRESSED   0x00000040   Data   RW         4573    .data               sonar.o
    0x20000818   COMPRESSED   0x0000000c   Data   RW         4655    .data               usart_driver.o
    0x20000824   COMPRESSED   0x00000010   Data   RW         7452    .data               stm32f4xx_rcc.o
    0x20000834   COMPRESSED   0x00000004   Data   RW         9601    .data               cpuport.o
    0x20000838   COMPRESSED   0x00000004   Data   RW         9602    .data               cpuport.o
    0x2000083c   COMPRESSED   0x00000004   Data   RW         9603    .data               cpuport.o
    0x20000840   COMPRESSED   0x00000004   Data   RW         9604    .data               cpuport.o
    0x20000844   COMPRESSED   0x00000008   Data   RW         9886    .data               finsh_compiler.o
    0x2000084c   COMPRESSED   0x00000040   Data   RW         9935    .data               finsh_error.o
    0x2000088c   COMPRESSED   0x00000008   Data   RW         9971    .data               finsh_heap.o
    0x20000894   COMPRESSED   0x00000004   Data   RW        10576    .data               finsh_var.o
    0x20000898   COMPRESSED   0x0000000c   Data   RW        10626    .data               finsh_vm.o
    0x200008a4   COMPRESSED   0x00000004   Data   RW        10693    .data               shell.o
    0x200008a8   COMPRESSED   0x00000004   Data   RW        10758    .data               symbol.o
    0x200008ac   COMPRESSED   0x00000004   Data   RW        10759    .data               symbol.o
    0x200008b0   COMPRESSED   0x00000004   Data   RW        10760    .data               symbol.o
    0x200008b4   COMPRESSED   0x00000004   Data   RW        10761    .data               symbol.o
    0x200008b8   COMPRESSED   0x00000004   Data   RW        10779    .data               clock.o
    0x200008bc   COMPRESSED   0x00000004   Data   RW        10899    .data               idle.o
    0x200008c0   COMPRESSED   0x00000001   Data   RW        11201    .data               irq.o
    0x200008c1   COMPRESSED   0x00000003   PAD
    0x200008c4   COMPRESSED   0x00000008   Data   RW        11259    .data               kservice.o
    0x200008cc   COMPRESSED   0x00000020   Data   RW        11436    .data               mem.o
    0x200008ec   COMPRESSED   0x00000008   Data   RW        11511    .data               mempool.o
    0x200008f4   COMPRESSED   0x000000a4   Data   RW        11588    .data               object.o
    0x20000998   COMPRESSED   0x00000018   Data   RW        11686    .data               scheduler.o
    0x200009b0   COMPRESSED   0x00000010   Data   RW        11885    .data               timer.o
    0x200009c0        -       0x00000138   Zero   RW          532    .bss                thread_gps.o
    0x20000af8        -       0x00000c00   Zero   RW          533    .bss                thread_gps.o
    0x200016f8        -       0x00000080   Zero   RW          534    .bss                thread_gps.o
    0x20001778        -       0x00000820   Zero   RW          755    .bss                thread_ui.o
    0x20001f98        -       0x00000200   Zero   RW          757    .bss                thread_ui.o
    0x20002198        -       0x00000080   Zero   RW          758    .bss                thread_ui.o
    0x20002218        -       0x00000020   Zero   RW          869    .bss                mower_common.o
    0x20002238        -       0x00000020   Zero   RW          870    .bss                mower_common.o
    0x20002258        -       0x0000000c   Zero   RW          871    .bss                mower_common.o
    0x20002264        -       0x00000140   Zero   RW         1040    .bss                menu.o
    0x200023a4        -       0x00000198   Zero   RW         1112    .bss                thread_imu.o
    0x2000253c   COMPRESSED   0x00000004   PAD
    0x20002540        -       0x00000800   Zero   RW         1113    .bss                thread_imu.o
    0x20002d40        -       0x00000080   Zero   RW         1114    .bss                thread_imu.o
    0x20002dc0        -       0x00000400   Zero   RW         1258    .bss                thread_monitor.o
    0x200031c0        -       0x00000080   Zero   RW         1259    .bss                thread_monitor.o
    0x20003240        -       0x00000400   Zero   RW         1286    .bss                thread_motion.o
    0x20003640        -       0x00000080   Zero   RW         1287    .bss                thread_motion.o
    0x200036c0        -       0x00000400   Zero   RW         1432    .bss                thread_updata.o
    0x20003ac0        -       0x00000080   Zero   RW         1433    .bss                thread_updata.o
    0x20003b40        -       0x00000200   Zero   RW         1460    .bss                thread_border_detect.o
    0x20003d40        -       0x00000080   Zero   RW         1461    .bss                thread_border_detect.o
    0x20003dc0        -       0x00000200   Zero   RW         1488    .bss                thread_wireless.o
    0x20003fc0        -       0x00000080   Zero   RW         1489    .bss                thread_wireless.o
    0x20004040        -       0x00000108   Zero   RW         1615    .bss                motor_control.o
    0x20004148        -       0x0000005c   Zero   RW         2510    .bss                lcd.o
    0x200041a4        -       0x00000040   Zero   RW         2511    .bss                lcd.o
    0x200041e4        -       0x00000108   Zero   RW         2779    .bss                usart.o
    0x200042ec        -       0x00000080   Zero   RW         2780    .bss                usart.o
    0x2000436c        -       0x00000108   Zero   RW         2781    .bss                usart.o
    0x20004474        -       0x00000040   Zero   RW         2819    .bss                key.o
    0x200044b4        -       0x0000002c   Zero   RW         3250    .bss                time_control.o
    0x200044e0        -       0x0000002c   Zero   RW         3251    .bss                time_control.o
    0x2000450c        -       0x0000000c   Zero   RW         3351    .bss                hardware.o
    0x20004518        -       0x00000010   Zero   RW         3352    .bss                hardware.o
    0x20004528        -       0x00000034   Zero   RW         3353    .bss                hardware.o
    0x2000455c        -       0x00000094   Zero   RW         3354    .bss                hardware.o
    0x200045f0        -       0x00000018   Zero   RW         3355    .bss                hardware.o
    0x20004608        -       0x0000001e   Zero   RW         3483    .bss                adc.o
    0x20004626   COMPRESSED   0x00000002   PAD
    0x20004628        -       0x00000018   Zero   RW         4176    .bss                motor.o
    0x20004640        -       0x0000001c   Zero   RW         4350    .bss                mpu6500_spi.o
    0x2000465c        -       0x000000c8   Zero   RW         4654    .bss                usart_driver.o
    0x20004724   COMPRESSED   0x00000004   PAD
    0x20004728        -       0x00000080   Zero   RW         9970    .bss                finsh_heap.o
    0x200047a8        -       0x00000140   Zero   RW        10051    .bss                finsh_node.o
    0x200048e8        -       0x000000c0   Zero   RW        10575    .bss                finsh_var.o
    0x200049a8        -       0x00000180   Zero   RW        10625    .bss                finsh_vm.o
    0x20004b28        -       0x00000880   Zero   RW        10691    .bss                shell.o
    0x200053a8        -       0x00000480   Zero   RW        10897    .bss                idle.o
    0x20005828        -       0x000000e4   Zero   RW        11257    .bss                kservice.o
    0x2000590c        -       0x00000020   Zero   RW        11431    .bss                mem.o
    0x2000592c        -       0x00000100   Zero   RW        11684    .bss                scheduler.o
    0x20005a2c        -       0x00000060   Zero   RW        12338    .bss                c_w.l(libspace.o)
    0x20005a8c   COMPRESSED   0x00000004   PAD
    0x20005a90        -       0x00000200   Zero   RW            2    HEAP                startup_stm32f429_439xx.o
    0x20005c90        -       0x00002500   Zero   RW            1    STACK               startup_stm32f429_439xx.o


==============================================================================

Image component sizes


      Code (inc. data)   RO Data    RW Data    ZI Data      Debug   Object Name

       444         34          0          0         30       3015   adc.o
      1198        310        149          2          0       9455   application.o
       176         18          0          8          0       2599   beep.o
       166         18          0          0          0      30537   board.o
       164         18          0          3          0       2445   bumper_front.o
        58         12          0          4          0       1803   clock.o
       948        284        571          0          0      13377   cmd.o
       272         24          0          0          0        848   context_rvds.o
       324        166          0         16          0       3682   cpuport.o
       108          0          0          0          0       1374   delay.o
       924        348        168          0          0       8910   device.o
      1636         16         91          0          0       4171   ekf7_odom_mu.o
      1348          8         61          0          0       3722   ekf7_tu.o
       610        104          0         52          0       5474   encoder.o
       202          0          0          0          0        840   eul2quatf.o
         0          0          0          0          0        716   filter.o
      2100        104          0          8          0      10522   finsh_compiler.o
        48         18        243         64          0       2999   finsh_error.o
       444         26          0          8        128       5703   finsh_heap.o
        56          6          0          0          0       2288   finsh_init.o
       336         10          0          0        320       6602   finsh_node.o
      1742        296        196          0          0      28594   finsh_ops.o
      1902         32          0          0          0      17743   finsh_parser.o
      1266         16        126          0          0       9886   finsh_token.o
       256         30          0          4        192       8246   finsh_var.o
       136         24          0         12        384       7291   finsh_vm.o
      1128         52          0          0          0       3633   hampel.o
       722        110          0         20        252       5668   hardware.o
       324        106         22          4       1152       3970   idle.o
       634         28          0          0          0       7678   iic.o
       634         28          0          0          0       7722   iic2.o
      1642        496        471          0          0      34008   ipc.o
        68         18          0          1          0       2206   irq.o
       336         10          0          8          0       4090   ist8310.o
       336          8          0          8          0       4108   ist83102.o
       966        428         19         24         64       6299   key.o
      1886        330        290          8        228      15437   kservice.o
      5812        200      18259         84        156      15440   lcd.o
      1000         76       2821          0          0      11386   lcd12864_io_spi.o
       288          4          0          0          0       1670   map_ellipse_mapping.o
        22          0          0          0          0       1182   math_custom.o
      1780        722        358         32         32       7612   mem.o
       576        160         62          8          0       6032   mempool.o
       496        126          0       1332        320       4664   menu.o
       504        216          0          0          0       3331   misc.o
       398         38          0          0          0       2744   motion_control.o
        90          6          0          0          0       2145   motion_imu.o
        88         10          0          0          0       1212   motion_sense.o
      1010         84          0          0         24       8822   motor.o
       244         22          0          0        264       3993   motor_control.o
       160          8          0          5         76       3930   mower_common.o
       824         40          0          0          0       2583   mower_hw_config.o
       744         46          0          0         28       6194   mpu6500_spi.o
         0          0          0          0          0        856   msh.o
      1770        106         16          0          0       9440   mu_att_ekf.o
       758        310         94        164          0       8025   object.o
        80          4          0          8          0        845   odom_preprocessing.o
       136         22          0          0          0        633   power.o
       358          0          0          0          0        944   quat2eulf.o
        26          4          0          0          0       1040   rainbow_led.o
       820        314         78         24        256       7510   scheduler.o
      2296         20          0          0          0       3712   send_data.o
      1034        322        133          0          0       9453   serial.o
      1884        414         96          4       2176       9627   shell.o
       670         42          0         64          0       7162   sonar.o
       202         96          0          0          0       2211   startup.o
        72         30        428          0       9984        928   startup_stm32f429_439xx.o
      1652        516          0          0          0       6995   stm32f4xx_adc.o
       888        144          0          0          0       3013   stm32f4xx_dma.o
       560        196          0          0          0       2796   stm32f4xx_exti.o
      1976        740          0          0          0       6485   stm32f4xx_gpio.o
       384         50          0         12          0      11718   stm32f4xx_it.o
       880        414          0         16          0       7882   stm32f4xx_rcc.o
      1328        522          0          0          0       5455   stm32f4xx_spi.o
       232         66          0          0          0        896   stm32f4xx_syscfg.o
      4244       1564          0          0          0      15112   stm32f4xx_tim.o
      2100        710          0          0          0       7309   stm32f4xx_usart.o
         0          0          0         16          0       4245   symbol.o
       424         54          0         20          0     354405   system_stm32f4xx.o
      1372        486        170          0          0      12879   thread.o
        32          4          0          0        640       1469   thread_border_detect.o
      1436        120         72        204       3512       5598   thread_gps.o
      1822        162         76         96       2584       7294   thread_imu.o
        20          4          0         12          0       3709   thread_key.o
        72         28          0          0       1152       1469   thread_monitor.o
        60          6          0          0       1152       8176   thread_motion.o
      1412        140          0          8       2720      11629   thread_ui.o
        44          4          0          0       1152       1474   thread_updata.o
        28          4          0          0        640       1388   thread_wireless.o
       706         90          0         64         88       8371   time_control.o
      1154        346         92         16          0      11705   timer.o
       864          8         16          0          0       2749   tu_att_ekf.o
       344         40          0         24        656       1917   usart.o
      1292         74          0         12        200       7119   usart_driver.o
       160         16          0          3          0       2361   wheel_up.o

    ----------------------------------------------------------------------
     75244      13486      25224       2496      30572     948605   Object Totals
         0          0         32          0          0          0   (incl. Generated)
        76          0         14         14         10          0   (incl. Padding)

    ----------------------------------------------------------------------

      Code (inc. data)   RO Data    RW Data    ZI Data      Debug   Library Member Name

        90          0          0          0          0          0   __dczerorl2.o
         8          0          0          0          0         68   __main.o
       284          0          0          0          0        156   __printf_wp.o
         0          0          0          0          0          0   __rtentry.o
        12          0          0          0          0          0   __rtentry2.o
         6          0          0          0          0          0   __rtentry4.o
        52          8          0          0          0          0   __scatter.o
        28          0          0          0          0          0   __scatter_zi.o
        28          0          0          0          0         68   _chval.o
        44          0          0          0          0        108   _printf_char.o
        48          6          0          0          0         96   _printf_char_common.o
         6          0          0          0          0          0   _printf_d.o
       120         16          0          0          0         92   _printf_dec.o
        88          4         40          0          0         88   _printf_hex_int.o
       178          0          0          0          0         88   _printf_intcommon.o
        78          0          0          0          0        108   _printf_pad.o
         0          0          0          0          0          0   _printf_percent.o
         4          0          0          0          0          0   _printf_percent_end.o
         6          0          0          0          0          0   _printf_s.o
        82          0          0          0          0         80   _printf_str.o
         6          0          0          0          0          0   _printf_x.o
        22          0          0          0          0        100   _rserrno.o
        10          0          0          0          0         68   _sputc.o
       158          0          0          0          0         92   _strtoul.o
        26          0          0          0          0         80   atoi.o
        18          0          0          0          0         80   exit.o
         6          0          0          0          0        152   heapauxi.o
         0          0          0          0          0          0   indicate_semi.o
        44         10        272          0          0         76   lc_ctype_c.o
         2          0          0          0          0          0   libinit.o
        24          0          0          0          0          0   libinit2.o
         2          0          0          0          0          0   libshutdown.o
         2          0          0          0          0          0   libshutdown2.o
         8          4          0          0         96         68   libspace.o
       238          0          0          0          0        100   lludivv7m.o
        40          6          0          0          0         84   noretval__2sprintf.o
        16          4          0          0          0         76   rt_ctype_table.o
         8          4          0          0          0         68   rt_errno_addr_intlibspace.o
         8          4          0          0          0         68   rt_locale_intlibspace.o
        68          0          0          0          0         68   rt_memclr.o
        78          0          0          0          0         80   rt_memclr_w.o
       138          0          0          0          0         68   rt_memcpy_v6.o
       100          0          0          0          0         80   rt_memcpy_w.o
         2          0          0          0          0          0   rtexit.o
        10          0          0          0          0          0   rtexit2.o
       128          0          0          0          0         68   strcmpv7m.o
        62          0          0          0          0         76   strlen.o
       150          0          0          0          0         80   strncmp.o
        86          0          0          0          0         76   strncpy.o
       112          0          0          0          0         88   strtol.o
        12          4          0          0          0         68   sys_exit.o
        74          0          0          0          0         80   sys_stackheap_outer.o
         2          0          0          0          0         68   use_no_semi.o
        24          0          0          0          0        164   basic.o
        98          4          0          0          0        140   d2f.o
       826         16          0          0          0        492   daddsub_clz.o
        24          0          0          0          0        116   dcmpi.o
       688        140          0          0          0        256   ddiv.o
        94          4          0          0          0        140   dfix.o
        84          0          0          0          0        232   dflt_clz.o
       120          4          0          0          0        140   dleqf.o
       340         12          0          0          0        152   dmul.o
       156          4          0          0          0        140   dnaninf.o
        12          0          0          0          0        116   dretinf.o
       108          0          0          0          0        128   drleqf.o
       408         56          0          0          0        168   dsqrt_umaal.o
        86          4          0          0          0        132   f2d.o
        96          0          0          0          0        132   ffltll_clz.o
       140          4          0          0          0        132   fnaninf.o
        10          0          0          0          0        116   fpinit.o
        10          0          0          0          0        116   fretinf.o
         0          0          0          0          0          0   usenofp.o
       864         94         80          0          0        280   asin.o
       744        106        152          0          0        352   atan.o
       496         64          0          0          0        192   atan2.o
       592         90          0          0          0        184   atan2f.o
       200         20          0          0          0        164   cos.o
       368         46         48          0          0        200   cos_i.o
       104         16          0          0          0        496   dunder.o
        24          0          0          0          0        124   fabs.o
       280         28          0          0          0        156   floor.o
        48          0          0          0          0        124   fpclassify.o
        38          0          0          0          0        116   fpclassifyf.o
        22          6          0          0          0        232   funder.o
       248          0          0          0          0        152   poly.o
         0          0          8          0          0          0   qnan.o
      1080        142        200          0          0        188   rred.o
       200         20          0          0          0        164   sin.o
       304         24         40          0          0        208   sin_i.o
       232          0          0          0          0        296   sqrt.o
        58          0          0          0          0        136   sqrtf.o

    ----------------------------------------------------------------------
     12080        974        844          0        100       9740   Library Totals
        32          0          4          0          4          0   (incl. Padding)

    ----------------------------------------------------------------------

      Code (inc. data)   RO Data    RW Data    ZI Data      Debug   Library Name

      2822         70        312          0         96       2964   c_w.l
      3324        248          0          0          0       3012   fz_wm.l
      5902        656        528          0          0       3764   m_wm.l

    ----------------------------------------------------------------------
     12080        974        844          0        100       9740   Library Totals

    ----------------------------------------------------------------------

==============================================================================


      Code (inc. data)   RO Data    RW Data    ZI Data      Debug   

     87324      14460      26068       2496      30672     900481   Grand Totals
     87324      14460      26068        564      30672     900481   ELF Image Totals (compressed)
     87324      14460      26068        564          0          0   ROM Totals

==============================================================================

    Total RO  Size (Code + RO Data)               113392 ( 110.73kB)
    Total RW  Size (RW Data + ZI Data)             33168 (  32.39kB)
    Total ROM Size (Code + RO Data + RW Data)     113956 ( 111.29kB)

==============================================================================

