Component: ARM Compiler 5.06 update 2 (build 183) Tool: armlink [4d35b7]

==============================================================================

Section Cross References

    startup_stm32f429_439xx.o(STACK) refers (Special) to heapauxi.o(.text) for __use_two_region_memory
    startup_stm32f429_439xx.o(HEAP) refers (Special) to heapauxi.o(.text) for __use_two_region_memory
    startup_stm32f429_439xx.o(RESET) refers (Special) to heapauxi.o(.text) for __use_two_region_memory
    startup_stm32f429_439xx.o(RESET) refers to startup_stm32f429_439xx.o(STACK) for __initial_sp
    startup_stm32f429_439xx.o(RESET) refers to startup_stm32f429_439xx.o(.text) for Reset_Handler
    startup_stm32f429_439xx.o(RESET) refers to stm32f4xx_it.o(i.NMI_Handler) for NMI_Handler
    startup_stm32f429_439xx.o(RESET) refers to context_rvds.o(.text) for HardFault_Handler
    startup_stm32f429_439xx.o(RESET) refers to stm32f4xx_it.o(i.MemManage_Handler) for MemManage_Handler
    startup_stm32f429_439xx.o(RESET) refers to stm32f4xx_it.o(i.BusFault_Handler) for BusFault_Handler
    startup_stm32f429_439xx.o(RESET) refers to stm32f4xx_it.o(i.UsageFault_Handler) for UsageFault_Handler
    startup_stm32f429_439xx.o(RESET) refers to stm32f4xx_it.o(i.SVC_Handler) for SVC_Handler
    startup_stm32f429_439xx.o(RESET) refers to stm32f4xx_it.o(i.DebugMon_Handler) for DebugMon_Handler
    startup_stm32f429_439xx.o(RESET) refers to board.o(i.SysTick_Handler) for SysTick_Handler
    startup_stm32f429_439xx.o(RESET) refers to stm32f4xx_it.o(i.EXTI1_IRQHandler) for EXTI1_IRQHandler
    startup_stm32f429_439xx.o(RESET) refers to stm32f4xx_it.o(i.EXTI9_5_IRQHandler) for EXTI9_5_IRQHandler
    startup_stm32f429_439xx.o(RESET) refers to stm32f4xx_it.o(i.USART1_IRQHandler) for USART1_IRQHandler
    startup_stm32f429_439xx.o(RESET) refers to stm32f4xx_it.o(i.USART2_IRQHandler) for USART2_IRQHandler
    startup_stm32f429_439xx.o(RESET) refers to stm32f4xx_it.o(i.USART3_IRQHandler) for USART3_IRQHandler
    startup_stm32f429_439xx.o(RESET) refers to stm32f4xx_it.o(i.UART4_IRQHandler) for UART4_IRQHandler
    startup_stm32f429_439xx.o(RESET) refers to usart_driver.o(i.UART5_IRQHandler) for UART5_IRQHandler
    startup_stm32f429_439xx.o(RESET) refers to time_control.o(i.TIM6_DAC_IRQHandler) for TIM6_DAC_IRQHandler
    startup_stm32f429_439xx.o(RESET) refers to stm32f4xx_it.o(i.UART8_IRQHandler) for UART8_IRQHandler
    startup_stm32f429_439xx.o(.text) refers (Special) to heapauxi.o(.text) for __use_two_region_memory
    startup_stm32f429_439xx.o(.text) refers to mower_common.o(i.sys_power_control) for sys_power_control
    startup_stm32f429_439xx.o(.text) refers to system_stm32f4xx.o(i.SystemInit) for SystemInit
    startup_stm32f429_439xx.o(.text) refers to __main.o(!!!main) for __main
    startup_stm32f429_439xx.o(.text) refers to startup_stm32f429_439xx.o(HEAP) for Heap_Mem
    startup_stm32f429_439xx.o(.text) refers to startup_stm32f429_439xx.o(STACK) for Stack_Mem
    system_stm32f4xx.o(i.SystemCoreClockUpdate) refers to system_stm32f4xx.o(.data) for .data
    system_stm32f4xx.o(i.SystemInit) refers to system_stm32f4xx.o(i.SetSysClock) for SetSysClock
    application.o(i.imu_validation) refers to mpu6500_spi.o(i.get_mpu_info) for get_mpu_info
    application.o(i.imu_validation) refers to f2d.o(x$fpl$f2d) for __aeabi_f2d
    application.o(i.imu_validation) refers to dmul.o(x$fpl$dmul) for __aeabi_dmul
    application.o(i.imu_validation) refers to d2f.o(x$fpl$d2f) for __aeabi_d2f
    application.o(i.imu_validation) refers to ddiv.o(x$fpl$ddiv) for __aeabi_ddiv
    application.o(i.odo_validation) refers to encoder.o(i.get_left_encoder) for get_left_encoder
    application.o(i.odo_validation) refers to encoder.o(i.get_right_encoder) for get_right_encoder
    application.o(i.rt_application_init) refers to thread.o(i.rt_thread_create) for rt_thread_create
    application.o(i.rt_application_init) refers to thread.o(i.rt_thread_startup) for rt_thread_startup
    application.o(i.rt_application_init) refers to timer.o(i.rt_timer_init) for rt_timer_init
    application.o(i.rt_application_init) refers to timer.o(i.rt_timer_start) for rt_timer_start
    application.o(i.rt_application_init) refers to timer.o(i.rt_timer_create) for rt_timer_create
    application.o(i.rt_application_init) refers to thread.o(i.rt_thread_init) for rt_thread_init
    application.o(i.rt_application_init) refers to application.o(i.rt_init_thread_entry) for rt_init_thread_entry
    application.o(i.rt_application_init) refers to time_control.o(i.soft_timeout_10ms) for soft_timeout_10ms
    application.o(i.rt_application_init) refers to time_control.o(.bss) for timer_10ms
    application.o(i.rt_application_init) refers to time_control.o(i.soft_timeout_100ms) for soft_timeout_100ms
    application.o(i.rt_application_init) refers to time_control.o(.bss) for timer_100ms
    application.o(i.rt_application_init) refers to time_control.o(i.soft_timeout_1000ms) for soft_timeout_1000ms
[...]
    0x08000272   0x00000004   Code   RO        12299    .ARM.Collect$$_printf_percent$$00000017  c_w.l(_printf_percent_end.o)
    0x08000276   0x00000002   Code   RO        12419    .ARM.Collect$$libinit$$00000000  c_w.l(libinit.o)
    0x08000278   0x00000004   Code   RO        12430    .ARM.Collect$$libinit$$00000001  c_w.l(libinit2.o)
    0x0800027c   0x00000000   Code   RO        12433    .ARM.Collect$$libinit$$00000004  c_w.l(libinit2.o)
    0x0800027c   0x00000000   Code   RO        12436    .ARM.Collect$$libinit$$0000000A  c_w.l(libinit2.o)
    0x0800027c   0x00000000   Code   RO        12438    .ARM.Collect$$libinit$$0000000C  c_w.l(libinit2.o)
    0x0800027c   0x00000000   Code   RO        12440    .ARM.Collect$$libinit$$0000000E  c_w.l(libinit2.o)
    0x0800027c   0x00000006   Code   RO        12441    .ARM.Collect$$libinit$$0000000F  c_w.l(libinit2.o)
    0x08000282   0x00000000   Code   RO        12443    .ARM.Collect$$libinit$$00000011  c_w.l(libinit2.o)
    0x08000282   0x0000000c   Code   RO        12444    .ARM.Collect$$libinit$$00000012  c_w.l(libinit2.o)
    0x0800028e   0x00000000   Code   RO        12445    .ARM.Collect$$libinit$$00000013  c_w.l(libinit2.o)
    0x0800028e   0x00000000   Code   RO        12447    .ARM.Collect$$libinit$$00000015  c_w.l(libinit2.o)
    0x0800028e   0x00000000   Code   RO        12449    .ARM.Collect$$libinit$$00000017  c_w.l(libinit2.o)
    0x0800028e   0x00000000   Code   RO        12451    .ARM.Collect$$libinit$$00000019  c_w.l(libinit2.o)
    0x0800028e   0x00000000   Code   RO        12453    .ARM.Collect$$libinit$$0000001B  c_w.l(libinit2.o)
    0x0800028e   0x00000000   Code   RO        12455    .ARM.Collect$$libinit$$0000001D  c_w.l(libinit2.o)
    0x0800028e   0x00000000   Code   RO        12457    .ARM.Collect$$libinit$$0000001F  c_w.l(libinit2.o)
    0x0800028e   0x00000000   Code   RO        12459    .ARM.Collect$$libinit$$00000021  c_w.l(libinit2.o)
    0x0800028e   0x00000000   Code   RO        12461    .ARM.Collect$$libinit$$00000023  c_w.l(libinit2.o)
    0x0800028e   0x00000000   Code   RO        12463    .ARM.Collect$$libinit$$00000025  c_w.l(libinit2.o)
    0x0800028e   0x00000000   Code   RO        12467    .ARM.Collect$$libinit$$0000002C  c_w.l(libinit2.o)
    0x0800028e   0x00000000   Code   RO        12469    .ARM.Collect$$libinit$$0000002E  c_w.l(libinit2.o)
    0x0800028e   0x00000000   Code   RO        12471    .ARM.Collect$$libinit$$00000030  c_w.l(libinit2.o)
    0x0800028e   0x00000000   Code   RO        12473    .ARM.Collect$$libinit$$00000032  c_w.l(libinit2.o)
    0x0800028e   0x00000002   Code   RO        12474    .ARM.Collect$$libinit$$00000033  c_w.l(libinit2.o)
    0x08000290   0x00000002   Code   RO        12507    .ARM.Collect$$libshutdown$$00000000  c_w.l(libshutdown.o)
    0x08000292   0x00000000   Code   RO        12533    .ARM.Collect$$libshutdown$$00000002  c_w.l(libshutdown2.o)
    0x08000292   0x00000000   Code   RO        12535    .ARM.Collect$$libshutdown$$00000004  c_w.l(libshutdown2.o)
    0x08000292   0x00000000   Code   RO        12538    .ARM.Collect$$libshutdown$$00000007  c_w.l(libshutdown2.o)
    0x08000292   0x00000000   Code   RO        12541    .ARM.Collect$$libshutdown$$0000000A  c_w.l(libshutdown2.o)
    0x08000292   0x00000000   Code   RO        12543    .ARM.Collect$$libshutdown$$0000000C  c_w.l(libshutdown2.o)
    0x08000292   0x00000000   Code   RO        12546    .ARM.Collect$$libshutdown$$0000000F  c_w.l(libshutdown2.o)
    0x08000292   0x00000002   Code   RO        12547    .ARM.Collect$$libshutdown$$00000010  c_w.l(libshutdown2.o)
    0x08000294   0x00000000   Code   RO        12279    .ARM.Collect$$rtentry$$00000000  c_w.l(__rtentry.o)
    0x08000294   0x00000000   Code   RO        12372    .ARM.Collect$$rtentry$$00000002  c_w.l(__rtentry2.o)
    0x08000294   0x00000006   Code   RO        12384    .ARM.Collect$$rtentry$$00000004  c_w.l(__rtentry4.o)
    0x0800029a   0x00000000   Code   RO        12374    .ARM.Collect$$rtentry$$00000009  c_w.l(__rtentry2.o)
    0x0800029a   0x00000004   Code   RO        12375    .ARM.Collect$$rtentry$$0000000A  c_w.l(__rtentry2.o)
    0x0800029e   0x00000000   Code   RO        12377    .ARM.Collect$$rtentry$$0000000C  c_w.l(__rtentry2.o)
    0x0800029e   0x00000008   Code   RO        12378    .ARM.Collect$$rtentry$$0000000D  c_w.l(__rtentry2.o)
    0x080002a6   0x00000002   Code   RO        12422    .ARM.Collect$$rtexit$$00000000  c_w.l(rtexit.o)
    0x080002a8   0x00000000   Code   RO        12480    .ARM.Collect$$rtexit$$00000002  c_w.l(rtexit2.o)
    0x080002a8   0x00000004   Code   RO        12481    .ARM.Collect$$rtexit$$00000003  c_w.l(rtexit2.o)
    0x080002ac   0x00000006   Code   RO        12482    .ARM.Collect$$rtexit$$00000004  c_w.l(rtexit2.o)
    0x080002b2   0x00000002   PAD
    0x080002b4   0x00000048   Code   RO            4    .text               startup_stm32f429_439xx.o
    0x080002fc   0x00000110   Code   RO         9697    .text               context_rvds.o
    0x0800040c   0x000000ee   Code   RO        12006    .text               c_w.l(lludivv7m.o)
    0x080004fa   0x00000002   PAD
    0x080004fc   0x00000028   Code   RO        12012    .text               c_w.l(noretval__2sprintf.o)
    0x08000524   0x0000004e   Code   RO        12016    .text               c_w.l(_printf_pad.o)
    0x08000572   0x00000052   Code   RO        12018    .text               c_w.l(_printf_str.o)
    0x080005c4   0x00000078   Code   RO        12020    .text               c_w.l(_printf_dec.o)
    0x0800063c   0x00000058   Code   RO        12025    .text               c_w.l(_printf_hex_int.o)
    0x08000694   0x0000010e   Code   RO        12051    .text               c_w.l(__printf_wp.o)
    0x080007a2   0x0000001a   Code   RO        12067    .text               c_w.l(atoi.o)
    0x080007bc   0x0000003e   Code   RO        12069    .text               c_w.l(strlen.o)
    0x080007fa   0x00000096   Code   RO        12071    .text               c_w.l(strncmp.o)
    0x08000890   0x0000008a   Code   RO        12073    .text               c_w.l(rt_memcpy_v6.o)
    0x0800091a   0x00000064   Code   RO        12075    .text               c_w.l(rt_memcpy_w.o)
    0x0800097e   0x00000044   Code   RO        12077    .text               c_w.l(rt_memclr.o)
    0x080009c2   0x0000004e   Code   RO        12079    .text               c_w.l(rt_memclr_w.o)
    0x08000a10   0x00000056   Code   RO        12081    .text               c_w.l(strncpy.o)
    0x08000a66   0x00000002   PAD
    0x08000a68   0x00000080   Code   RO        12083    .text               c_w.l(strcmpv7m.o)
    0x08000ae8   0x00000006   Code   RO        12085    .text               c_w.l(heapauxi.o)
    0x08000aee   0x00000002   PAD
    0x08000af0   0x00000008   Code   RO        12287    .text               c_w.l(rt_errno_addr_intlibspace.o)
    0x08000af8   0x00000016   Code   RO        12289    .text               c_w.l(_rserrno.o)
    0x08000b0e   0x000000b2   Code   RO        12291    .text               c_w.l(_printf_intcommon.o)
    0x08000bc0   0x00000030   Code   RO        12293    .text               c_w.l(_printf_char_common.o)
    0x08000bf0   0x0000000a   Code   RO        12295    .text               c_w.l(_sputc.o)
    0x08000bfa   0x0000002c   Code   RO        12297    .text               c_w.l(_printf_char.o)
    0x08000c26   0x00000070   Code   RO        12300    .text               c_w.l(strtol.o)
    0x08000c96   0x00000002   PAD
    0x08000c98   0x00000008   Code   RO        12368    .text               c_w.l(libspace.o)
    0x08000ca0   0x00000010   Code   RO        12386    .text               c_w.l(rt_ctype_table.o)
    0x08000cb0   0x0000009e   Code   RO        12392    .text               c_w.l(_strtoul.o)
    0x08000d4e   0x0000004a   Code   RO        12396    .text               c_w.l(sys_stackheap_outer.o)
    0x08000d98   0x00000008   Code   RO        12401    .text               c_w.l(rt_locale_intlibspace.o)
    0x08000da0   0x0000001c   Code   RO        12403    .text               c_w.l(_chval.o)
    0x08000dbc   0x00000012   Code   RO        12408    .text               c_w.l(exit.o)
    0x08000dce   0x00000002   PAD
    0x08000dd0   0x0000000c   Code   RO        12477    .text               c_w.l(sys_exit.o)
    0x08000ddc   0x00000002   Code   RO        12496    .text               c_w.l(use_no_semi.o)
    0x08000dde   0x00000000   Code   RO        12498    .text               c_w.l(indicate_semi.o)
    0x08000dde   0x00000002   PAD
    0x08000de0   0x0000008c   Code   RO         4808    i.ADC_Cmd           stm32f4xx_adc.o
    0x08000e6c   0x00000150   Code   RO         4809    i.ADC_CommonInit    stm32f4xx_adc.o
    0x08000fbc   0x0000008c   Code   RO         4812    i.ADC_DMACmd        stm32f4xx_adc.o
    0x08001048   0x0000008c   Code   RO         4813    i.ADC_DMARequestAfterLastTransferCmd  stm32f4xx_adc.o
    0x080010d4   0x00000198   Code   RO         4828    i.ADC_Init          stm32f4xx_adc.o
    0x0800126c   0x00000174   Code   RO         4833    i.ADC_RegularChannelConfig  stm32f4xx_adc.o
    0x080013e0   0x00000074   Code   RO         4835    i.ADC_SoftwareStartConv  stm32f4xx_adc.o
    0x08001454   0x00000002   Code   RO          385    i.BusFault_Handler  stm32f4xx_it.o
    0x08001456   0x00000002   PAD
    0x08001458   0x000000f4   Code   RO         5829    i.DMA_Cmd           stm32f4xx_dma.o
    0x0800154c   0x00000284   Code   RO         5841    i.DMA_Init          stm32f4xx_dma.o
    0x080017d0   0x00000002   Code   RO          386    i.DebugMon_Handler  stm32f4xx_it.o
    0x080017d2   0x00000002   PAD
    0x080017d4   0x00000038   Code   RO          387    i.EXTI1_IRQHandler  stm32f4xx_it.o
    0x0800180c   0x00000048   Code   RO          388    i.EXTI9_5_IRQHandler  stm32f4xx_it.o
    0x08001854   0x0000005c   Code   RO         6116    i.EXTI_ClearITPendingBit  stm32f4xx_exti.o
    0x080018b0   0x000000e0   Code   RO         6120    i.EXTI_GetITStatus  stm32f4xx_exti.o
    0x08001990   0x000000f4   Code   RO         6121    i.EXTI_Init         stm32f4xx_exti.o
    0x08001a84   0x0000019c   Code   RO         6677    i.GPIO_Init         stm32f4xx_gpio.o
    0x08001c20   0x0000016c   Code   RO         6678    i.GPIO_PinAFConfig  stm32f4xx_gpio.o
    0x08001d8c   0x00000124   Code   RO         6681    i.GPIO_ReadInputDataBit  stm32f4xx_gpio.o
    0x08001eb0   0x000000cc   Code   RO         6684    i.GPIO_ResetBits    stm32f4xx_gpio.o
    0x08001f7c   0x000000cc   Code   RO         6685    i.GPIO_SetBits      stm32f4xx_gpio.o
    0x08002048   0x000000c4   Code   RO         6687    i.GPIO_ToggleBits   stm32f4xx_gpio.o
    0x0800210c   0x00000130   Code   RO         6689    i.GPIO_WriteBit     stm32f4xx_gpio.o
    0x0800223c   0x00000002   Code   RO          389    i.MemManage_Handler  stm32f4xx_it.o
    0x0800223e   0x00000002   PAD
    0x08002240   0x00000054   Code   RO         2399    i.Motion_Get_Position_2D  motion_sense.o
    0x08002294   0x00000074   Code   RO         2400    i.Motion_Get_Sensor  motion_sense.o
    0x08002308   0x000000bc   Code   RO         2073    i.Motion_Init       motion_control.o
    0x080023c4   0x0000003e   Code   RO         2253    i.Motion_Norm_2D    motion_imu.o
    0x08002402   0x000000f0   Code   RO         2074    i.Motion_Process_Motor_Speed  motion_control.o
    0x080024f2   0x00000016   Code   RO         2171    i.Motion_Run_2D_Angle  motion_imu.o
    0x08002508   0x0000007c   Code   RO         2172    i.Motion_Run_2D_Line  motion_imu.o
    0x08002584   0x00000012   Code   RO         2173    i.Motion_Run_Tracker  motion_imu.o
    0x08002596   0x00000008   Code   RO         2174    i.Motion_Set_Angle_Param  motion_imu.o
    0x0800259e   0x00000008   Code   RO         2290    i.Motion_Set_Mag_Gotoline_Param  motion_mag_line.o
    0x080025a6   0x00000008   Code   RO         2291    i.Motion_Set_Mag_Tracking_Param  motion_mag_line.o
    0x080025ae   0x00000006   Code   RO         2175    i.Motion_Set_Path_Param  motion_imu.o
    0x080025b4   0x00000050   Code   RO         2176    i.Motion_Start_2D_Angle  motion_imu.o
    0x08002604   0x00000014   Code   RO         2078    i.Motion_Zigzag_Init  motion_control.o
    0x08002618   0x00000002   Code   RO          390    i.NMI_Handler       stm32f4xx_it.o
    0x0800261a   0x00000018   Code   RO          285    i.NVIC_Configuration  board.o
    0x08002632   0x00000002   PAD
    0x08002634   0x000000c4   Code   RO         4754    i.NVIC_Init         misc.o
    0x080026f8   0x0000006c   Code   RO         4755    i.NVIC_PriorityGroupConfig  misc.o
    0x08002764   0x00000070   Code   RO         4756    i.NVIC_SetVectorTable  misc.o
    0x080027d4   0x0000001c   Code   RO        10131    i.OP_add_byte       finsh_ops.o
    0x080027f0   0x00000014   Code   RO        10132    i.OP_add_dword      finsh_ops.o
    0x08002804   0x0000001c   Code   RO        10133    i.OP_add_word       finsh_ops.o
    0x08002820   0x0000001c   Code   RO        10134    i.OP_and_byte       finsh_ops.o
    0x0800283c   0x00000014   Code   RO        10135    i.OP_and_dword      finsh_ops.o
    0x08002850   0x0000001c   Code   RO        10136    i.OP_and_word       finsh_ops.o
    0x0800286c   0x00000014   Code   RO        10137    i.OP_bw_byte        finsh_ops.o
    0x08002880   0x00000014   Code   RO        10138    i.OP_bw_dword       finsh_ops.o
    0x08002894   0x00000014   Code   RO        10139    i.OP_bw_word        finsh_ops.o
    0x080028a8   0x000001f4   Code   RO        10140    i.OP_call           finsh_ops.o
    0x08002a9c   0x0000001c   Code   RO        10141    i.OP_div_byte       finsh_ops.o
    0x08002ab8   0x00000018   Code   RO        10142    i.OP_div_dword      finsh_ops.o
    0x08002ad0   0x0000001c   Code   RO        10143    i.OP_div_word       finsh_ops.o
    0x08002aec   0x00000020   Code   RO        10144    i.OP_ld_byte        finsh_ops.o
    0x08002b0c   0x00000024   Code   RO        10145    i.OP_ld_dword       finsh_ops.o
    0x08002b30   0x00000028   Code   RO        10146    i.OP_ld_value_byte  finsh_ops.o
    0x08002b58   0x00000014   Code   RO        10147    i.OP_ld_value_byte_stack  finsh_ops.o
    0x08002b6c   0x00000028   Code   RO        10148    i.OP_ld_value_dword  finsh_ops.o
    0x08002b94   0x00000014   Code   RO        10149    i.OP_ld_value_dword_stack  finsh_ops.o
    0x08002ba8   0x00000028   Code   RO        10150    i.OP_ld_value_word  finsh_ops.o
    0x08002bd0   0x00000014   Code   RO        10151    i.OP_ld_value_word_stack  finsh_ops.o
    0x08002be4   0x00000020   Code   RO        10152    i.OP_ld_word        finsh_ops.o
    0x08002c04   0x00000024   Code   RO        10153    i.OP_mod_byte       finsh_ops.o
    0x08002c28   0x0000001c   Code   RO        10154    i.OP_mod_dword      finsh_ops.o
    0x08002c44   0x00000024   Code   RO        10155    i.OP_mod_word       finsh_ops.o
    0x08002c68   0x0000001c   Code   RO        10156    i.OP_mul_byte       finsh_ops.o
    0x08002c84   0x00000014   Code   RO        10157    i.OP_mul_dword      finsh_ops.o
    0x08002c98   0x0000001c   Code   RO        10158    i.OP_mul_word       finsh_ops.o
    0x08002cb4   0x00000002   Code   RO        10159    i.OP_no_op          finsh_ops.o
    0x08002cb6   0x00000002   PAD
    0x08002cb8   0x0000001c   Code   RO        10160    i.OP_or_byte        finsh_ops.o
    0x08002cd4   0x00000014   Code   RO        10161    i.OP_or_dword       finsh_ops.o
    0x08002ce8   0x0000001c   Code   RO        10162    i.OP_or_word        finsh_ops.o
    0x08002d04   0x00000010   Code   RO        10163    i.OP_pop            finsh_ops.o
    0x08002d14   0x0000001c   Code   RO        10164    i.OP_shl_byte       finsh_ops.o
    0x08002d30   0x0000001c   Code   RO        10165    i.OP_shl_dword      finsh_ops.o
    0x08002d4c   0x0000001c   Code   RO        10166    i.OP_shl_word       finsh_ops.o
    0x08002d68   0x0000001c   Code   RO        10167    i.OP_shr_byte       finsh_ops.o
    0x08002d84   0x0000001c   Code   RO        10168    i.OP_shr_dword      finsh_ops.o
    0x08002da0   0x0000001c   Code   RO        10169    i.OP_shr_word       finsh_ops.o
    0x08002dbc   0x0000001c   Code   RO        10170    i.OP_st_byte        finsh_ops.o
    0x08002dd8   0x00000018   Code   RO        10171    i.OP_st_dword       finsh_ops.o
    0x08002df0   0x0000001c   Code   RO        10172    i.OP_st_word        finsh_ops.o
    0x08002e0c   0x0000001c   Code   RO        10173    i.OP_sub_byte       finsh_ops.o
    0x08002e28   0x00000014   Code   RO        10174    i.OP_sub_dword      finsh_ops.o
    0x08002e3c   0x0000001c   Code   RO        10175    i.OP_sub_word       finsh_ops.o
    0x08002e58   0x0000001c   Code   RO        10176    i.OP_xor_byte       finsh_ops.o
    0x08002e74   0x00000014   Code   RO        10177    i.OP_xor_dword      finsh_ops.o
    0x08002e88   0x0000001c   Code   RO        10178    i.OP_xor_word       finsh_ops.o
    0x08002ea4   0x0000007c   Code   RO         7429    i.RCC_AHB1PeriphClockCmd  stm32f4xx_rcc.o
    0x08002f20   0x00000078   Code   RO         7435    i.RCC_AHB3PeriphClockCmd  stm32f4xx_rcc.o
    0x08002f98   0x00000078   Code   RO         7438    i.RCC_APB1PeriphClockCmd  stm32f4xx_rcc.o
    0x08003010   0x00000078   Code   RO         7440    i.RCC_APB1PeriphResetCmd  stm32f4xx_rcc.o
    0x08003088   0x0000007c   Code   RO         7441    i.RCC_APB2PeriphClockCmd  stm32f4xx_rcc.o
    0x08003104   0x0000007c   Code   RO         7443    i.RCC_APB2PeriphResetCmd  stm32f4xx_rcc.o
    0x08003180   0x00000094   Code   RO         7450    i.RCC_GetClocksFreq  stm32f4xx_rcc.o
    0x08003214   0x000000ac   Code   RO         8593    i.SPI_Cmd           stm32f4xx_spi.o
    0x080032c0   0x000000ec   Code   RO         8600    i.SPI_I2S_DeInit    stm32f4xx_spi.o
    0x080033ac   0x000000d8   Code   RO         8601    i.SPI_I2S_GetFlagStatus  stm32f4xx_spi.o
    0x08003484   0x0000009c   Code   RO         8604    i.SPI_I2S_ReceiveData  stm32f4xx_spi.o
    0x08003520   0x0000009c   Code   RO         8605    i.SPI_I2S_SendData  stm32f4xx_spi.o
    0x080035bc   0x00000188   Code   RO         8606    i.SPI_Init          stm32f4xx_spi.o
    0x08003744   0x00000002   Code   RO          391    i.SVC_Handler       stm32f4xx_it.o
    0x08003746   0x00000002   PAD
    0x08003748   0x000000e8   Code   RO         8758    i.SYSCFG_EXTILineConfig  stm32f4xx_syscfg.o
    0x08003830   0x000000d0   Code   RO           13    i.SetSysClock       system_stm32f4xx.o
    0x08003900   0x00000058   Code   RO         4758    i.SysTick_CLKSourceConfig  misc.o
    0x08003958   0x00000040   Code   RO          286    i.SysTick_Configuration  board.o
    0x08003998   0x00000012   Code   RO          287    i.SysTick_Handler   board.o
    0x080039aa   0x00000002   PAD
    0x080039ac   0x0000007c   Code   RO           14    i.SystemCoreClockUpdate  system_stm32f4xx.o
    0x08003a28   0x0000005c   Code   RO           15    i.SystemInit        system_stm32f4xx.o
    0x08003a84   0x00000050   Code   RO         3266    i.TIM6_DAC_IRQHandler  time_control.o
    0x08003ad4   0x000000dc   Code   RO         8823    i.TIM_ClearFlag     stm32f4xx_tim.o
    0x08003bb0   0x000000dc   Code   RO         8824    i.TIM_ClearITPendingBit  stm32f4xx_tim.o
    0x08003c8c   0x000000f8   Code   RO         8829    i.TIM_Cmd           stm32f4xx_tim.o
    0x08003d84   0x00000088   Code   RO         8831    i.TIM_CtrlPWMOutputs  stm32f4xx_tim.o
    0x08003e0c   0x000000d8   Code   RO         8848    i.TIM_GetCounter    stm32f4xx_tim.o
    0x08003ee4   0x00000114   Code   RO         8850    i.TIM_GetITStatus   stm32f4xx_tim.o
    0x08003ff8   0x00000104   Code   RO         8854    i.TIM_ITConfig      stm32f4xx_tim.o
    0x080040fc   0x000001b0   Code   RO         8858    i.TIM_OC1Init       stm32f4xx_tim.o
    0x080042ac   0x000000dc   Code   RO         8861    i.TIM_OC1PreloadConfig  stm32f4xx_tim.o
    0x08004388   0x000001a8   Code   RO         8863    i.TIM_OC2Init       stm32f4xx_tim.o
    0x08004530   0x000000bc   Code   RO         8866    i.TIM_OC2PreloadConfig  stm32f4xx_tim.o
    0x080045ec   0x00000190   Code   RO         8868    i.TIM_OC3Init       stm32f4xx_tim.o
    0x0800477c   0x000000a0   Code   RO         8871    i.TIM_OC3PreloadConfig  stm32f4xx_tim.o
    0x0800481c   0x0000013c   Code   RO         8873    i.TIM_OC4Init       stm32f4xx_tim.o
    0x08004958   0x000000a8   Code   RO         8875    i.TIM_OC4PreloadConfig  stm32f4xx_tim.o
    0x08004a00   0x00000168   Code   RO         8901    i.TIM_TimeBaseInit  stm32f4xx_tim.o
    0x08004b68   0x000000c4   Code   RO         2180    i.Tracking_2D_Angle  motion_imu.o
    0x08004c2c   0x00000024   Code   RO          392    i.UART4_IRQHandler  stm32f4xx_it.o
    0x08004c50   0x00000074   Code   RO         4675    i.UART5_IRQHandler  usart_driver.o
    0x08004cc4   0x0000003c   Code   RO          393    i.UART8_IRQHandler  stm32f4xx_it.o
    0x08004d00   0x00000024   Code   RO          394    i.USART1_IRQHandler  stm32f4xx_it.o
    0x08004d24   0x00000024   Code   RO          395    i.USART2_IRQHandler  stm32f4xx_it.o
    0x08004d48   0x00000024   Code   RO          396    i.USART3_IRQHandler  stm32f4xx_it.o
    0x08004d6c   0x000000d4   Code   RO         9375    i.USART_Cmd         stm32f4xx_usart.o
    0x08004e40   0x00000114   Code   RO         9378    i.USART_GetFlagStatus  stm32f4xx_usart.o
    0x08004f54   0x0000016c   Code   RO         9379    i.USART_GetITStatus  stm32f4xx_usart.o
    0x080050c0   0x00000158   Code   RO         9381    i.USART_ITConfig    stm32f4xx_usart.o
    0x08005218   0x00000208   Code   RO         9382    i.USART_Init        stm32f4xx_usart.o
    0x08005420   0x000000b8   Code   RO         9389    i.USART_ReceiveData  stm32f4xx_usart.o
    0x080054d8   0x000000c8   Code   RO         9392    i.USART_SendData    stm32f4xx_usart.o
    0x080055a0   0x00000002   Code   RO          397    i.UsageFault_Handler  stm32f4xx_it.o
    0x080055a2   0x00000030   Code   RO        12336    i.__ARM_fpclassify  m_wm.l(fpclassify.o)
    0x080055d2   0x00000026   Code   RO        12338    i.__ARM_fpclassifyf  m_wm.l(fpclassifyf.o)
    0x080055f8   0x0000000c   Code   RO         1817    i.__ARM_isnanf      mu_att_ekf.o
    0x08005604   0x00000118   Code   RO        12127    i.__hardfp_acosf    m_wm.l(acosf.o)
    0x0800571c   0x00000004   PAD
    0x08005720   0x00000360   Code   RO        12139    i.__hardfp_asin     m_wm.l(asin.o)
    0x08005a80   0x000002d8   Code   RO        12153    i.__hardfp_atan     m_wm.l(atan.o)
    0x08005d58   0x000001f0   Code   RO        12167    i.__hardfp_atan2    m_wm.l(atan2.o)
    0x08005f48   0x00000250   Code   RO        12179    i.__hardfp_atan2f   m_wm.l(atan2f.o)
    0x08006198   0x000000c8   Code   RO        12191    i.__hardfp_cos      m_wm.l(cos.o)
    0x08006260   0x00000118   Code   RO        12209    i.__hardfp_floor    m_wm.l(floor.o)
    0x08006378   0x000000c8   Code   RO        12243    i.__hardfp_sin      m_wm.l(sin.o)
    0x08006440   0x0000007a   Code   RO        12255    i.__hardfp_sqrt     m_wm.l(sqrt.o)
    0x080064ba   0x0000003a   Code   RO        12267    i.__hardfp_sqrtf    m_wm.l(sqrtf.o)
    0x080064f4   0x00000004   PAD
    0x080064f8   0x00000438   Code   RO        12357    i.__ieee754_rem_pio2  m_wm.l(rred.o)
    0x08006930   0x00000170   Code   RO        12319    i.__kernel_cos      m_wm.l(cos_i.o)
    0x08006aa0   0x000000f8   Code   RO        12354    i.__kernel_poly     m_wm.l(poly.o)
    0x08006b98   0x00000130   Code   RO        12362    i.__kernel_sin      m_wm.l(sin_i.o)
    0x08006cc8   0x00000014   Code   RO        12323    i.__mathlib_dbl_infnan  m_wm.l(dunder.o)
    0x08006cdc   0x00000014   Code   RO        12324    i.__mathlib_dbl_infnan2  m_wm.l(dunder.o)
    0x08006cf0   0x00000020   Code   RO        12325    i.__mathlib_dbl_invalid  m_wm.l(dunder.o)
    0x08006d10   0x00000020   Code   RO        12328    i.__mathlib_dbl_underflow  m_wm.l(dunder.o)
    0x08006d30   0x00000006   Code   RO        12341    i.__mathlib_flt_infnan  m_wm.l(funder.o)
    0x08006d36   0x00000006   Code   RO        12342    i.__mathlib_flt_infnan2  m_wm.l(funder.o)
    0x08006d3c   0x00000010   Code   RO        12343    i.__mathlib_flt_invalid  m_wm.l(funder.o)
    0x08006d4c   0x00000010   Code   RO        12346    i.__mathlib_flt_underflow  m_wm.l(funder.o)
    0x08006d5c   0x00000044   Code   RO        11259    i.__rt_ffs          kservice.o
    0x08006da0   0x00000014   Code   RO        10923    i._has_defunct_thread  idle.o
    0x08006db4   0x0000000e   Code   RO        12053    i._is_digit         c_w.l(__printf_wp.o)
    0x08006dc2   0x00000002   PAD
    0x08006dc4   0x0000008c   Code   RO         9701    i._list_device      cmd.o
    0x08006e50   0x000000ec   Code   RO         9708    i._list_thread      cmd.o
    0x08006f3c   0x000000e4   Code   RO        11705    i._rt_scheduler_stack_check  scheduler.o
    0x08007020   0x000000d8   Code   RO        11785    i._rt_thread_init   thread.o
    0x080070f8   0x00000026   Code   RO        11899    i._rt_timer_init    timer.o
    0x0800711e   0x00000020   Code   RO        11900    i._rt_timer_remove  timer.o
    0x0800713e   0x00000002   PAD
    0x08007140   0x000000c8   Code   RO         3509    i.adc_configuration  adc.o
    0x08007208   0x0000007c   Code   RO         3510    i.adc_gpio_configuration  adc.o
    0x08007284   0x0000006c   Code   RO         3511    i.adc_init          adc.o
    0x080072f0   0x00000034   Code   RO         3104    i.all_dispaly       lcd12864_io_spi.o
    0x08007324   0x0000006c   Code   RO          348    i.assert_failed     startup.o
    0x08007390   0x00000010   Code   RO        12155    i.atan              m_wm.l(atan.o)
    0x080073a0   0x0000064e   Code   RO         1792    i.att_mu_acc        mu_att_ekf.o
    0x080079ee   0x00000002   PAD
    0x080079f0   0x00000360   Code   RO         1859    i.att_tu            tu_att_ekf.o
    0x08007d50   0x000000a0   Code   RO          741    i.back_text_parse   thread_ui.o
    0x08007df0   0x00000014   Code   RO         3614    i.beep_ctrl         beep.o
    0x08007e04   0x00000034   Code   RO         3615    i.beep_init         beep.o
    0x08007e38   0x00000068   Code   RO         3616    i.beep_moniter      beep.o
    0x08007ea0   0x00000074   Code   RO         3105    i.charge_display    lcd12864_io_spi.o
    0x08007f14   0x00000038   Code   RO         3106    i.clear_screen      lcd12864_io_spi.o
    0x08007f4c   0x00000034   Code   RO         3107    i.clock_setting_display  lcd12864_io_spi.o
    0x08007f80   0x00000008   Code   RO         1536    i.custom_abs        math_custom.o
    0x08007f88   0x00000020   Code   RO         3267    i.delay_1us         time_control.o
    0x08007fa8   0x0000001a   Code   RO         3268    i.delay_ms          time_control.o
    0x08007fc2   0x00000014   Code   RO         3269    i.delay_us          time_control.o
    0x08007fd6   0x00000002   PAD
    0x08007fd8   0x00000048   Code   RO         4192    i.disable_motor     motor.o
    0x08008020   0x00000084   Code   RO         3112    i.display_string_8x16  lcd12864_io_spi.o
    0x080080a4   0x0000001c   Code   RO         3114    i.dividing_line     lcd12864_io_spi.o
    0x080080c0   0x00000664   Code   RO         1692    i.ekf7_odom_mu      ekf7_odom_mu.o
    0x08008724   0x00000544   Code   RO         1717    i.ekf7_tu           ekf7_tu.o
    0x08008c68   0x00000048   Code   RO         4193    i.enable_motor      motor.o
    0x08008cb0   0x0000007e   Code   RO         3711    i.encoder_exti_configuration  encoder.o
    0x08008d2e   0x00000002   PAD
    0x08008d30   0x00000074   Code   RO         3712    i.encoder_init      encoder.o
    0x08008da4   0x000000ca   Code   RO         2000    i.eul2quatf         eul2quatf.o
    0x08008e6e   0x00000018   Code   RO        12205    i.fabs              m_wm.l(fabs.o)
    0x08008e86   0x00000020   Code   RO         9995    i.finsh_block_insert  finsh_heap.o
    0x08008ea6   0x0000006c   Code   RO         9996    i.finsh_block_merge  finsh_heap.o
    0x08008f12   0x00000024   Code   RO         9997    i.finsh_block_remove  finsh_heap.o
    0x08008f36   0x00000002   PAD
    0x08008f38   0x00000708   Code   RO         9914    i.finsh_compile     finsh_compiler.o
    0x08009640   0x00000050   Code   RO         9915    i.finsh_compiler_run  finsh_compiler.o
    0x08009690   0x0000000c   Code   RO         9961    i.finsh_errno       finsh_error.o
    0x0800969c   0x0000000c   Code   RO         9962    i.finsh_error_init  finsh_error.o
    0x080096a8   0x0000000c   Code   RO         9963    i.finsh_error_set   finsh_error.o
    0x080096b4   0x0000000c   Code   RO         9964    i.finsh_error_string  finsh_error.o
    0x080096c0   0x00000012   Code   RO        10038    i.finsh_flush       finsh_init.o
    0x080096d2   0x00000002   PAD
    0x080096d4   0x000000b8   Code   RO         9998    i.finsh_heap_allocate  finsh_heap.o
    0x0800978c   0x0000002c   Code   RO         9999    i.finsh_heap_free   finsh_heap.o
    0x080097b8   0x00000028   Code   RO        10000    i.finsh_heap_init   finsh_heap.o
    0x080097e0   0x0000001a   Code   RO        10039    i.finsh_init        finsh_init.o
    0x080097fa   0x00000002   PAD
    0x080097fc   0x00000030   Code   RO        10074    i.finsh_node_allocate  finsh_node.o
    0x0800982c   0x00000014   Code   RO        10075    i.finsh_node_init   finsh_node.o
    0x08009840   0x0000001a   Code   RO        10076    i.finsh_node_new_char  finsh_node.o
    0x0800985a   0x0000005e   Code   RO        10077    i.finsh_node_new_id  finsh_node.o
    0x080098b8   0x0000001a   Code   RO        10078    i.finsh_node_new_int  finsh_node.o
    0x080098d2   0x0000001a   Code   RO        10079    i.finsh_node_new_long  finsh_node.o
    0x080098ec   0x0000001a   Code   RO        10080    i.finsh_node_new_ptr  finsh_node.o
    0x08009906   0x00000046   Code   RO        10081    i.finsh_node_new_string  finsh_node.o
    0x0800994c   0x0000000c   Code   RO        10431    i.finsh_parser_init  finsh_parser.o
    0x08009958   0x000000a2   Code   RO        10432    i.finsh_parser_run  finsh_parser.o
    0x080099fa   0x00000002   PAD
    0x080099fc   0x000000b4   Code   RO        10712    i.finsh_run_line    shell.o
    0x08009ab0   0x00000068   Code   RO        10713    i.finsh_rx_ind      shell.o
    0x08009b18   0x000000d8   Code   RO        10714    i.finsh_set_device  shell.o
    0x08009bf0   0x0000000c   Code   RO        10041    i.finsh_stack_bottom  finsh_init.o
    0x08009bfc   0x00000054   Code   RO        10654    i.finsh_syscall_lookup  finsh_vm.o
    0x08009c50   0x00000014   Code   RO        10716    i.finsh_system_function_init  shell.o
    0x08009c64   0x000000b0   Code   RO        10717    i.finsh_system_init  shell.o
    0x08009d14   0x00000014   Code   RO        10718    i.finsh_system_var_init  shell.o
    0x08009d28   0x00000054   Code   RO        10601    i.finsh_sysvar_lookup  finsh_var.o
    0x08009d7c   0x000003e4   Code   RO        10719    i.finsh_thread_entry  shell.o
    0x0800a160   0x00000012   Code   RO        10533    i.finsh_token_init  finsh_token.o
    0x0800a172   0x00000018   Code   RO        10534    i.finsh_token_token  finsh_token.o
    0x0800a18a   0x000000dc   Code   RO         9916    i.finsh_type_check  finsh_compiler.o
    0x0800a266   0x00000002   PAD
    0x0800a268   0x00000014   Code   RO        10603    i.finsh_var_init    finsh_var.o
    0x0800a27c   0x00000060   Code   RO        10604    i.finsh_var_insert  finsh_var.o
    0x0800a2dc   0x00000038   Code   RO        10605    i.finsh_var_lookup  finsh_var.o
    0x0800a314   0x00000034   Code   RO        10655    i.finsh_vm_run      finsh_vm.o
    0x0800a348   0x00000010   Code   RO          742    i.form_init         thread_ui.o
    0x0800a358   0x00000020   Code   RO          743    i.form_parse        thread_ui.o
    0x0800a378   0x00000090   Code   RO         1103    i.frame_alignment   thread_imu.o
    0x0800a408   0x0000004c   Code   RO         2910    i.front_bumper_init  bumper_front.o
    0x0800a454   0x00000058   Code   RO         4371    i.get_acc           mpu6500_spi.o
    0x0800a4ac   0x0000000c   Code   RO         3512    i.get_adc_value     adc.o
    0x0800a4b8   0x0000000e   Code   RO         1537    i.get_bound_data    math_custom.o
    0x0800a4c6   0x00000002   PAD
    0x0800a4c8   0x00000040   Code   RO         3713    i.get_encoder_info  encoder.o
    0x0800a508   0x00000048   Code   RO         2911    i.get_front_bumper_info  bumper_front.o
    0x0800a550   0x0000006c   Code   RO          525    i.get_gps_data      thread_gps.o
    0x0800a5bc   0x00000058   Code   RO         4372    i.get_gyro          mpu6500_spi.o
    0x0800a614   0x0000000c   Code   RO         4004    i.get_iic2_sda      iic2.o
    0x0800a620   0x0000000c   Code   RO         3910    i.get_iic_sda       iic.o
    0x0800a62c   0x00000068   Code   RO         3714    i.get_left_encoder  encoder.o
    0x0800a694   0x00000024   Code   RO         4098    i.get_mag_info      ist8310.o
    0x0800a6b8   0x00000024   Code   RO         4145    i.get_mag_info2     ist83102.o
    0x0800a6dc   0x00000010   Code   RO         4194    i.get_motor_current  motor.o
    0x0800a6ec   0x00000064   Code   RO         4195    i.get_motor_info    motor.o
    0x0800a750   0x00000034   Code   RO         4373    i.get_mpu_info      mpu6500_spi.o
    0x0800a784   0x00000068   Code   RO         3716    i.get_right_encoder  encoder.o
    0x0800a7ec   0x00000030   Code   RO         4592    i.get_sonar_info    sonar.o
    0x0800a81c   0x00000028   Code   RO         4374    i.get_temp          mpu6500_spi.o
    0x0800a844   0x00000024   Code   RO         3270    i.get_time_diff1    time_control.o
    0x0800a868   0x00000024   Code   RO         3271    i.get_time_diff2    time_control.o
    0x0800a88c   0x0000003c   Code   RO         3272    i.get_time_stamp    time_control.o
    0x0800a8c8   0x00000048   Code   RO         3030    i.get_wheel_up_info  wheel_up.o
    0x0800a910   0x00000280   Code   RO         1003    i.gpio_configuration  mower_hw_config.o
    0x0800ab90   0x0000003c   Code   RO         1106    i.grav_acc          thread_imu.o
    0x0800abcc   0x00000018   Code   RO          744    i.gui_data_init     thread_ui.o
    0x0800abe4   0x0000007c   Code   RO          745    i.gui_init          thread_ui.o
    0x0800ac60   0x0000007c   Code   RO         1038    i.gui_menu_init     menu.o
    0x0800acdc   0x00000058   Code   RO          746    i.gui_update        thread_ui.o
    0x0800ad34   0x00000118   Code   RO         3375    i.gyro_bias_init    hardware.o
    0x0800ae4c   0x000002cc   Code   RO         1884    i.hampel            hampel.o
    0x0800b118   0x00000184   Code   RO         1107    i.hampel_imu        thread_imu.o
    0x0800b29c   0x00000042   Code   RO         3376    i.hardware_init     hardware.o
    0x0800b2de   0x00000002   PAD
    0x0800b2e0   0x00000174   Code   RO         1039    i.home_form_init    menu.o
    0x0800b454   0x0000002e   Code   RO         4005    i.iic2_ack          iic2.o
    0x0800b482   0x00000002   PAD
    0x0800b484   0x0000005c   Code   RO         4006    i.iic2_init         iic2.o
    0x0800b4e0   0x0000002e   Code   RO         4007    i.iic2_nack         iic2.o
    0x0800b50e   0x0000004a   Code   RO         4008    i.iic2_read_byte    iic2.o
    0x0800b558   0x0000002c   Code   RO         4009    i.iic2_sda_in       iic2.o
    0x0800b584   0x00000028   Code   RO         4010    i.iic2_sda_out      iic2.o
    0x0800b5ac   0x0000004a   Code   RO         4011    i.iic2_send_byte    iic2.o
    0x0800b5f6   0x0000002e   Code   RO         4012    i.iic2_start        iic2.o
    0x0800b624   0x0000002e   Code   RO         4013    i.iic2_stop         iic2.o
    0x0800b652   0x00000042   Code   RO         4014    i.iic2_wait_ack     iic2.o
    0x0800b694   0x0000002e   Code   RO         3911    i.iic_ack           iic.o
    0x0800b6c2   0x00000002   PAD
    0x0800b6c4   0x0000005c   Code   RO         3912    i.iic_init          iic.o
    0x0800b720   0x0000002e   Code   RO         3913    i.iic_nack          iic.o
    0x0800b74e   0x0000004a   Code   RO         3914    i.iic_read_byte     iic.o
    0x0800b798   0x0000002c   Code   RO         3915    i.iic_sda_in        iic.o
    0x0800b7c4   0x00000028   Code   RO         3916    i.iic_sda_out       iic.o
    0x0800b7ec   0x0000004a   Code   RO         3917    i.iic_send_byte     iic.o
    0x0800b836   0x0000002e   Code   RO         3918    i.iic_start         iic.o
    0x0800b864   0x0000002e   Code   RO         3919    i.iic_stop          iic.o
    0x0800b892   0x00000042   Code   RO         3920    i.iic_wait_ack      iic.o
    0x0800b8d4   0x000001c4   Code   RO          173    i.imu_validation    application.o
    0x0800ba98   0x00000028   Code   RO          398    i.inverse_level     stm32f4xx_it.o
    0x0800bac0   0x00000042   Code   RO         4146    i.ist8310_iic2_read_register  ist83102.o
    0x0800bb02   0x0000003e   Code   RO         4147    i.ist8310_iic2_write_register  ist83102.o
    0x0800bb40   0x00000042   Code   RO         4099    i.ist8310_iic_read_register  ist8310.o
    0x0800bb82   0x0000003e   Code   RO         4100    i.ist8310_iic_write_register  ist8310.o
    0x0800bbc0   0x00000238   Code   RO         2842    i.key_check_d       key.o
    0x0800bdf8   0x0000001c   Code   RO         2843    i.key_hw_config     key.o
    0x0800be14   0x000000cc   Code   RO         2844    i.key_scan          key.o
    0x0800bee0   0x00000014   Code   RO          688    i.key_thread_variable_init  thread_key.o
    0x0800bef4   0x00000002   Code   RO         2845    i.key_variable_init  key.o
    0x0800bef6   0x00000002   PAD
    0x0800bef8   0x000001ac   Code   RO          747    i.label_2_gui_ram   thread_ui.o
    0x0800c0a4   0x0000001a   Code   RO          748    i.label_add         thread_ui.o
    0x0800c0be   0x00000002   PAD
    0x0800c0c0   0x000000b0   Code   RO          749    i.label_parse       thread_ui.o
    0x0800c170   0x0000008c   Code   RO         3116    i.lcd12864_st7565r_init  lcd12864_io_spi.o
    0x0800c1fc   0x00000030   Code   RO         3117    i.lcd_address       lcd12864_io_spi.o
    0x0800c22c   0x00000034   Code   RO         2508    i.lcd_clear         lcd.o
    0x0800c260   0x000000d8   Code   RO         2510    i.lcd_display_dir   lcd.o
    0x0800c338   0x00000060   Code   RO         2517    i.lcd_fast_draw_point  lcd.o
    0x0800c398   0x0000106c   Code   RO         2521    i.lcd_nt35510_init  lcd.o
    0x0800d404   0x00000014   Code   RO         2522    i.lcd_read_data_16bit  lcd.o
    0x0800d418   0x000001b8   Code   RO         2525    i.lcd_scan_dir      lcd.o
    0x0800d5d0   0x00000104   Code   RO         2526    i.lcd_set_cursor    lcd.o
    0x0800d6d4   0x000000dc   Code   RO         2528    i.lcd_show_char     lcd.o
    0x0800d7b0   0x00000054   Code   RO         2530    i.lcd_show_string   lcd.o
    0x0800d804   0x00000018   Code   RO         2533    i.lcd_write_data_16bit  lcd.o
    0x0800d81c   0x00000014   Code   RO         2535    i.lcd_write_ram_prepare  lcd.o
    0x0800d830   0x00000018   Code   RO         2536    i.lcd_write_reg_16bit  lcd.o
    0x0800d848   0x00000010   Code   RO         2537    i.lcd_write_reg_data  lcd.o
    0x0800d858   0x0000004c   Code   RO         3118    i.led_test          lcd12864_io_spi.o
    0x0800d8a4   0x0000000c   Code   RO         9712    i.list_device       cmd.o
    0x0800d8b0   0x0000006c   Code   RO        11452    i.list_mem          mem.o
    0x0800d91c   0x000001f0   Code   RO         9718    i.list_prefix       cmd.o
    0x0800db0c   0x0000000c   Code   RO         9720    i.list_thread       cmd.o
    0x0800db18   0x00000140   Code   RO         3378    i.mag_cali_init     hardware.o
    0x0800dc58   0x00000120   Code   RO         1952    i.mag_ellipse_mapping  map_ellipse_mapping.o
    0x0800dd78   0x00000024   Code   RO         4101    i.mag_init          ist8310.o
    0x0800dd9c   0x00000024   Code   RO         4148    i.mag_init2         ist83102.o
    0x0800ddc0   0x0000000e   Code   RO          349    i.main              startup.o
    0x0800ddce   0x00000020   Code   RO        10433    i.make_sys_node     finsh_parser.o
    0x0800ddee   0x00000002   PAD
    0x0800ddf0   0x00000134   Code   RO         1885    i.medianf           hampel.o
    0x0800df24   0x00000024   Code   RO         3119    i.mini_clock_display  lcd12864_io_spi.o
    0x0800df48   0x00000020   Code   RO         4196    i.motor_brake       motor.o
    0x0800df68   0x00000020   Code   RO         4197    i.motor_brake_release  motor.o
    0x0800df88   0x00000100   Code   RO         4198    i.motor_gpio_configuration  motor.o
    0x0800e088   0x00000012   Code   RO         4199    i.motor_init        motor.o
    0x0800e09a   0x00000002   PAD
    0x0800e09c   0x000000ac   Code   RO         4200    i.motor_pwm_configuration  motor.o
    0x0800e148   0x00000020   Code   RO         1429    i.mower_border_detect_thread  thread_border_detect.o
    0x0800e168   0x00000188   Code   RO          529    i.mower_gps_thread  thread_gps.o
    0x0800e2f0   0x00000164   Code   RO         1108    i.mower_imu_thread  thread_imu.o
    0x0800e454   0x00000048   Code   RO         1257    i.mower_monitor_thread  thread_monitor.o
    0x0800e49c   0x0000013c   Code   RO         1285    i.mower_motion_square  thread_motion.o
    0x0800e5d8   0x00000030   Code   RO         1286    i.mower_motion_thread  thread_motion.o
    0x0800e608   0x00000084   Code   RO          750    i.mower_ui_thread   thread_ui.o
    0x0800e68c   0x0000002c   Code   RO         2371    i.mower_updata_thread  thread_updata.o
    0x0800e6b8   0x0000001c   Code   RO         1457    i.mower_wireless_thread  thread_wireless.o
    0x0800e6d4   0x0000008c   Code   RO         4375    i.mpu6500_gpio_configuration  mpu6500_spi.o
    0x0800e760   0x0000003c   Code   RO         4376    i.mpu6500_spi_read_register  mpu6500_spi.o
    0x0800e79c   0x00000038   Code   RO         4377    i.mpu6500_spi_txrx  mpu6500_spi.o
    0x0800e7d4   0x00000038   Code   RO         4378    i.mpu6500_spi_write_register  mpu6500_spi.o
    0x0800e80c   0x000000a4   Code   RO         4379    i.mpu_init          mpu6500_spi.o
    0x0800e8b0   0x000001ec   Code   RO         1109    i.mpu_preprocessing  thread_imu.o
    0x0800ea9c   0x00000090   Code   RO         1793    i.norm3             mu_att_ekf.o
    0x0800eb2c   0x00000068   Code   RO         1886    i.nullAssignment    hampel.o
    0x0800eb94   0x00000032   Code   RO          174    i.odo_validation    application.o
    0x0800ebc6   0x00000002   PAD
    0x0800ebc8   0x00000050   Code   RO         2048    i.odom_preprocessing  odom_preprocessing.o
    0x0800ec18   0x000000b8   Code   RO         1004    i.peripheral_hw_config  mower_hw_config.o
    0x0800ecd0   0x00000134   Code   RO        11453    i.plug_holes        mem.o
    0x0800ee04   0x0000002c   Code   RO          530    i.pos_init          thread_gps.o
    0x0800ee30   0x00000088   Code   RO         4456    i.power_control_init  power.o
    0x0800eeb8   0x00000128   Code   RO        11261    i.print_number      kservice.o
    0x0800efe0   0x0000004c   Code   RO        10434    i.proc_additive_expr  finsh_parser.o
    0x0800f02c   0x00000038   Code   RO        10435    i.proc_and_expr     finsh_parser.o
    0x0800f064   0x00000058   Code   RO        10436    i.proc_assign_expr  finsh_parser.o
    0x0800f0bc   0x00000042   Code   RO        10437    i.proc_cast_expr    finsh_parser.o
    0x0800f0fe   0x00000038   Code   RO        10438    i.proc_exclusive_or_expr  finsh_parser.o
    0x0800f136   0x00000004   Code   RO        10439    i.proc_expr         finsh_parser.o
    0x0800f13a   0x00000032   Code   RO        10440    i.proc_expr_statement  finsh_parser.o
    0x0800f16c   0x0000002a   Code   RO        10441    i.proc_identifier   finsh_parser.o
    0x0800f196   0x0000005a   Code   RO        10442    i.proc_multiplicative_expr  finsh_parser.o
    0x0800f1f0   0x000000ac   Code   RO        10443    i.proc_postfix_expr  finsh_parser.o
    0x0800f29c   0x000000a8   Code   RO        10444    i.proc_primary_expr  finsh_parser.o
    0x0800f344   0x0000004c   Code   RO        10445    i.proc_shift_expr   finsh_parser.o
    0x0800f390   0x000000d2   Code   RO        10446    i.proc_type         finsh_parser.o
    0x0800f462   0x0000009a   Code   RO        10447    i.proc_unary_expr   finsh_parser.o
    0x0800f4fc   0x00000184   Code   RO        10448    i.proc_variable_decl  finsh_parser.o
    0x0800f680   0x00000034   Code   RO         4593    i.process_left_sonar  sonar.o
    0x0800f6b4   0x0000005c   Code   RO         4594    i.process_left_sonar_falling  sonar.o
    0x0800f710   0x00000018   Code   RO         4595    i.process_left_sonar_rising  sonar.o
    0x0800f728   0x00000034   Code   RO         4596    i.process_right_sonar  sonar.o
    0x0800f75c   0x0000005c   Code   RO         4597    i.process_right_sonar_falling  sonar.o
    0x0800f7b8   0x00000018   Code   RO         4598    i.process_right_sonar_rising  sonar.o
    0x0800f7d0   0x00000028   Code   RO         4201    i.pwm_ctrl_disable  motor.o
    0x0800f7f8   0x0000001c   Code   RO         4202    i.pwm_ctrl_enable   motor.o
    0x0800f814   0x00000166   Code   RO         1835    i.quat2eulf         quat2eulf.o
    0x0800f97a   0x00000072   Code   RO         1110    i.quat_norm         thread_imu.o
    0x0800f9ec   0x00000002   Code   RO         3069    i.rainbow_led_hw_config  rainbow_led.o
    0x0800f9ee   0x00000002   PAD
    0x0800f9f0   0x00000018   Code   RO         3070    i.rainbow_led_variable_init  rainbow_led.o
    0x0800fa08   0x00000010   Code   RO         3718    i.reset_encoder     encoder.o
    0x0800fa18   0x00000010   Code   RO         2912    i.reset_front_bumper  bumper_front.o
    0x0800fa28   0x00000018   Code   RO         4203    i.reset_motor       motor.o
    0x0800fa40   0x0000007c   Code   RO         1578    i.reset_motor_control  motor_control.o
    0x0800fabc   0x00000010   Code   RO         3031    i.reset_wheel_up    wheel_up.o
    0x0800facc   0x0000010c   Code   RO         1111    i.rot_update        thread_imu.o
    0x0800fbd8   0x00000244   Code   RO          175    i.rt_application_init  application.o
    0x0800fe1c   0x0000000c   Code   RO        11262    i.rt_console_get_device  kservice.o
    0x0800fe28   0x00000028   Code   RO        11263    i.rt_console_set_device  kservice.o
    0x0800fe50   0x00000040   Code   RO        11264    i.rt_debug          kservice.o
    0x0800fe90   0x00000088   Code   RO        10843    i.rt_device_close   device.o
    0x0800ff18   0x00000050   Code   RO        10845    i.rt_device_find    device.o
    0x0800ff68   0x00000120   Code   RO        10848    i.rt_device_open    device.o
    0x08010088   0x0000008c   Code   RO        10849    i.rt_device_read    device.o
    0x08010114   0x00000030   Code   RO        10850    i.rt_device_register  device.o
    0x08010144   0x0000005c   Code   RO        10851    i.rt_device_set_rx_indicate  device.o
    0x080101a0   0x0000008c   Code   RO        10854    i.rt_device_write   device.o
    0x0801022c   0x0000001c   Code   RO        11707    i.rt_enter_critical  scheduler.o
    0x08010248   0x0000007c   Code   RO        10969    i.rt_event_init     ipc.o
    0x080102c4   0x00000218   Code   RO        10970    i.rt_event_recv     ipc.o
    0x080104dc   0x000000f0   Code   RO        10971    i.rt_event_send     ipc.o
    0x080105cc   0x00000030   Code   RO        11708    i.rt_exit_critical  scheduler.o
    0x080105fc   0x000001c0   Code   RO        11455    i.rt_free           mem.o
    0x080107bc   0x0000003c   Code   RO          288    i.rt_hw_board_init  board.o
    0x080107f8   0x00000002   Code   RO        11267    i.rt_hw_console_output  kservice.o
    0x080107fa   0x00000002   PAD
    0x080107fc   0x00000108   Code   RO         9628    i.rt_hw_hard_fault_exception  cpuport.o
    0x08010904   0x00000094   Code   RO         2846    i.rt_hw_key_register  key.o
    0x08010998   0x00000088   Code   RO         2539    i.rt_hw_lcd_register  lcd.o
    0x08010a20   0x000000d4   Code   RO         2735    i.rt_hw_serial_register  serial.o
    0x08010af4   0x0000003c   Code   RO         9629    i.rt_hw_stack_init  cpuport.o
    0x08010b30   0x00000158   Code   RO         2808    i.rt_hw_usart_init  usart.o
    0x08010c88   0x00000074   Code   RO          176    i.rt_init_thread_entry  application.o
    0x08010cfc   0x0000001c   Code   RO        11229    i.rt_interrupt_enter  irq.o
    0x08010d18   0x0000000c   Code   RO        11230    i.rt_interrupt_get_nest  irq.o
    0x08010d24   0x0000001c   Code   RO        11231    i.rt_interrupt_leave  irq.o
    0x08010d40   0x0000000e   Code   RO        10972    i.rt_ipc_list_resume  ipc.o
    0x08010d4e   0x00000050   Code   RO        10974    i.rt_ipc_list_suspend  ipc.o
    0x08010d9e   0x00000010   Code   RO         2848    i.rt_key_init       key.o
    0x08010dae   0x00000002   PAD
    0x08010db0   0x00000048   Code   RO        11268    i.rt_kprintf        kservice.o
    0x08010df8   0x0000000e   Code   RO        11603    i.rt_list_insert_after  object.o
    0x08010e06   0x0000000e   Code   RO        11786    i.rt_list_insert_after  thread.o
    0x08010e14   0x0000000e   Code   RO        11901    i.rt_list_insert_after  timer.o
    0x08010e22   0x0000000e   Code   RO        10975    i.rt_list_insert_before  ipc.o
    0x08010e30   0x0000000e   Code   RO        10976    i.rt_list_isempty   ipc.o
    0x08010e3e   0x0000000e   Code   RO        11902    i.rt_list_isempty   timer.o
    0x08010e4c   0x00000012   Code   RO        11604    i.rt_list_remove    object.o
    0x08010e5e   0x00000012   Code   RO        11787    i.rt_list_remove    thread.o
    0x08010e70   0x00000260   Code   RO        11457    i.rt_malloc         mem.o
    0x080110d0   0x0000002e   Code   RO        11272    i.rt_memmove        kservice.o
    0x080110fe   0x00000044   Code   RO        11273    i.rt_memset         kservice.o
    0x08011142   0x00000002   PAD
    0x08011144   0x00000184   Code   RO        11533    i.rt_mp_alloc       mempool.o
    0x080112c8   0x000000bc   Code   RO        11540    i.rt_mp_init        mempool.o
    0x08011384   0x000000d4   Code   RO        11605    i.rt_object_allocate  object.o
    0x08011458   0x000000d4   Code   RO        11607    i.rt_object_delete  object.o
    0x0801152c   0x0000007c   Code   RO        11608    i.rt_object_detach  object.o
    0x080115a8   0x00000048   Code   RO        11612    i.rt_object_init    object.o
    0x080115f0   0x00000068   Code   RO        11613    i.rt_object_is_systemobject  object.o
    0x08011658   0x0000006c   Code   RO        11709    i.rt_schedule       scheduler.o
    0x080116c4   0x0000009c   Code   RO        11710    i.rt_schedule_insert_thread  scheduler.o
    0x08011760   0x000000a0   Code   RO        11711    i.rt_schedule_remove_thread  scheduler.o
    0x08011800   0x00000074   Code   RO        11004    i.rt_sem_init       ipc.o
    0x08011874   0x0000004c   Code   RO        11005    i.rt_sem_release    ipc.o
    0x080118c0   0x000001ac   Code   RO        11006    i.rt_sem_take       ipc.o
    0x08011a6c   0x00000004   Code   RO         2736    i.rt_serial_close   serial.o
    0x08011a70   0x00000084   Code   RO         2737    i.rt_serial_control  serial.o
    0x08011af4   0x00000078   Code   RO         2738    i.rt_serial_enable_dma  serial.o
    0x08011b6c   0x000000d0   Code   RO         2739    i.rt_serial_init    serial.o
    0x08011c3c   0x00000004   Code   RO         2740    i.rt_serial_open    serial.o
    0x08011c40   0x00000076   Code   RO         2741    i.rt_serial_read    serial.o
    0x08011cb6   0x00000002   PAD
    0x08011cb8   0x000000ec   Code   RO         2742    i.rt_serial_write   serial.o
    0x08011da4   0x00000020   Code   RO        11274    i.rt_set_errno      kservice.o
    0x08011dc4   0x000001d4   Code   RO        11275    i.rt_show_version   kservice.o
    0x08011f98   0x00000010   Code   RO        11281    i.rt_strlen         kservice.o
    0x08011fa8   0x00000020   Code   RO        11282    i.rt_strncmp        kservice.o
    0x08011fc8   0x00000026   Code   RO        11283    i.rt_strncpy        kservice.o
    0x08011fee   0x00000002   PAD
    0x08011ff0   0x00000134   Code   RO        11461    i.rt_system_heap_init  mem.o
    0x08012124   0x00000002   Code   RO        11617    i.rt_system_object_init  object.o
    0x08012126   0x00000002   PAD
    0x08012128   0x00000034   Code   RO        11713    i.rt_system_scheduler_init  scheduler.o
    0x0801215c   0x00000028   Code   RO        11714    i.rt_system_scheduler_start  scheduler.o
    0x08012184   0x00000002   Code   RO        10805    i.rt_system_tick_init  clock.o
    0x08012186   0x00000002   PAD
    0x08012188   0x00000018   Code   RO        11903    i.rt_system_timer_init  timer.o
    0x080121a0   0x00000002   Code   RO        11904    i.rt_system_timer_thread_init  timer.o
    0x080121a2   0x00000048   Code   RO        11789    i.rt_thread_create  thread.o
    0x080121ea   0x00000004   Code   RO        11790    i.rt_thread_delay   thread.o
    0x080121ee   0x00000002   PAD
    0x080121f0   0x00000058   Code   RO        11793    i.rt_thread_exit    thread.o
    0x08012248   0x00000014   Code   RO        10924    i.rt_thread_idle_entry  idle.o
    0x0801225c   0x000000e4   Code   RO        10925    i.rt_thread_idle_excute  idle.o
    0x08012340   0x00000038   Code   RO        10926    i.rt_thread_idle_init  idle.o
    0x08012378   0x000000c0   Code   RO        11795    i.rt_thread_init    thread.o
    0x08012438   0x0000008c   Code   RO        11796    i.rt_thread_resume  thread.o
    0x080124c4   0x0000000c   Code   RO        11797    i.rt_thread_self    thread.o
    0x080124d0   0x00000098   Code   RO        11798    i.rt_thread_sleep   thread.o
    0x08012568   0x000000c4   Code   RO        11799    i.rt_thread_startup  thread.o
    0x0801262c   0x0000008c   Code   RO        11800    i.rt_thread_suspend  thread.o
    0x080126b8   0x000000c0   Code   RO        11801    i.rt_thread_timeout  thread.o
    0x08012778   0x0000005c   Code   RO        11802    i.rt_thread_yield   thread.o
    0x080127d4   0x0000000c   Code   RO        10807    i.rt_tick_get       clock.o
    0x080127e0   0x0000002c   Code   RO        10808    i.rt_tick_increase  clock.o
    0x0801280c   0x0000007c   Code   RO        11905    i.rt_timer_check    timer.o
    0x08012888   0x0000008c   Code   RO        11906    i.rt_timer_control  timer.o
    0x08012914   0x0000002e   Code   RO        11907    i.rt_timer_create   timer.o
    0x08012942   0x00000002   PAD
    0x08012944   0x00000074   Code   RO        11909    i.rt_timer_detach   timer.o
    0x080129b8   0x00000080   Code   RO        11910    i.rt_timer_init     timer.o
    0x08012a38   0x0000014c   Code   RO        11912    i.rt_timer_start    timer.o
    0x08012b84   0x00000090   Code   RO        11913    i.rt_timer_stop     timer.o
    0x08012c14   0x00000250   Code   RO        11285    i.rt_vsnprintf      kservice.o
    0x08012e64   0x00000050   Code   RO          350    i.rtthread_startup  startup.o
    0x08012eb4   0x00000034   Code   RO         3120    i.security_display  lcd12864_io_spi.o
    0x08012ee8   0x000008f8   Code   RO         2132    i.send_data         send_data.o
    0x080137e0   0x00000018   Code   RO         4015    i.set_iic2_scl      iic2.o
    0x080137f8   0x00000018   Code   RO         4016    i.set_iic2_sda      iic2.o
    0x08013810   0x00000018   Code   RO         3921    i.set_iic_scl       iic.o
    0x08013828   0x00000018   Code   RO         3922    i.set_iic_sda       iic.o
    0x08013840   0x00000024   Code   RO         1580    i.set_motor_control_speed_s32  motor_control.o
    0x08013864   0x0000000c   Code   RO         1581    i.set_motor_control_type  motor_control.o
    0x08013870   0x0000006c   Code   RO         4204    i.set_motor_pwm     motor.o
    0x080138dc   0x00000028   Code   RO        10720    i.shell_handle_history  shell.o
    0x08013904   0x00000084   Code   RO        10721    i.shell_push_history  shell.o
    0x08013988   0x00000028   Code   RO        11287    i.skip_atoi         kservice.o
    0x080139b0   0x0000000c   Code   RO         3273    i.soft_timeout_1000ms  time_control.o
    0x080139bc   0x00000020   Code   RO         3274    i.soft_timeout_100ms  time_control.o
    0x080139dc   0x00000050   Code   RO         3275    i.soft_timeout_10ms  time_control.o
    0x08013a2c   0x00000068   Code   RO         4599    i.sonar_exti_configuration  sonar.o
    0x08013a94   0x00000068   Code   RO         4600    i.sonar_gpio_configuration  sonar.o
    0x08013afc   0x0000000e   Code   RO         4601    i.sonar_init        sonar.o
    0x08013b0a   0x00000002   PAD
    0x08013b0c   0x00000040   Code   RO         4602    i.sonar_launch      sonar.o
    0x08013b4c   0x0000006e   Code   RO        12257    i.sqrt              m_wm.l(sqrt.o)
    0x08013bba   0x0000003e   Code   RO        12269    i.sqrtf             m_wm.l(sqrtf.o)
    0x08013bf8   0x0000001a   Code   RO         9725    i.str_common        cmd.o
    0x08013c12   0x0000001a   Code   RO         9726    i.str_is_prefix     cmd.o
    0x08013c2c   0x0000001c   Code   RO         3121    i.strping_display   lcd12864_io_spi.o
    0x08013c48   0x00000084   Code   RO          867    i.sys_power_control  mower_common.o
    0x08013ccc   0x0000001c   Code   RO          868    i.sys_power_control_delaly  mower_common.o
    0x08013ce8   0x00000032   Code   RO          646    i.systick_ms_delay  delay.o
    0x08013d1a   0x0000003a   Code   RO          647    i.systick_us_delay  delay.o
    0x08013d54   0x0000001a   Code   RO          751    i.text_box_add      thread_ui.o
    0x08013d6e   0x00000002   PAD
    0x08013d70   0x00000014   Code   RO          753    i.text_box_focus_switch  thread_ui.o
    0x08013d84   0x000000a0   Code   RO          754    i.text_box_parse    thread_ui.o
    0x08013e24   0x00000068   Code   RO         3276    i.time_control_clock_init  time_control.o
    0x08013e8c   0x000000bc   Code   RO         3279    i.time_event        time_control.o
    0x08013f48   0x00000064   Code   RO        10535    i.token_get_string  finsh_token.o
    0x08013fac   0x00000038   Code   RO        10536    i.token_next_char   finsh_token.o
    0x08013fe4   0x00000012   Code   RO        10537    i.token_prev_char   finsh_token.o
    0x08013ff6   0x0000008e   Code   RO        10538    i.token_proc_char   finsh_token.o
    0x08014084   0x0000008a   Code   RO        10539    i.token_proc_escape  finsh_token.o
    0x0801410e   0x000000da   Code   RO        10540    i.token_proc_number  finsh_token.o
    0x080141e8   0x000001b8   Code   RO        10541    i.token_run         finsh_token.o
    0x080143a0   0x00000070   Code   RO        10542    i.token_spec_number  finsh_token.o
    0x08014410   0x00000044   Code   RO         3123    i.transfer_command  lcd12864_io_spi.o
    0x08014454   0x00000044   Code   RO         3124    i.transfer_data     lcd12864_io_spi.o
    0x08014498   0x000000d4   Code   RO         4676    i.uart_emsensor_init  usart_driver.o
    0x0801456c   0x0000037c   Code   RO          531    i.ubx_nav_pvt       thread_gps.o
    0x080148e8   0x00000038   Code   RO         3380    i.update_all_sensors  hardware.o
    0x08014920   0x00000028   Code   RO         3719    i.update_left_encoder  encoder.o
    0x08014948   0x00000088   Code   RO         4102    i.update_mag        ist8310.o
    0x080149d0   0x00000088   Code   RO         4149    i.update_mag        ist83102.o
    0x08014a58   0x00000048   Code   RO         1584    i.update_motor_control  motor_control.o
    0x08014aa0   0x00000024   Code   RO         4205    i.update_motor_current  motor.o
    0x08014ac4   0x00000028   Code   RO         3720    i.update_right_encoder  encoder.o
    0x08014aec   0x000000b8   Code   RO         4677    i.usart_bms_init    usart_driver.o
    0x08014ba4   0x000000b8   Code   RO         4678    i.usart_broder_init  usart_driver.o
    0x08014c5c   0x000000b8   Code   RO         4679    i.usart_com_init    usart_driver.o
    0x08014d14   0x000000b8   Code   RO         4680    i.usart_debug_init  usart_driver.o
    0x08014dcc   0x000000b4   Code   RO         4681    i.usart_gps_init    usart_driver.o
    0x08014e80   0x00000016   Code   RO         4682    i.usart_send_byte   usart_driver.o
    0x08014e96   0x0000001a   Code   RO         4683    i.usarts_init       usart_driver.o
    0x08014eb0   0x00000048   Code   RO         3032    i.wheel_up_init     wheel_up.o
    0x08014ef8   0x00000030   Code   RO         3125    i.wrench_display    lcd12864_io_spi.o
    0x08014f28   0x0000002c   Code   RO        12406    locale$$code        c_w.l(lc_ctype_c.o)
    0x08014f54   0x00000018   Code   RO        12089    x$fpl$basic         fz_wm.l(basic.o)
    0x08014f6c   0x00000062   Code   RO        12091    x$fpl$d2f           fz_wm.l(d2f.o)
    0x08014fce   0x00000002   PAD
    0x08014fd0   0x00000150   Code   RO        12093    x$fpl$dadd          fz_wm.l(daddsub_clz.o)
    0x08015120   0x00000018   Code   RO        12302    x$fpl$dcmpinf       fz_wm.l(dcmpi.o)
    0x08015138   0x000002b0   Code   RO        12100    x$fpl$ddiv          fz_wm.l(ddiv.o)
    0x080153e8   0x0000005e   Code   RO        12103    x$fpl$dfix          fz_wm.l(dfix.o)
    0x08015446   0x0000002e   Code   RO        12112    x$fpl$dflt          fz_wm.l(dflt_clz.o)
    0x08015474   0x00000026   Code   RO        12111    x$fpl$dfltu         fz_wm.l(dflt_clz.o)
    0x0801549a   0x00000002   PAD
    0x0801549c   0x00000078   Code   RO        12117    x$fpl$dleqf         fz_wm.l(dleqf.o)
    0x08015514   0x00000154   Code   RO        12119    x$fpl$dmul          fz_wm.l(dmul.o)
    0x08015668   0x0000009c   Code   RO        12306    x$fpl$dnaninf       fz_wm.l(dnaninf.o)
    0x08015704   0x0000000c   Code   RO        12308    x$fpl$dretinf       fz_wm.l(dretinf.o)
    0x08015710   0x0000006c   Code   RO        12121    x$fpl$drleqf        fz_wm.l(drleqf.o)
    0x0801577c   0x00000016   Code   RO        12094    x$fpl$drsb          fz_wm.l(daddsub_clz.o)
    0x08015792   0x00000002   PAD
    0x08015794   0x00000198   Code   RO        12310    x$fpl$dsqrt         fz_wm.l(dsqrt_umaal.o)
    0x0801592c   0x000001d4   Code   RO        12095    x$fpl$dsub          fz_wm.l(daddsub_clz.o)
    0x08015b00   0x00000056   Code   RO        12123    x$fpl$f2d           fz_wm.l(f2d.o)
    0x08015b56   0x00000060   Code   RO        12125    x$fpl$ffltll        fz_wm.l(ffltll_clz.o)
    0x08015bb6   0x0000008c   Code   RO        12312    x$fpl$fnaninf       fz_wm.l(fnaninf.o)
    0x08015c42   0x0000000a   Code   RO        12492    x$fpl$fpinit        fz_wm.l(fpinit.o)
    0x08015c4c   0x0000000a   Code   RO        12314    x$fpl$fretinf       fz_wm.l(fretinf.o)
    0x08015c56   0x00000000   Code   RO        12318    x$fpl$usenofp       fz_wm.l(usenofp.o)
    0x08015c56   0x00000002   PAD
    0x08015c58   0x00000048   Data   RO          535    .constdata          thread_gps.o
    0x08015ca0   0x0000004c   Data   RO         1115    .constdata          thread_imu.o
    0x08015cec   0x0000005b   Data   RO         1693    .constdata          ekf7_odom_mu.o
    0x08015d47   0x00000001   PAD
    0x08015d48   0x0000003d   Data   RO         1718    .constdata          ekf7_tu.o
    0x08015d85   0x00000010   Data   RO         1794    .constdata          mu_att_ekf.o
    0x08015d95   0x00000010   Data   RO         1860    .constdata          tu_att_ekf.o
    0x08015da5   0x00004753   Data   RO         2542    .constdata          lcd.o
    0x0801a4f8   0x00000085   Data   RO         2743    .constdata          serial.o
    0x0801a57d   0x00000013   Data   RO         2851    .constdata          key.o
    0x0801a590   0x00000833   Data   RO         3126    .constdata          lcd12864_io_spi.o
    0x0801adc3   0x0000023a   Data   RO         3127    .constdata          lcd12864_io_spi.o
    0x0801affd   0x00000070   Data   RO         3129    .constdata          lcd12864_io_spi.o
    0x0801b06d   0x00000028   Data   RO         3134    .constdata          lcd12864_io_spi.o
    0x0801b095   0x0000000c   Data   RO         9732    .constdata          cmd.o
    0x0801b0a1   0x0000000c   Data   RO         9733    .constdata          cmd.o
    0x0801b0ad   0x0000000c   Data   RO         9748    .constdata          cmd.o
    0x0801b0b9   0x00000016   Data   RO         9749    .constdata          cmd.o
    0x0801b0cf   0x00000001   PAD
    0x0801b0d0   0x0000004c   Data   RO         9754    .constdata          cmd.o
    0x0801b11c   0x000000c4   Data   RO        10179    .constdata          finsh_ops.o
    0x0801b1e0   0x00000040   Data   RO        10543    .constdata          finsh_token.o
    0x0801b220   0x00000060   Data   RO        10723    .constdata          shell.o
    0x0801b280   0x000000a8   Data   RO        10855    .constdata          device.o
    0x0801b328   0x00000016   Data   RO        10929    .constdata          idle.o
    0x0801b33e   0x000001d7   Data   RO        11008    .constdata          ipc.o
    0x0801b515   0x00000122   Data   RO        11289    .constdata          kservice.o
    0x0801b637   0x00000009   Data   RO        11463    .constdata          mem.o
    0x0801b640   0x0000001e   Data   RO        11464    .constdata          mem.o
    0x0801b65e   0x00000046   Data   RO        11465    .constdata          mem.o
    0x0801b6a4   0x0000003e   Data   RO        11541    .constdata          mempool.o
    0x0801b6e2   0x0000005e   Data   RO        11618    .constdata          object.o
    0x0801b740   0x0000004e   Data   RO        11716    .constdata          scheduler.o
    0x0801b78e   0x000000aa   Data   RO        11803    .constdata          thread.o
    0x0801b838   0x0000005c   Data   RO        11915    .constdata          timer.o
    0x0801b894   0x00000028   Data   RO        12026    .constdata          c_w.l(_printf_hex_int.o)
    0x0801b8bc   0x00000004   PAD
    0x0801b8c0   0x00000050   Data   RO        12142    .constdata          m_wm.l(asin.o)
    0x0801b910   0x00000098   Data   RO        12156    .constdata          m_wm.l(atan.o)
    0x0801b9a8   0x00000030   Data   RO        12320    .constdata          m_wm.l(cos_i.o)
    0x0801b9d8   0x00000008   Data   RO        12356    .constdata          m_wm.l(qnan.o)
    0x0801b9e0   0x000000c8   Data   RO        12359    .constdata          m_wm.l(rred.o)
    0x0801baa8   0x00000028   Data   RO        12363    .constdata          m_wm.l(sin_i.o)
    0x0801bad0   0x00000095   Data   RO          177    .conststring        application.o
    0x0801bb65   0x00000003   PAD
    0x0801bb68   0x0000019d   Data   RO         9755    .conststring        cmd.o
    0x0801bd05   0x00000003   PAD
    0x0801bd08   0x000000f3   Data   RO         9965    .conststring        finsh_error.o
    0x0801bdfb   0x00000001   PAD
    0x0801bdfc   0x0000003e   Data   RO        10544    .conststring        finsh_token.o
    0x0801be3a   0x00000002   PAD
    0x0801be3c   0x000000ed   Data   RO        11466    .conststring        mem.o
    0x0801bf29   0x00000003   PAD
    0x0801bf2c   0x0000000c   Data   RO         9759    FSymTab             cmd.o
    0x0801bf38   0x0000000c   Data   RO         9767    FSymTab             cmd.o
    0x0801bf44   0x0000000c   Data   RO        11468    FSymTab             mem.o
    0x0801bf50   0x00000020   Data   RO        12548    Region$$Table       anon$$obj.o
    0x0801bf70   0x00000110   Data   RO        12405    locale$$data        c_w.l(lc_ctype_c.o)


    Execution Region RW_IRAM1 (Base: 0x20000000, Size: 0x00008190, Max: 0x00030000, ABSOLUTE, COMPRESSED[0x00000234])

    Base Addr    Size         Type   Attr      Idx    E Section Name        Object

    0x20000000   0x00000014   Data   RW           16    .data               system_stm32f4xx.o
    0x20000014   0x00000002   Data   RW          178    .data               application.o
    0x20000016   0x00000002   PAD
    0x20000018   0x0000000c   Data   RW          399    .data               stm32f4xx_it.o
    0x20000024   0x000000cc   Data   RW          536    .data               thread_gps.o
    0x200000f0   0x0000000c   Data   RW          692    .data               thread_key.o
    0x200000fc   0x00000008   Data   RW          759    .data               thread_ui.o
    0x20000104   0x00000004   Data   RW          874    .data               mower_common.o
    0x20000108   0x00000001   Data   RW          875    .data               mower_common.o
    0x20000109   0x00000534   Data   RW         1041    .data               menu.o
    0x2000063d   0x00000003   PAD
    0x20000640   0x0000005c   Data   RW         1116    .data               thread_imu.o
    0x2000069c   0x00000004   Data   RW         1118    .data               thread_imu.o
    0x200006a0   0x00000008   Data   RW         2049    .data               odom_preprocessing.o
    0x200006a8   0x00000054   Data   RW         2543    .data               lcd.o
    0x200006fc   0x00000018   Data   RW         2812    .data               usart.o
    0x20000714   0x00000018   Data   RW         2852    .data               key.o
    0x2000072c   0x00000003   Data   RW         2913    .data               bumper_front.o
    0x2000072f   0x00000003   Data   RW         3033    .data               wheel_up.o
    0x20000732   0x00000006   PAD
    0x20000738   0x00000040   Data   RW         3282    .data               time_control.o
    0x20000778   0x0000000c   Data   RW         3386    .data               hardware.o
    0x20000784   0x00000004   Data   RW         3387    .data               hardware.o
    0x20000788   0x00000004   Data   RW         3388    .data               hardware.o
    0x2000078c   0x00000008   Data   RW         3620    .data               beep.o
    0x20000794   0x00000034   Data   RW         3721    .data               encoder.o
    0x200007c8   0x00000008   Data   RW         4103    .data               ist8310.o
    0x200007d0   0x00000008   Data   RW         4150    .data               ist83102.o
    0x200007d8   0x00000040   Data   RW         4603    .data               sonar.o
    0x20000818   0x0000000c   Data   RW         4685    .data               usart_driver.o
    0x20000824   0x00000010   Data   RW         7482    .data               stm32f4xx_rcc.o
    0x20000834   0x00000004   Data   RW         9631    .data               cpuport.o
    0x20000838   0x00000004   Data   RW         9632    .data               cpuport.o
    0x2000083c   0x00000004   Data   RW         9633    .data               cpuport.o
    0x20000840   0x00000004   Data   RW         9634    .data               cpuport.o
    0x20000844   0x00000008   Data   RW         9917    .data               finsh_compiler.o
    0x2000084c   0x00000040   Data   RW         9966    .data               finsh_error.o
    0x2000088c   0x00000008   Data   RW        10002    .data               finsh_heap.o
    0x20000894   0x00000004   Data   RW        10607    .data               finsh_var.o
    0x20000898   0x0000000c   Data   RW        10657    .data               finsh_vm.o
    0x200008a4   0x00000004   Data   RW        10724    .data               shell.o
    0x200008a8   0x00000004   Data   RW        10789    .data               symbol.o
    0x200008ac   0x00000004   Data   RW        10790    .data               symbol.o
    0x200008b0   0x00000004   Data   RW        10791    .data               symbol.o
    0x200008b4   0x00000004   Data   RW        10792    .data               symbol.o
    0x200008b8   0x00000004   Data   RW        10810    .data               clock.o
    0x200008bc   0x00000004   Data   RW        10930    .data               idle.o
    0x200008c0   0x00000001   Data   RW        11232    .data               irq.o
    0x200008c1   0x00000003   PAD
    0x200008c4   0x00000008   Data   RW        11290    .data               kservice.o
    0x200008cc   0x00000020   Data   RW        11467    .data               mem.o
    0x200008ec   0x00000008   Data   RW        11542    .data               mempool.o
    0x200008f4   0x000000a4   Data   RW        11619    .data               object.o
    0x20000998   0x00000018   Data   RW        11717    .data               scheduler.o
    0x200009b0   0x00000010   Data   RW        11916    .data               timer.o
    0x200009c0   0x00000138   Zero   RW          532    .bss                thread_gps.o
    0x20000af8   0x00000c00   Zero   RW          533    .bss                thread_gps.o
    0x200016f8   0x00000080   Zero   RW          534    .bss                thread_gps.o
    0x20001778   0x00000820   Zero   RW          755    .bss                thread_ui.o
    0x20001f98   0x00000200   Zero   RW          757    .bss                thread_ui.o
    0x20002198   0x00000080   Zero   RW          758    .bss                thread_ui.o
    0x20002218   0x00000020   Zero   RW          869    .bss                mower_common.o
    0x20002238   0x00000020   Zero   RW          870    .bss                mower_common.o
    0x20002258   0x0000000c   Zero   RW          871    .bss                mower_common.o
    0x20002264   0x00000140   Zero   RW         1040    .bss                menu.o
    0x200023a4   0x00000198   Zero   RW         1112    .bss                thread_imu.o
    0x2000253c   0x00000004   PAD
    0x20002540   0x00000800   Zero   RW         1113    .bss                thread_imu.o
    0x20002d40   0x00000080   Zero   RW         1114    .bss                thread_imu.o
    0x20002dc0   0x00000400   Zero   RW         1258    .bss                thread_monitor.o
    0x200031c0   0x00000080   Zero   RW         1259    .bss                thread_monitor.o
    0x20003240   0x00000400   Zero   RW         1287    .bss                thread_motion.o
    0x20003640   0x00000080   Zero   RW         1288    .bss                thread_motion.o
    0x200036c0   0x00000200   Zero   RW         1430    .bss                thread_border_detect.o
    0x200038c0   0x00000080   Zero   RW         1431    .bss                thread_border_detect.o
    0x20003940   0x00000200   Zero   RW         1458    .bss                thread_wireless.o
    0x20003b40   0x00000080   Zero   RW         1459    .bss                thread_wireless.o
    0x20003bc0   0x00000108   Zero   RW         1585    .bss                motor_control.o
    0x20003cc8   0x00000400   Zero   RW         2372    .bss                thread_updata.o
    0x200040c8   0x00000080   Zero   RW         2373    .bss                thread_updata.o
    0x20004148   0x0000005c   Zero   RW         2540    .bss                lcd.o
    0x200041a4   0x00000040   Zero   RW         2541    .bss                lcd.o
    0x200041e4   0x00000108   Zero   RW         2809    .bss                usart.o
    0x200042ec   0x00000080   Zero   RW         2810    .bss                usart.o
    0x2000436c   0x00000108   Zero   RW         2811    .bss                usart.o
    0x20004474   0x00000040   Zero   RW         2849    .bss                key.o
    0x200044b4   0x0000002c   Zero   RW         3280    .bss                time_control.o
    0x200044e0   0x0000002c   Zero   RW         3281    .bss                time_control.o
    0x2000450c   0x0000000c   Zero   RW         3381    .bss                hardware.o
    0x20004518   0x00000010   Zero   RW         3382    .bss                hardware.o
    0x20004528   0x00000034   Zero   RW         3383    .bss                hardware.o
    0x2000455c   0x00000094   Zero   RW         3384    .bss                hardware.o
    0x200045f0   0x00000018   Zero   RW         3385    .bss                hardware.o
    0x20004608   0x0000001e   Zero   RW         3513    .bss                adc.o
    0x20004626   0x00000002   PAD
    0x20004628   0x00000018   Zero   RW         4206    .bss                motor.o
    0x20004640   0x0000001c   Zero   RW         4380    .bss                mpu6500_spi.o
    0x2000465c   0x000000c8   Zero   RW         4684    .bss                usart_driver.o
    0x20004724   0x00000004   PAD
    0x20004728   0x00000080   Zero   RW        10001    .bss                finsh_heap.o
    0x200047a8   0x00000140   Zero   RW        10082    .bss                finsh_node.o
    0x200048e8   0x000000c0   Zero   RW        10606    .bss                finsh_var.o
    0x200049a8   0x00000180   Zero   RW        10656    .bss                finsh_vm.o
    0x20004b28   0x00000880   Zero   RW        10722    .bss                shell.o
    0x200053a8   0x00000480   Zero   RW        10928    .bss                idle.o
    0x20005828   0x000000e4   Zero   RW        11288    .bss                kservice.o
    0x2000590c   0x00000020   Zero   RW        11462    .bss                mem.o
    0x2000592c   0x00000100   Zero   RW        11715    .bss                scheduler.o
    0x20005a2c   0x00000060   Zero   RW        12369    .bss                c_w.l(libspace.o)
    0x20005a8c   0x00000004   PAD
    0x20005a90   0x00000200   Zero   RW            2    HEAP                startup_stm32f429_439xx.o
    0x20005c90   0x00002500   Zero   RW            1    STACK               startup_stm32f429_439xx.o


==============================================================================

Image component sizes


      Code (inc. data)   RO Data    RW Data    ZI Data      Debug   Object Name

       444         34          0          0         30       3231   adc.o
      1198        310        149          2          0       9779   application.o
       176         18          0          8          0       2779   beep.o
       166         18          0          0          0      30733   board.o
       164         18          0          3          0       2625   bumper_front.o
        58         12          0          4          0       1947   clock.o
       948        284        571          0          0      13737   cmd.o
       272         24          0          0          0        884   context_rvds.o
       324        166          0         16          0       3826   cpuport.o
       108          0          0          0          0       1446   delay.o
       924        348        168          0          0       9342   device.o
      1636         16         91          0          0       4207   ekf7_odom_mu.o
      1348          8         61          0          0       3758   ekf7_tu.o
       610        104          0         52          0       5834   encoder.o
       202          0          0          0          0        876   eul2quatf.o
         0          0          0          0          0        752   filter.o
      2100        104          0          8          0      10810   finsh_compiler.o
        48         18        243         64          0       3215   finsh_error.o
       444         26          0          8        128       5991   finsh_heap.o
        56          6          0          0          0       2432   finsh_init.o
       336         10          0          0        320       6962   finsh_node.o
      1742        296        196          0          0      30430   finsh_ops.o
      1902         32          0          0          0      18463   finsh_parser.o
      1266         16        126          0          0      10318   finsh_token.o
       256         30          0          4        192       8534   finsh_var.o
       136         24          0         12        384       7543   finsh_vm.o
      1128         52          0          0          0       3741   hampel.o
       722        110          0         20        252       5920   hardware.o
       324        106         22          4       1152       4222   idle.o
       634         28          0          0          0       8182   iic.o
       634         28          0          0          0       8226   iic2.o
      1642        496        471          0          0      35484   ipc.o
        68         18          0          1          0       2386   irq.o
       336         10          0          8          0       4342   ist8310.o
       336          8          0          8          0       4360   ist83102.o
       966        428         19         24         64       6623   key.o
      1886        330        290          8        228      16073   kservice.o
      5812        200      18259         84        156      16088   lcd.o
      1000         76       2821          0          0      11998   lcd12864_io_spi.o
       288          4          0          0          0       1742   map_ellipse_mapping.o
        22          0          0          0          0       1254   math_custom.o
      1780        722        358         32         32       7936   mem.o
       576        160         62          8          0       6320   mempool.o
       496        126          0       1332        320       4844   menu.o
       504        216          0          0          0       3511   misc.o
       448         34          0          0          0       2844   motion_control.o
       516          8          0          0          0      10290   motion_imu.o
        16          0          0          0          0       2076   motion_mag_line.o
       200         20          0          0          0       2670   motion_sense.o
      1006         84          0          0         24       9402   motor.o
       244         22          0          0        264       4209   motor_control.o
       160          8          0          5         76       4110   mower_common.o
       824         40          0          0          0       2691   mower_hw_config.o
       744         46          0          0         28       6590   mpu6500_spi.o
         0          0          0          0          0        892   msh.o
      1770        106         16          0          0       5328   mu_att_ekf.o
       758        310         94        164          0       8457   object.o
        80          4          0          8          0        881   odom_preprocessing.o
       136         22          0          0          0        669   power.o
       358          0          0          0          0        980   quat2eulf.o
        26          4          0          0          0       1112   rainbow_led.o
       820        314         78         24        256       7906   scheduler.o
      2296         20          0          0          0       3820   send_data.o
      1034        322        133          0          0       9885   serial.o
      1884        414         96          4       2176      10131   shell.o
       670         42          0         64          0       7630   sonar.o
       202         96          0          0          0       2355   startup.o
        72         30        428          0       9984        964   startup_stm32f429_439xx.o
      1652        516          0          0          0       7283   stm32f4xx_adc.o
       888        144          0          0          0       3121   stm32f4xx_dma.o
       560        196          0          0          0       2940   stm32f4xx_exti.o
      1976        740          0          0          0       6773   stm32f4xx_gpio.o
       384         50          0         12          0      12330   stm32f4xx_it.o
       880        414          0         16          0       8206   stm32f4xx_rcc.o
      1328        522          0          0          0       5707   stm32f4xx_spi.o
       232         66          0          0          0        932   stm32f4xx_syscfg.o
      4244       1564          0          0          0      15724   stm32f4xx_tim.o
      2100        710          0          0          0       7597   stm32f4xx_usart.o
         0          0          0         16          0       4317   symbol.o
       424         54          0         20          0     355053   system_stm32f4xx.o
      1528        546        170          0          0      14241   thread.o
        32          4          0          0        640       1577   thread_border_detect.o
      1436        120         72        204       3512       5850   thread_gps.o
      1822        162         76         96       2584       7618   thread_imu.o
        20          4          0         12          0       3853   thread_key.o
        72         28          0          0       1152       1577   thread_monitor.o
       364         24          0          0       1152       9956   thread_motion.o
      1412        140          0          8       2720      12169   thread_ui.o
        44          4          0          0       1152       1582   thread_updata.o
        28          4          0          0        640       1496   thread_wireless.o
       706         90          0         64         88       8875   time_control.o
      1154        346         92         16          0      12317   timer.o
       864          8         16          0          0       2821   tu_att_ekf.o
       344         40          0         24        656       2025   usart.o
      1292         74          0         12        200       7515   usart_driver.o
       160         16          0          3          0       2541   wheel_up.o

    ----------------------------------------------------------------------
     76302      13572      25224       2496      30572     985594   Object Totals
         0          0         32          0          0          0   (incl. Generated)
        74          0         14         14         10          0   (incl. Padding)

    ----------------------------------------------------------------------

      Code (inc. data)   RO Data    RW Data    ZI Data      Debug   Library Member Name

        90          0          0          0          0          0   __dczerorl2.o
         8          0          0          0          0         68   __main.o
       284          0          0          0          0        156   __printf_wp.o
         0          0          0          0          0          0   __rtentry.o
        12          0          0          0          0          0   __rtentry2.o
         6          0          0          0          0          0   __rtentry4.o
        52          8          0          0          0          0   __scatter.o
        28          0          0          0          0          0   __scatter_zi.o
        28          0          0          0          0         68   _chval.o
        44          0          0          0          0        108   _printf_char.o
        48          6          0          0          0         96   _printf_char_common.o
         6          0          0          0          0          0   _printf_d.o
       120         16          0          0          0         92   _printf_dec.o
        88          4         40          0          0         88   _printf_hex_int.o
       178          0          0          0          0         88   _printf_intcommon.o
        78          0          0          0          0        108   _printf_pad.o
         0          0          0          0          0          0   _printf_percent.o
         4          0          0          0          0          0   _printf_percent_end.o
         6          0          0          0          0          0   _printf_s.o
        82          0          0          0          0         80   _printf_str.o
         6          0          0          0          0          0   _printf_x.o
        22          0          0          0          0        100   _rserrno.o
        10          0          0          0          0         68   _sputc.o
       158          0          0          0          0         92   _strtoul.o
        26          0          0          0          0         80   atoi.o
        18          0          0          0          0         80   exit.o
         6          0          0          0          0        152   heapauxi.o
         0          0          0          0          0          0   indicate_semi.o
        44         10        272          0          0         76   lc_ctype_c.o
         2          0          0          0          0          0   libinit.o
        24          0          0          0          0          0   libinit2.o
         2          0          0          0          0          0   libshutdown.o
         2          0          0          0          0          0   libshutdown2.o
         8          4          0          0         96         68   libspace.o
       238          0          0          0          0        100   lludivv7m.o
        40          6          0          0          0         84   noretval__2sprintf.o
        16          4          0          0          0         76   rt_ctype_table.o
         8          4          0          0          0         68   rt_errno_addr_intlibspace.o
         8          4          0          0          0         68   rt_locale_intlibspace.o
        68          0          0          0          0         68   rt_memclr.o
        78          0          0          0          0         80   rt_memclr_w.o
       138          0          0          0          0         68   rt_memcpy_v6.o
       100          0          0          0          0         80   rt_memcpy_w.o
         2          0          0          0          0          0   rtexit.o
        10          0          0          0          0          0   rtexit2.o
       128          0          0          0          0         68   strcmpv7m.o
        62          0          0          0          0         76   strlen.o
       150          0          0          0          0         80   strncmp.o
        86          0          0          0          0         76   strncpy.o
       112          0          0          0          0         88   strtol.o
        12          4          0          0          0         68   sys_exit.o
        74          0          0          0          0         80   sys_stackheap_outer.o
         2          0          0          0          0         68   use_no_semi.o
        24          0          0          0          0        164   basic.o
        98          4          0          0          0        140   d2f.o
       826         16          0          0          0        492   daddsub_clz.o
        24          0          0          0          0        116   dcmpi.o
       688        140          0          0          0        256   ddiv.o
        94          4          0          0          0        140   dfix.o
        84          0          0          0          0        232   dflt_clz.o
       120          4          0          0          0        140   dleqf.o
       340         12          0          0          0        152   dmul.o
       156          4          0          0          0        140   dnaninf.o
        12          0          0          0          0        116   dretinf.o
       108          0          0          0          0        128   drleqf.o
       408         56          0          0          0        168   dsqrt_umaal.o
        86          4          0          0          0        132   f2d.o
        96          0          0          0          0        132   ffltll_clz.o
       140          4          0          0          0        132   fnaninf.o
        10          0          0          0          0        116   fpinit.o
        10          0          0          0          0        116   fretinf.o
         0          0          0          0          0          0   usenofp.o
       280         46          0          0          0        176   acosf.o
       864         94         80          0          0        280   asin.o
       744        106        152          0          0        352   atan.o
       496         64          0          0          0        192   atan2.o
       592         90          0          0          0        184   atan2f.o
       200         20          0          0          0        164   cos.o
       368         46         48          0          0        200   cos_i.o
       104         16          0          0          0        496   dunder.o
        24          0          0          0          0        124   fabs.o
       280         28          0          0          0        156   floor.o
        48          0          0          0          0        124   fpclassify.o
        38          0          0          0          0        116   fpclassifyf.o
        44         12          0          0          0        464   funder.o
       248          0          0          0          0        152   poly.o
         0          0          8          0          0          0   qnan.o
      1080        142        200          0          0        188   rred.o
       200         20          0          0          0        164   sin.o
       304         24         40          0          0        208   sin_i.o
       232          0          0          0          0        296   sqrt.o
       120          0          0          0          0        272   sqrtf.o

    ----------------------------------------------------------------------
     12446       1030        844          0        100      10284   Library Totals
        34          4          4          0          4          0   (incl. Padding)

    ----------------------------------------------------------------------

      Code (inc. data)   RO Data    RW Data    ZI Data      Debug   Library Name

      2822         70        312          0         96       2964   c_w.l
      3324        248          0          0          0       3012   fz_wm.l
      6266        708        528          0          0       4308   m_wm.l

    ----------------------------------------------------------------------
     12446       1030        844          0        100      10284   Library Totals

    ----------------------------------------------------------------------

==============================================================================


      Code (inc. data)   RO Data    RW Data    ZI Data      Debug   

     88748      14602      26068       2496      30672     936614   Grand Totals
     88748      14602      26068        564      30672     936614   ELF Image Totals (compressed)
     88748      14602      26068        564          0          0   ROM Totals

==============================================================================

    Total RO  Size (Code + RO Data)               114816 ( 112.13kB)
    Total RW  Size (RW Data + ZI Data)             33168 (  32.39kB)
    Total ROM Size (Code + RO Data + RW Data)     115380 ( 112.68kB)

==============================================================================

